Microchip MPLAB XC8 Compiler V1.33 ()

Linker command line:

-W-3 --edf=C:\Program Files (x86)\Microchip\xc8\v1.33\dat\en_msgs.txt -cs \
  -h+dist/default/production\RemCtrlPIC.X.production.sym \
  --cmf=dist/default/production\RemCtrlPIC.X.production.cmf -z -Q18F4550 \
  -oC:\Users\CARLOS~1\AppData\Local\Temp\s9ac.6 \
  -Mdist/default/production/RemCtrlPIC.X.production.map -E1 -ver=XC8 \
  -ASTACK=0EEh-07ffh -pstack=STACK -ACODE=020h-07D00h -ACONST=020h-07D00h \
  -ASMALLCONST=0800h-08FFhx117,07D00h-07D00h -AMEDIUMCONST=0800h-07D00h \
  -ACOMRAM=01h-05Fh -AABS1=00h-07FFh -ABIGRAM=01h-07FFh \
  -ARAM=060h-0FFh,0100h-01FFhx7 -ABANK0=060h-0FFh -ABANK1=0100h-01FFh \
  -ABANK2=0200h-02FFh -ABANK3=0300h-03FFh -ABANK4=0400h-04FFh \
  -ABANK5=0500h-05FFh -ABANK6=0600h-06FFh -ABANK7=0700h-07FFh \
  -ASFR=0F60h-0FFFh \
  -preset_vec=00h,intcode=08h,intcodelo,powerup,init,end_init \
  -pramtop=0800h -psmallconst=SMALLCONST -pmediumconst=MEDIUMCONST \
  -pconst=CONST -AFARRAM=00h-00h -ACONFIG=0300000h-030000Dh -pconfig=CONFIG \
  -AIDLOC=0200000h-0200007h -pidloc=IDLOC -AEEDATA=0F00000h-0F000FFh \
  -peeprom_data=EEDATA \
  -prdata=COMRAM,nvrram=COMRAM,nvbit=COMRAM,rbss=COMRAM,rbit=COMRAM \
  -pfarbss=FARRAM,fardata=FARRAM,nvFARRAM=FARRAM \
  -pintsave_regs=BIGRAM,bigbss=BIGRAM,bigdata=BIGRAM -pbss=RAM \
  -pidata=CODE,irdata=CODE,ibigdata=CODE,ifardata=CODE \
  C:\Users\CARLOS~1\AppData\Local\Temp\s9ac.obj \
  dist/default/production\RemCtrlPIC.X.production.obj 

Object code version is 3.11

Machine type is 18F4550

Call graph: (short form)




                Name                               Link     Load   Length Selector   Space Scale
C:\Users\CARLOS~1\AppData\Local\Temp\s9ac.obj
                end_init                             18       18        4        4       0
                reset_vec                             0        0        4        0       0
                idloc                            200000   200000        8   200000       0
                config                           300000   300000        E   300000       0
dist/default/production\RemCtrlPIC.X.production.obj
                intcode                               8        8       10        4       0
                mediumconst                        7AC8     7AC8      238     3D64       0
                text26                             749A     749A       12     3A4D       0
                intcode_body                       77E2     77E2       8E     3BF1       0
                text24                             74BE     74BE       16     3A5F       0
                text23                             7870     7870      12C     3C38       0
                text22                             76D2     76D2       88     3B69       0
                text21                             7452     7452        C     3A29       0
                text20                             775A     775A       88     3BAD       0
                text19                             745E     745E        C     3A2F       0
                text18                             75BC     75BC       42     3ADE       0
                text17                             7424     7424        6     3A12       0
                text16                             741C     741C        4     3A0E       0
                text15                             742A     742A        6     3A15       0
                text14                             7420     7420        4     3A10       0
                text13                             7436     7436        8     3A1B       0
                text12                             74F0     74F0       20     3A78       0
                text11                             74AC     74AC       12     3A56       0
                text10                             74D4     74D4       1C     3A6A       0
                text9                              7430     7430        6     3A18       0
                text8                              7510     7510       26     3A88       0
                text7                              758A     758A       32     3AC5       0
                text6                              743E     743E        A     3A1F       0
                text5                              7478     7478       10     3A3C       0
                text4                              7536     7536       2A     3A9B       0
                text3                              7660     7660       72     3B30       0
                text2                              799C     799C      12C     3CCE       0
                text1                              7560     7560       2A     3AB0       0
                text0                              746A     746A        E     3A35       0
                cstackCOMRAM                         27       27       1A        1       1
                cstackBANK0                          C5       C5       14       60       1
                dataBANK0                            D9       D9       11       60       1
                bssBANK0                             60       60       65       60       1
                dataCOMRAM                           41       41        A        1       1
                bssCOMRAM                             1        1       26        1       1
                cinit                              75FE     75FE       62     3AFF       0
                nvBANK0                              EA       EA        4       60       1
                idataBANK0                         7489     7489       11     7489       0
                idataCOMRAM                        7448     7448        A     7448       0

TOTAL           Name                               Link     Load   Length     Space
        CLASS   STACK          

        CLASS   CODE           
                end_init                             18       18        4         0
                intcode                               8        8       10         0
                reset_vec                             0        0        4         0
                text26                             749A     749A       12         0
                intcode_body                       77E2     77E2       8E         0
                text24                             74BE     74BE       16         0
                text23                             7870     7870      12C         0
                text22                             76D2     76D2       88         0
                text21                             7452     7452        C         0
                text20                             775A     775A       88         0
                text19                             745E     745E        C         0
                text18                             75BC     75BC       42         0
                text17                             7424     7424        6         0
                text16                             741C     741C        4         0
                text15                             742A     742A        6         0
                text14                             7420     7420        4         0
                text13                             7436     7436        8         0
                text12                             74F0     74F0       20         0
                text11                             74AC     74AC       12         0
                text10                             74D4     74D4       1C         0
                text9                              7430     7430        6         0
                text8                              7510     7510       26         0
                text7                              758A     758A       32         0
                text6                              743E     743E        A         0
                text5                              7478     7478       10         0
                text4                              7536     7536       2A         0
                text3                              7660     7660       72         0
                text2                              799C     799C      12C         0
                text1                              7560     7560       2A         0
                text0                              746A     746A        E         0
                cinit                              75FE     75FE       62         0
                idataBANK0                         7489     7489       11         0
                idataCOMRAM                        7448     7448        A         0

        CLASS   CONST          

        CLASS   SMALLCONST     

        CLASS   MEDIUMCONST    
                mediumconst                        7AC8     7AC8      238         0

        CLASS   COMRAM         
                cstackCOMRAM                         27       27       1A         1
                dataCOMRAM                           41       41        A         1
                bssCOMRAM                             1        1       26         1

        CLASS   ABS1           

        CLASS   BIGRAM         

        CLASS   RAM            

        CLASS   BANK0          
                cstackBANK0                          C5       C5       14         1
                dataBANK0                            D9       D9       11         1
                bssBANK0                             60       60       65         1
                nvBANK0                              EA       EA        4         1

        CLASS   BANK1          

        CLASS   BANK2          

        CLASS   BANK3          

        CLASS   BANK4          

        CLASS   BANK5          

        CLASS   BANK6          

        CLASS   BANK7          

        CLASS   SFR            

        CLASS   FARRAM         

        CLASS   CONFIG         
                config                           300000   300000        E         0

        CLASS   IDLOC          
                idloc                            200000   200000        8         0

        CLASS   EEDATA         



SEGMENTS        Name                           Load    Length   Top    Selector   Space  Class

                reset_vec                      000000  000004  000004         0       0  CODE    
                bssCOMRAM                      000001  00004A  00004B         1       1  COMRAM  
                intcode                        000008  000014  00001C         4       0  CODE    
                bssBANK0                       000060  00008E  0000EE        60       1  BANK0   
                text16                         00741C  000004  007420      3A0E       0  CODE    
                text14                         007420  000004  007424      3A10       0  CODE    
                text17                         007424  000006  00742A      3A12       0  CODE    
                text15                         00742A  000006  007430      3A15       0  CODE    
                text9                          007430  000006  007436      3A18       0  CODE    
                text13                         007436  000008  00743E      3A1B       0  CODE    
                text6                          00743E  00000A  007448      3A1F       0  CODE    
                idataCOMRAM                    007448  00000A  007452      7448       0  CODE    
                text21                         007452  00000C  00745E      3A29       0  CODE    
                text19                         00745E  00000C  00746A      3A2F       0  CODE    
                text0                          00746A  00000E  007478      3A35       0  CODE    
                text5                          007478  000010  007488      3A3C       0  CODE    
                idataBANK0                     007489  000011  00749A      7489       0  CODE    
                text26                         00749A  000012  0074AC      3A4D       0  CODE    
                text11                         0074AC  000012  0074BE      3A56       0  CODE    
                text24                         0074BE  000016  0074D4      3A5F       0  CODE    
                text10                         0074D4  00001C  0074F0      3A6A       0  CODE    
                text12                         0074F0  000020  007510      3A78       0  CODE    
                text8                          007510  000026  007536      3A88       0  CODE    
                text4                          007536  00002A  007560      3A9B       0  CODE    
                text1                          007560  00002A  00758A      3AB0       0  CODE    
                text7                          00758A  000032  0075BC      3AC5       0  CODE    
                text18                         0075BC  000042  0075FE      3ADE       0  CODE    
                cinit                          0075FE  000062  007660      3AFF       0  CODE    
                text3                          007660  000072  0076D2      3B30       0  CODE    
                text22                         0076D2  000088  00775A      3B69       0  CODE    
                text20                         00775A  000088  0077E2      3BAD       0  CODE    
                intcode_body                   0077E2  00008E  007870      3BF1       0  CODE    
                text23                         007870  00012C  00799C      3C38       0  CODE    
                text2                          00799C  00012C  007AC8      3CCE       0  CODE    
                mediumconst                    007AC8  000238  007D00      3D64       0  MEDIUMCO
                idloc                          200000  000008  200008    200000       0  IDLOC   
                config                         300000  00000E  30000E    300000       0  CONFIG  


UNUSED ADDRESS RANGES

        Name                Unused          Largest block    Delta
        BANK0            0000EE-0000FF               12
        BANK1            000100-0001FF              100
        BANK2            000200-0002FF              100
        BANK3            000300-0003FF              100
        BANK4            000400-0004FF              100
        BANK5            000500-0005FF              100
        BANK6            000600-0006FF              100
        BANK7            000700-0007FF              100
        BIGRAM           00004B-00005F               15
                         0000EE-0007FF              712
        CODE             000020-00741B             73FC
                         007488-007488                1
                         007D00-007D00                1
        COMRAM           00004B-00005F               15
        CONST            000020-00741B             73FC
                         007488-007488                1
                         007D00-007D00                1
        EEDATA           F00000-F000FF              100
        MEDIUMCONST      000800-00741B             6C1C
                         007488-007488                1
                         007D00-007D00                1
        RAM              0000EE-0007FF              100
        SFR              000F60-000FFF               A0
        SMALLCONST       000800-00741B              100
                         007488-007488                1
                         007D00-007D00                1
        STACK            0000EE-0007FF              712

                                  Symbol Table

?___aldiv                      cstackCOMRAM 000039
Delay1KTCYx@unit               cstackCOMRAM 000039
OpenTimer0@config              cstackCOMRAM 000039
PBRead@pin                     cstackCOMRAM 000039
PWM1_Init@fre                  cstackBANK0  0000CB
PWM2_Init@fre                  cstackBANK0  0000CB
SerialBegin@baudRate           cstackBANK0  0000CB
SerialBegin@x                  cstackBANK0  0000D7
SerialWrite@dataWrite          cstackCOMRAM 000039
WriteTimer0@timer              cstackCOMRAM 00003B
WriteTimer0@timer0             cstackCOMRAM 000039
_ADCConfig                     text24       0074BE
_ADCON0                        (abs)        000FC2
_ADCON0bits                    (abs)        000FC2
_ADCON1                        (abs)        000FC1
_ADCON2                        (abs)        000FC0
_ADRESH                        (abs)        000FC4
_ADRESL                        (abs)        000FC3
_BRGH                          (abs)        007D62
_CCP1M2                        (abs)        007DEA
_CCP1M3                        (abs)        007DEB
_CCP2M2                        (abs)        007DD2
_CCP2M3                        (abs)        007DD3
_CCPConfig                     text18       0075BC
_CCPR1L                        (abs)        000FBE
_CCPR2L                        (abs)        000FBB
_CREN                          (abs)        007D5C
_DC1B0                         (abs)        007DEC
_DC1B1                         (abs)        007DED
_DC2B0                         (abs)        007DD4
_DC2B1                         (abs)        007DD5
_Delay1KTCYx                   text5        007478
_Duty                          bssBANK0     000075
_INTCONbits                    (abs)        000FF2
_Kderivative                   bssCOMRAM    000001
_Kintegral                     bssBANK0     000068
_Kproportional                 bssCOMRAM    000004
_LATAbits                      (abs)        000F89
_LATBbits                      (abs)        000F8A
_LATCbits                      (abs)        000F8B
_LATDbits                      (abs)        000F8C
_OpenTimer0                    text12       0074F0
_PBRead                        text7        00758A
_PIE1bits                      (abs)        000F9D
_PORTAConfig                   text17       007424
_PORTAbits                     (abs)        000F80
_PORTBConfig                   text16       00741C
_PORTBbits                     (abs)        000F81
_PORTCConfig                   text15       00742A
_PORTCbits                     (abs)        000F82
_PORTD                         (abs)        000F83
_PORTDConfig                   text14       007420
_PORTDbits                     (abs)        000F83
_PORTEConfig                   text13       007436
_PORTEbits                     (abs)        000F84
_PR2                           (abs)        000FCB
_PWM1_Init                     text22       0076D2
_PWM1_Start                    text21       007452
_PWM2_Init                     text20       00775A
_PWM2_Start                    text19       00745E
_RCIF                          (abs)        007CF5
_RCREG                         (abs)        000FAE
_SPBRG                         (abs)        000FAF
_SPEN                          (abs)        007D5F
_SSPBUF                        (abs)        000FC9
_SSPCON1bits                   (abs)        000FC6
_SSPSTATbits                   (abs)        000FC7
_SYNC                          (abs)        007D64
_SalidaControl                 bssCOMRAM    000007
_SampleT                       bssCOMRAM    00000A
_SensorDosAzul                 bssCOMRAM    000019
_SensorDosRojo                 bssCOMRAM    00001A
_SensorDosVerde                bssCOMRAM    00001B
_SensorTresAzul                bssCOMRAM    00001C
_SensorTresRojo                bssCOMRAM    00001D
_SensorTresVerde               bssCOMRAM    00001E
_SensorUnoAzul                 bssCOMRAM    00001F
_SensorUnoRojo                 bssCOMRAM    000020
_SensorUnoVerde                bssCOMRAM    000021
_SerialBegin                   text2        00799C
_SerialBegin$3283              cstackBANK0  0000D3
_SerialWrite                   text6        00743E
_SetPoint                      bssCOMRAM    00000D
_T0CON                         (abs)        000FD5
_T0CONbits                     (abs)        000FD5
_T1CON                         (abs)        000FCD
_T1CONbits                     (abs)        000FCD
_T2CKPS0                       (abs)        007E50
_T2CKPS1                       (abs)        007E51
_TMR0                          (abs)        000FD6
_TMR0Config                    text10       0074D4
_TMR0H                         (abs)        000FD7
_TMR0L                         (abs)        000FD6
_TMR1Config                    text9        007430
_TMR1H                         (abs)        000FCF
_TMR1L                         (abs)        000FCE
_TMR2ON                        (abs)        007E52
_TRISA                         (abs)        000F92
_TRISA5                        (abs)        007C95
_TRISAbits                     (abs)        000F92
_TRISB                         (abs)        000F93
_TRISB0                        (abs)        007C98
_TRISB1                        (abs)        007C99
_TRISBbits                     (abs)        000F93
_TRISC                         (abs)        000F94
_TRISC1                        (abs)        007CA1
_TRISC2                        (abs)        007CA2
_TRISC6                        (abs)        007CA6
_TRISC7                        (abs)        007CA7
_TRISCbits                     (abs)        000F94
_TRISD                         (abs)        000F95
_TRISDbits                     (abs)        000F95
_TRISEbits                     (abs)        000F96
_TRMT                          (abs)        007D61
_TXEN                          (abs)        007D65
_TXREG                         (abs)        000FAD
_TerminalAzul                  bssCOMRAM    000022
_TerminalRojo                  bssCOMRAM    000023
_TerminalVerde                 bssCOMRAM    000024
_TiempoMs                      bssBANK0     000060
_TimerOverflow                 intcode      000008
_WriteTimer0                   text11       0074AC
__CFG_BOR$OFF                  (abs)        000000
__CFG_BORV$3                   (abs)        000000
__CFG_CCP2MX$ON                (abs)        000000
__CFG_CP0$OFF                  (abs)        000000
__CFG_CP1$OFF                  (abs)        000000
__CFG_CP2$OFF                  (abs)        000000
__CFG_CP3$OFF                  (abs)        000000
__CFG_CPB$OFF                  (abs)        000000
__CFG_CPD$OFF                  (abs)        000000
__CFG_CPUDIV$OSC1_PLL2         (abs)        000000
__CFG_EBTR0$OFF                (abs)        000000
__CFG_EBTR1$OFF                (abs)        000000
__CFG_EBTR2$OFF                (abs)        000000
__CFG_EBTR3$OFF                (abs)        000000
__CFG_EBTRB$OFF                (abs)        000000
__CFG_FCMEN$OFF                (abs)        000000
__CFG_FOSC$HSPLL_HS            (abs)        000000
__CFG_ICPRT$OFF                (abs)        000000
__CFG_IESO$OFF                 (abs)        000000
__CFG_LPT1OSC$OFF              (abs)        000000
__CFG_LVP$OFF                  (abs)        000000
__CFG_MCLRE$ON                 (abs)        000000
__CFG_PBADEN$OFF               (abs)        000000
__CFG_PLLDIV$5                 (abs)        000000
__CFG_PWRT$OFF                 (abs)        000000
__CFG_STVREN$ON                (abs)        000000
__CFG_USBDIV$1                 (abs)        000000
__CFG_VREGEN$OFF               (abs)        000000
__CFG_WDT$OFF                  (abs)        000000
__CFG_WDTPS$32768              (abs)        000000
__CFG_WRT0$OFF                 (abs)        000000
__CFG_WRT1$OFF                 (abs)        000000
__CFG_WRT2$OFF                 (abs)        000000
__CFG_WRT3$OFF                 (abs)        000000
__CFG_WRTB$OFF                 (abs)        000000
__CFG_WRTC$OFF                 (abs)        000000
__CFG_WRTD$OFF                 (abs)        000000
__CFG_XINST$OFF                (abs)        000000
__HRAM                         (abs)        000000
__Habs1                        abs1         000000
__Hbank0                       bank0        000000
__Hbank1                       bank1        000000
__Hbank2                       bank2        000000
__Hbank3                       bank3        000000
__Hbank4                       bank4        000000
__Hbank5                       bank5        000000
__Hbank6                       bank6        000000
__Hbank7                       bank7        000000
__Hbigbss                      bigbss       000000
__Hbigdata                     bigdata      000000
__Hbigram                      bigram       000000
__Hbss                         bss          000000
__HbssBANK0                    bssBANK0     000000
__HbssCOMRAM                   bssCOMRAM    000000
__Hcinit                       cinit        000000
__Hclrtext                     clrtext      000000
__Hcomram                      comram       000000
__Hconfig                      config       30000E
__Hconst                       const        000000
__HcstackBANK0                 cstackBANK0  000000
__HcstackCOMRAM                cstackCOMRAM 000000
__Hdata                        data         000000
__HdataBANK0                   dataBANK0    000000
__HdataCOMRAM                  dataCOMRAM   000000
__Heeprom_data                 eeprom_data  000000
__Hend_init                    end_init     00001C
__Hfarbss                      farbss       000000
__Hfardata                     fardata      000000
__Hibigdata                    ibigdata     000000
__Hidata                       idata        000000
__HidataBANK0                  idataBANK0   000000
__HidataCOMRAM                 idataCOMRAM  000000
__Hidloc                       idloc        200008
__Hifardata                    ifardata     000000
__Hinit                        init         000018
__Hintcode                     intcode      000018
__Hintcode_body                intcode_body 000000
__Hintcodelo                   intcodelo    000018
__Hintentry                    intentry     000000
__Hintret                      intret       000000
__Hintsave_regs                intsave_regs 000000
__Hirdata                      irdata       000000
__Hmediumconst                 mediumconst  007D00
__HnvBANK0                     nvBANK0      000000
__HnvFARRAM                    nvFARRAM     000000
__Hnvbit                       nvbit        000000
__Hnvrram                      nvrram       000000
__Hparam                       rparam       000000
__Hpowerup                     powerup      000018
__Hram                         ram          000000
__Hramtop                      ramtop       000800
__Hrbit                        rbit         000000
__Hrbss                        rbss         000000
__Hrdata                       rdata        000000
__Hreset_vec                   reset_vec    000004
__Hrparam                      rparam       000000
__Hsfr                         sfr          000000
__Hsmallconst                  smallconst   000000
__Hspace_0                     (abs)        30000E
__Hspace_1                     (abs)        0000EE
__Hspace_2                     (abs)        000000
__Hstack                       stack        000000
__Hstruct                      struct       000000
__Htemp                        temp         000000
__Htext                        text         000000
__Htext0                       text0        000000
__Htext1                       text1        000000
__Htext10                      text10       000000
__Htext11                      text11       000000
__Htext12                      text12       000000
__Htext13                      text13       000000
__Htext14                      text14       000000
__Htext15                      text15       000000
__Htext16                      text16       000000
__Htext17                      text17       000000
__Htext18                      text18       000000
__Htext19                      text19       000000
__Htext2                       text2        000000
__Htext20                      text20       000000
__Htext21                      text21       000000
__Htext22                      text22       000000
__Htext23                      text23       000000
__Htext24                      text24       000000
__Htext26                      text26       000000
__Htext3                       text3        000000
__Htext4                       text4        000000
__Htext5                       text5        000000
__Htext6                       text6        000000
__Htext7                       text7        000000
__Htext8                       text8        000000
__Htext9                       text9        000000
__LRAM                         (abs)        000001
__Labs1                        abs1         000000
__Lbank0                       bank0        000000
__Lbank1                       bank1        000000
__Lbank2                       bank2        000000
__Lbank3                       bank3        000000
__Lbank4                       bank4        000000
__Lbank5                       bank5        000000
__Lbank6                       bank6        000000
__Lbank7                       bank7        000000
__Lbigbss                      bigbss       000000
__Lbigdata                     bigdata      000000
__Lbigram                      bigram       000000
__Lbss                         bss          000000
__LbssBANK0                    bssBANK0     000000
__LbssCOMRAM                   bssCOMRAM    000000
__Lcinit                       cinit        000000
__Lclrtext                     clrtext      000000
__Lcomram                      comram       000000
__Lconfig                      config       300000
__Lconst                       const        000000
__LcstackBANK0                 cstackBANK0  000000
__LcstackCOMRAM                cstackCOMRAM 000000
__Ldata                        data         000000
__LdataBANK0                   dataBANK0    000000
__LdataCOMRAM                  dataCOMRAM   000000
__Leeprom_data                 eeprom_data  000000
__Lend_init                    end_init     000018
__Lfarbss                      farbss       000000
__Lfardata                     fardata      000000
__Libigdata                    ibigdata     000000
__Lidata                       idata        000000
__LidataBANK0                  idataBANK0   000000
__LidataCOMRAM                 idataCOMRAM  000000
__Lidloc                       idloc        200000
__Lifardata                    ifardata     000000
__Linit                        init         000018
__Lintcode                     intcode      000008
__Lintcode_body                intcode_body 000000
__Lintcodelo                   intcodelo    000018
__Lintentry                    intentry     000000
__Lintret                      intret       000000
__Lintsave_regs                intsave_regs 000000
__Lirdata                      irdata       000000
__Lmediumconst                 mediumconst  007AC8
__LnvBANK0                     nvBANK0      000000
__LnvFARRAM                    nvFARRAM     000000
__Lnvbit                       nvbit        000000
__Lnvrram                      nvrram       000000
__Lparam                       rparam       000000
__Lpowerup                     powerup      000018
__Lram                         ram          000000
__Lramtop                      ramtop       000800
__Lrbit                        rbit         000000
__Lrbss                        rbss         000000
__Lrdata                       rdata        000000
__Lreset_vec                   reset_vec    000000
__Lrparam                      rparam       000000
__Lsfr                         sfr          000000
__Lsmallconst                  smallconst   000000
__Lspace_0                     (abs)        000000
__Lspace_1                     (abs)        000000
__Lspace_2                     (abs)        000000
__Lstack                       stack        000000
__Lstruct                      struct       000000
__Ltemp                        temp         000000
__Ltext                        text         000000
__Ltext0                       text0        000000
__Ltext1                       text1        000000
__Ltext10                      text10       000000
__Ltext11                      text11       000000
__Ltext12                      text12       000000
__Ltext13                      text13       000000
__Ltext14                      text14       000000
__Ltext15                      text15       000000
__Ltext16                      text16       000000
__Ltext17                      text17       000000
__Ltext18                      text18       000000
__Ltext19                      text19       000000
__Ltext2                       text2        000000
__Ltext20                      text20       000000
__Ltext21                      text21       000000
__Ltext22                      text22       000000
__Ltext23                      text23       000000
__Ltext24                      text24       000000
__Ltext26                      text26       000000
__Ltext3                       text3        000000
__Ltext4                       text4        000000
__Ltext5                       text5        000000
__Ltext6                       text6        000000
__Ltext7                       text7        000000
__Ltext8                       text8        000000
__Ltext9                       text9        000000
__S0                           (abs)        30000E
__S1                           (abs)        0000EE
__S2                           (abs)        000000
___aldiv                       text23       007870
___aldiv@counter               cstackBANK0  0000C5
___aldiv@dividend              cstackCOMRAM 000039
___aldiv@divisor               cstackCOMRAM 00003D
___aldiv@quotient              cstackBANK0  0000C7
___aldiv@sign                  cstackBANK0  0000C6
___inthi_sp                    stack        000000
___intlo_sp                    stack        000000
___sp                          stack        000000
__accesstop                    (abs)        000060
__activetblptr                 (abs)        000002
__end_of_ADCConfig             text24       0074D4
__end_of_CCPConfig             text18       0075FE
__end_of_Delay1KTCYx           text5        007488
__end_of_OpenTimer0            text12       007510
__end_of_PBRead                text7        0075BC
__end_of_PORTAConfig           text17       00742A
__end_of_PORTBConfig           text16       007420
__end_of_PORTCConfig           text15       007430
__end_of_PORTDConfig           text14       007424
__end_of_PORTEConfig           text13       00743E
__end_of_PWM1_Init             text22       00775A
__end_of_PWM1_Start            text21       00745E
__end_of_PWM2_Init             text20       0077E2
__end_of_PWM2_Start            text19       00746A
__end_of_SerialBegin           text2        007AC8
__end_of_SerialWrite           text6        007448
__end_of_TMR0Config            text10       0074F0
__end_of_TMR1Config            text9        007436
__end_of_TimerOverflow         intcode_body 007870
__end_of_WriteTimer0           text11       0074BE
__end_of___aldiv               text23       00799C
__end_of__initialization       cinit        007656
__end_of__npowers_             mediumconst  007B18
__end_of__powers_              mediumconst  007B3F
__end_of__stringdata           mediumconst  007CFE
__end_of_configuracionInicial  text8        007536
__end_of_delay                 text4        007560
__end_of_dpowers               mediumconst  007AF1
__end_of_loop                  text3        0076D2
__end_of_main                  text0        007478
__end_of_setup                 text1        00758A
__end_ofi2_WriteTimer0         text26       0074AC
__initialization               cinit        0075FE
__mediumconst                  mediumconst  007AC8
__npowers_                     mediumconst  007AF1
__pbssBANK0                    bssBANK0     000060
__pbssCOMRAM                   bssCOMRAM    000001
__pcinit                       cinit        0075FE
__pcstackBANK0                 cstackBANK0  0000C5
__pcstackCOMRAM                cstackCOMRAM 000027
__pdataBANK0                   dataBANK0    0000D9
__pdataCOMRAM                  dataCOMRAM   000041
__pidataBANK0                  idataBANK0   007489
__pidataCOMRAM                 idataCOMRAM  007448
__pintcode                     intcode      000008
__pintcode_body                intcode_body 0077E2
__pmediumconst                 mediumconst  007AC8
__pnvBANK0                     nvBANK0      0000EA
__powers_                      mediumconst  007B18
__ptext0                       text0        00746A
__ptext1                       text1        007560
__ptext10                      text10       0074D4
__ptext11                      text11       0074AC
__ptext12                      text12       0074F0
__ptext13                      text13       007436
__ptext14                      text14       007420
__ptext15                      text15       00742A
__ptext16                      text16       00741C
__ptext17                      text17       007424
__ptext18                      text18       0075BC
__ptext19                      text19       00745E
__ptext2                       text2        00799C
__ptext20                      text20       00775A
__ptext21                      text21       007452
__ptext22                      text22       0076D2
__ptext23                      text23       007870
__ptext24                      text24       0074BE
__ptext26                      text26       00749A
__ptext3                       text3        007660
__ptext4                       text4        007536
__ptext5                       text5        007478
__ptext6                       text6        00743E
__ptext7                       text7        00758A
__ptext8                       text8        007510
__ptext9                       text9        007430
__ramtop                       ramtop       000800
__size_of_ADCConfig            (abs)        000000
__size_of_CCPConfig            (abs)        000000
__size_of_Delay1KTCYx          (abs)        000000
__size_of_OpenTimer0           (abs)        000000
__size_of_PBRead               (abs)        000000
__size_of_PORTAConfig          (abs)        000000
__size_of_PORTBConfig          (abs)        000000
__size_of_PORTCConfig          (abs)        000000
__size_of_PORTDConfig          (abs)        000000
__size_of_PORTEConfig          (abs)        000000
__size_of_PWM1_Init            (abs)        000000
__size_of_PWM1_Start           (abs)        000000
__size_of_PWM2_Init            (abs)        000000
__size_of_PWM2_Start           (abs)        000000
__size_of_SerialBegin          (abs)        000000
__size_of_SerialWrite          (abs)        000000
__size_of_TMR0Config           (abs)        000000
__size_of_TMR1Config           (abs)        000000
__size_of_TimerOverflow        (abs)        000000
__size_of_WriteTimer0          (abs)        000000
__size_of___aldiv              (abs)        000000
__size_of_configuracionInicial (abs)        000000
__size_of_delay                (abs)        000000
__size_of_loop                 (abs)        000000
__size_of_main                 (abs)        000000
__size_of_setup                (abs)        000000
__size_ofi2_WriteTimer0        (abs)        000000
__smallconst                   smallconst   000000
__stringdata                   mediumconst  007B3F
_adc                           bssCOMRAM    000010
_configuracionInicial          text8        007510
_corriente                     bssBANK0     00006B
_current                       bssBANK0     00006E
_data                          bssCOMRAM    000025
_dato                          dataBANK0    0000D9
_delay                         text4        007536
_derivativo                    dataCOMRAM   000041
_dpowers                       mediumconst  007AC9
_estado                        bssBANK0     000071
_estado1                       bssBANK0     000073
_freq                          nvBANK0      0000EA
_integral                      dataCOMRAM   000044
_loop                          text3        007660
_main                          text0        00746A
_marcador                      dataCOMRAM   00004A
_millis                        bssBANK0     000064
_outMax                        bssCOMRAM    000013
_outMin                        bssCOMRAM    000016
_pinFlag                       bssCOMRAM    000026
_proporcional                  dataCOMRAM   000047
_setup                         text1        007560
_vKd                           bssBANK0     000085
_vKi                           bssBANK0     000095
_vKp                           bssBANK0     0000A5
_volts                         bssBANK0     0000B5
delay@a                        cstackCOMRAM 00003D
delay@milis                    cstackCOMRAM 00003A
end_of_initialization          cinit        007656
i2WriteTimer0@timer            cstackCOMRAM 000029
i2WriteTimer0@timer0           cstackCOMRAM 000027
i2_WriteTimer0                 text26       00749A
int_func                       intcode_body 0077E2
intlevel0                      text         000000
intlevel1                      text         000000
intlevel2                      text         000000
intlevel3                      text         000000
stackhi                        (abs)        0007FF
stacklo                        (abs)        0000EE
start                          init         000018
start_initialization           cinit        0075FE


FUNCTION INFORMATION:

 *************** function _main *****************
 Defined at:
		line 18 in file "Procedures.c"
 Parameters:    Size  Location     Type
		None
 Auto vars:     Size  Location     Type
		None
 Return value:  Size  Location     Type
                  2  204[COMRAM] int 
 Registers used:
		wreg, status,2, status,0, cstack
 Tracked objects:
		On entry : 
		On exit  : 
		Unchanged: 
 Data sizes:     COMRAM   BANK0   BANK1   BANK2   BANK3   BANK4   BANK5   BANK6   BANK7
      Params:         0       0       0       0       0       0       0       0       0
      Locals:         0       0       0       0       0       0       0       0       0
      Temps:          0       0       0       0       0       0       0       0       0
      Totals:         0       0       0       0       0       0       0       0       0
Total ram usage:        0 bytes
 Hardware stack levels required when called:    6
 This function calls:
		_configuracionInicial
		_loop
		_setup
 This function is called by:
		Startup code after reset
 This function uses a non-reentrant model


 *************** function _setup *****************
 Defined at:
		line 15 in file "Application.c"
 Parameters:    Size  Location     Type
		None
 Auto vars:     Size  Location     Type
		None
 Return value:  Size  Location     Type
		None               void
 Registers used:
		wreg, status,2, status,0, cstack
 Tracked objects:
		On entry : 
		On exit  : 
		Unchanged: 
 Data sizes:     COMRAM   BANK0   BANK1   BANK2   BANK3   BANK4   BANK5   BANK6   BANK7
      Params:         0       0       0       0       0       0       0       0       0
      Locals:         0       0       0       0       0       0       0       0       0
      Temps:          0       0       0       0       0       0       0       0       0
      Totals:         0       0       0       0       0       0       0       0       0
Total ram usage:        0 bytes
 Hardware stack levels used:    1
 Hardware stack levels required when called:    4
 This function calls:
		_SerialBegin
		_delay
 This function is called by:
		_main
 This function uses a non-reentrant model


 *************** function _SerialBegin *****************
 Defined at:
		line 673 in file "Procedures.c"
 Parameters:    Size  Location     Type
  baudRate        4    6[BANK0 ] const long 
 Auto vars:     Size  Location     Type
  x               2   18[BANK0 ] unsigned int 
 Return value:  Size  Location     Type
                  1    wreg      unsigned char 
 Registers used:
		wreg, status,2, status,0, cstack
 Tracked objects:
		On entry : 
		On exit  : 
		Unchanged: 
 Data sizes:     COMRAM   BANK0   BANK1   BANK2   BANK3   BANK4   BANK5   BANK6   BANK7
      Params:         0       4       0       0       0       0       0       0       0
      Locals:         0       6       0       0       0       0       0       0       0
      Temps:          0       4       0       0       0       0       0       0       0
      Totals:         0      14       0       0       0       0       0       0       0
Total ram usage:       14 bytes
 Hardware stack levels used:    1
 Hardware stack levels required when called:    3
 This function calls:
		___aldiv
 This function is called by:
		_setup
 This function uses a non-reentrant model


 *************** function _loop *****************
 Defined at:
		line 21 in file "Application.c"
 Parameters:    Size  Location     Type
		None
 Auto vars:     Size  Location     Type
		None
 Return value:  Size  Location     Type
		None               void
 Registers used:
		wreg, status,2, status,0, cstack
 Tracked objects:
		On entry : 
		On exit  : 
		Unchanged: 
 Data sizes:     COMRAM   BANK0   BANK1   BANK2   BANK3   BANK4   BANK5   BANK6   BANK7
      Params:         0       0       0       0       0       0       0       0       0
      Locals:         0       0       0       0       0       0       0       0       0
      Temps:          0       0       0       0       0       0       0       0       0
      Totals:         0       0       0       0       0       0       0       0       0
Total ram usage:        0 bytes
 Hardware stack levels used:    1
 Hardware stack levels required when called:    4
 This function calls:
		_PBRead
		_SerialWrite
		_delay
 This function is called by:
		_main
 This function uses a non-reentrant model


 *************** function _delay *****************
 Defined at:
		line 40 in file "Procedures.c"
 Parameters:    Size  Location     Type
  milis           2   19[COMRAM] const int 
 Auto vars:     Size  Location     Type
  a               2   22[COMRAM] int 
 Return value:  Size  Location     Type
		None               void
 Registers used:
		wreg, status,2, status,0, cstack
 Tracked objects:
		On entry : 
		On exit  : 
		Unchanged: 
 Data sizes:     COMRAM   BANK0   BANK1   BANK2   BANK3   BANK4   BANK5   BANK6   BANK7
      Params:         2       0       0       0       0       0       0       0       0
      Locals:         2       0       0       0       0       0       0       0       0
      Temps:          1       0       0       0       0       0       0       0       0
      Totals:         5       0       0       0       0       0       0       0       0
Total ram usage:        5 bytes
 Hardware stack levels used:    1
 Hardware stack levels required when called:    3
 This function calls:
		_Delay1KTCYx
 This function is called by:
		_setup
		_loop
		_Frequency
		_controllerOperation
		_PantallaStartingState
 This function uses a non-reentrant model


 *************** function _Delay1KTCYx *****************
 Defined at:
		line 8 in file "C:\Program Files (x86)\Microchip\xc8\v1.33\sources\pic18\d1ktcyx.c"
 Parameters:    Size  Location     Type
  unit            1    wreg     unsigned char 
 Auto vars:     Size  Location     Type
  unit            1   18[COMRAM] unsigned char 
 Return value:  Size  Location     Type
		None               void
 Registers used:
		wreg
 Tracked objects:
		On entry : 
		On exit  : 
		Unchanged: 
 Data sizes:     COMRAM   BANK0   BANK1   BANK2   BANK3   BANK4   BANK5   BANK6   BANK7
      Params:         0       0       0       0       0       0       0       0       0
      Locals:         1       0       0       0       0       0       0       0       0
      Temps:          0       0       0       0       0       0       0       0       0
      Totals:         1       0       0       0       0       0       0       0       0
Total ram usage:        1 bytes
 Hardware stack levels used:    1
 Hardware stack levels required when called:    2
 This function calls:
		Nothing
 This function is called by:
		_delay
		_DelayPORXLCD
		_DelayXLCD
 This function uses a non-reentrant model


 *************** function _SerialWrite *****************
 Defined at:
		line 695 in file "Procedures.c"
 Parameters:    Size  Location     Type
  dataWrite       2   18[COMRAM] int 
 Auto vars:     Size  Location     Type
		None
 Return value:  Size  Location     Type
		None               void
 Registers used:
		None
 Tracked objects:
		On entry : 
		On exit  : 
		Unchanged: 
 Data sizes:     COMRAM   BANK0   BANK1   BANK2   BANK3   BANK4   BANK5   BANK6   BANK7
      Params:         2       0       0       0       0       0       0       0       0
      Locals:         0       0       0       0       0       0       0       0       0
      Temps:          0       0       0       0       0       0       0       0       0
      Totals:         2       0       0       0       0       0       0       0       0
Total ram usage:        2 bytes
 Hardware stack levels used:    1
 Hardware stack levels required when called:    2
 This function calls:
		Nothing
 This function is called by:
		_loop
		_SerialWriteText
 This function uses a non-reentrant model


 *************** function _PBRead *****************
 Defined at:
		line 520 in file "Procedures.c"
 Parameters:    Size  Location     Type
  pin             1    wreg     unsigned char 
 Auto vars:     Size  Location     Type
  pin             1   18[COMRAM] unsigned char 
 Return value:  Size  Location     Type
                  1    wreg      unsigned char 
 Registers used:
		wreg, status,2, status,0
 Tracked objects:
		On entry : 
		On exit  : 
		Unchanged: 
 Data sizes:     COMRAM   BANK0   BANK1   BANK2   BANK3   BANK4   BANK5   BANK6   BANK7
      Params:         0       0       0       0       0       0       0       0       0
      Locals:         1       0       0       0       0       0       0       0       0
      Temps:          0       0       0       0       0       0       0       0       0
      Totals:         1       0       0       0       0       0       0       0       0
Total ram usage:        1 bytes
 Hardware stack levels used:    1
 Hardware stack levels required when called:    2
 This function calls:
		Nothing
 This function is called by:
		_loop
		_controllerOperation
 This function uses a non-reentrant model


 *************** function _configuracionInicial *****************
 Defined at:
		line 28 in file "Procedures.c"
 Parameters:    Size  Location     Type
		None
 Auto vars:     Size  Location     Type
		None
 Return value:  Size  Location     Type
		None               void
 Registers used:
		wreg, status,2, status,0, cstack
 Tracked objects:
		On entry : 
		On exit  : 
		Unchanged: 
 Data sizes:     COMRAM   BANK0   BANK1   BANK2   BANK3   BANK4   BANK5   BANK6   BANK7
      Params:         0       0       0       0       0       0       0       0       0
      Locals:         0       0       0       0       0       0       0       0       0
      Temps:          0       0       0       0       0       0       0       0       0
      Totals:         0       0       0       0       0       0       0       0       0
Total ram usage:        0 bytes
 Hardware stack levels used:    1
 Hardware stack levels required when called:    5
 This function calls:
		_ADCConfig
		_CCPConfig
		_PORTAConfig
		_PORTBConfig
		_PORTCConfig
		_PORTDConfig
		_PORTEConfig
		_TMR0Config
		_TMR1Config
 This function is called by:
		_main
 This function uses a non-reentrant model


 *************** function _TMR1Config *****************
 Defined at:
		line 449 in file "Procedures.c"
 Parameters:    Size  Location     Type
		None
 Auto vars:     Size  Location     Type
		None
 Return value:  Size  Location     Type
		None               void
 Registers used:
		wreg, status,2
 Tracked objects:
		On entry : 
		On exit  : 
		Unchanged: 
 Data sizes:     COMRAM   BANK0   BANK1   BANK2   BANK3   BANK4   BANK5   BANK6   BANK7
      Params:         0       0       0       0       0       0       0       0       0
      Locals:         0       0       0       0       0       0       0       0       0
      Temps:          0       0       0       0       0       0       0       0       0
      Totals:         0       0       0       0       0       0       0       0       0
Total ram usage:        0 bytes
 Hardware stack levels used:    1
 Hardware stack levels required when called:    2
 This function calls:
		Nothing
 This function is called by:
		_configuracionInicial
 This function uses a non-reentrant model


 *************** function _TMR0Config *****************
 Defined at:
		line 418 in file "Procedures.c"
 Parameters:    Size  Location     Type
		None
 Auto vars:     Size  Location     Type
		None
 Return value:  Size  Location     Type
		None               void
 Registers used:
		wreg, status,2, status,0, cstack
 Tracked objects:
		On entry : 
		On exit  : 
		Unchanged: 
 Data sizes:     COMRAM   BANK0   BANK1   BANK2   BANK3   BANK4   BANK5   BANK6   BANK7
      Params:         0       0       0       0       0       0       0       0       0
      Locals:         0       0       0       0       0       0       0       0       0
      Temps:          0       0       0       0       0       0       0       0       0
      Totals:         0       0       0       0       0       0       0       0       0
Total ram usage:        0 bytes
 Hardware stack levels used:    1
 Hardware stack levels required when called:    3
 This function calls:
		_OpenTimer0
		_WriteTimer0
 This function is called by:
		_configuracionInicial
 This function uses a non-reentrant model


 *************** function _WriteTimer0 *****************
 Defined at:
		line 16 in file "C:\Program Files (x86)\Microchip\xc8\v1.33\sources\pic18\plib\Timers\t0write.c"
 Parameters:    Size  Location     Type
  timer0          2   18[COMRAM] unsigned int 
 Auto vars:     Size  Location     Type
  timer           2   20[COMRAM] struct Timers
 Return value:  Size  Location     Type
		None               void
 Registers used:
		None
 Tracked objects:
		On entry : 
		On exit  : 
		Unchanged: 
 Data sizes:     COMRAM   BANK0   BANK1   BANK2   BANK3   BANK4   BANK5   BANK6   BANK7
      Params:         2       0       0       0       0       0       0       0       0
      Locals:         2       0       0       0       0       0       0       0       0
      Temps:          0       0       0       0       0       0       0       0       0
      Totals:         4       0       0       0       0       0       0       0       0
Total ram usage:        4 bytes
 Hardware stack levels used:    1
 Hardware stack levels required when called:    2
 This function calls:
		Nothing
 This function is called by:
		_TMR0Config
 This function uses a non-reentrant model


 *************** function _OpenTimer0 *****************
 Defined at:
		line 18 in file "C:\Program Files (x86)\Microchip\xc8\v1.33\sources\pic18\plib\Timers\t0open.c"
 Parameters:    Size  Location     Type
  config          1    wreg     unsigned char 
 Auto vars:     Size  Location     Type
  config          1   18[COMRAM] unsigned char 
 Return value:  Size  Location     Type
		None               void
 Registers used:
		wreg, status,2, status,0
 Tracked objects:
		On entry : 
		On exit  : 
		Unchanged: 
 Data sizes:     COMRAM   BANK0   BANK1   BANK2   BANK3   BANK4   BANK5   BANK6   BANK7
      Params:         0       0       0       0       0       0       0       0       0
      Locals:         1       0       0       0       0       0       0       0       0
      Temps:          0       0       0       0       0       0       0       0       0
      Totals:         1       0       0       0       0       0       0       0       0
Total ram usage:        1 bytes
 Hardware stack levels used:    1
 Hardware stack levels required when called:    2
 This function calls:
		Nothing
 This function is called by:
		_TMR0Config
 This function uses a non-reentrant model


 *************** function _PORTEConfig *****************
 Defined at:
		line 514 in file "Procedures.c"
 Parameters:    Size  Location     Type
		None
 Auto vars:     Size  Location     Type
		None
 Return value:  Size  Location     Type
		None               void
 Registers used:
		None
 Tracked objects:
		On entry : 
		On exit  : 
		Unchanged: 
 Data sizes:     COMRAM   BANK0   BANK1   BANK2   BANK3   BANK4   BANK5   BANK6   BANK7
      Params:         0       0       0       0       0       0       0       0       0
      Locals:         0       0       0       0       0       0       0       0       0
      Temps:          0       0       0       0       0       0       0       0       0
      Totals:         0       0       0       0       0       0       0       0       0
Total ram usage:        0 bytes
 Hardware stack levels used:    1
 Hardware stack levels required when called:    2
 This function calls:
		Nothing
 This function is called by:
		_configuracionInicial
 This function uses a non-reentrant model


 *************** function _PORTDConfig *****************
 Defined at:
		line 510 in file "Procedures.c"
 Parameters:    Size  Location     Type
		None
 Auto vars:     Size  Location     Type
		None
 Return value:  Size  Location     Type
		None               void
 Registers used:
		None
 Tracked objects:
		On entry : 
		On exit  : 
		Unchanged: 
 Data sizes:     COMRAM   BANK0   BANK1   BANK2   BANK3   BANK4   BANK5   BANK6   BANK7
      Params:         0       0       0       0       0       0       0       0       0
      Locals:         0       0       0       0       0       0       0       0       0
      Temps:          0       0       0       0       0       0       0       0       0
      Totals:         0       0       0       0       0       0       0       0       0
Total ram usage:        0 bytes
 Hardware stack levels used:    1
 Hardware stack levels required when called:    2
 This function calls:
		Nothing
 This function is called by:
		_configuracionInicial
 This function uses a non-reentrant model


 *************** function _PORTCConfig *****************
 Defined at:
		line 506 in file "Procedures.c"
 Parameters:    Size  Location     Type
		None
 Auto vars:     Size  Location     Type
		None
 Return value:  Size  Location     Type
		None               void
 Registers used:
		wreg, status,2
 Tracked objects:
		On entry : 
		On exit  : 
		Unchanged: 
 Data sizes:     COMRAM   BANK0   BANK1   BANK2   BANK3   BANK4   BANK5   BANK6   BANK7
      Params:         0       0       0       0       0       0       0       0       0
      Locals:         0       0       0       0       0       0       0       0       0
      Temps:          0       0       0       0       0       0       0       0       0
      Totals:         0       0       0       0       0       0       0       0       0
Total ram usage:        0 bytes
 Hardware stack levels used:    1
 Hardware stack levels required when called:    2
 This function calls:
		Nothing
 This function is called by:
		_configuracionInicial
 This function uses a non-reentrant model


 *************** function _PORTBConfig *****************
 Defined at:
		line 502 in file "Procedures.c"
 Parameters:    Size  Location     Type
		None
 Auto vars:     Size  Location     Type
		None
 Return value:  Size  Location     Type
		None               void
 Registers used:
		None
 Tracked objects:
		On entry : 
		On exit  : 
		Unchanged: 
 Data sizes:     COMRAM   BANK0   BANK1   BANK2   BANK3   BANK4   BANK5   BANK6   BANK7
      Params:         0       0       0       0       0       0       0       0       0
      Locals:         0       0       0       0       0       0       0       0       0
      Temps:          0       0       0       0       0       0       0       0       0
      Totals:         0       0       0       0       0       0       0       0       0
Total ram usage:        0 bytes
 Hardware stack levels used:    1
 Hardware stack levels required when called:    2
 This function calls:
		Nothing
 This function is called by:
		_configuracionInicial
 This function uses a non-reentrant model


 *************** function _PORTAConfig *****************
 Defined at:
		line 498 in file "Procedures.c"
 Parameters:    Size  Location     Type
		None
 Auto vars:     Size  Location     Type
		None
 Return value:  Size  Location     Type
		None               void
 Registers used:
		wreg, status,2
 Tracked objects:
		On entry : 
		On exit  : 
		Unchanged: 
 Data sizes:     COMRAM   BANK0   BANK1   BANK2   BANK3   BANK4   BANK5   BANK6   BANK7
      Params:         0       0       0       0       0       0       0       0       0
      Locals:         0       0       0       0       0       0       0       0       0
      Temps:          0       0       0       0       0       0       0       0       0
      Totals:         0       0       0       0       0       0       0       0       0
Total ram usage:        0 bytes
 Hardware stack levels used:    1
 Hardware stack levels required when called:    2
 This function calls:
		Nothing
 This function is called by:
		_configuracionInicial
 This function uses a non-reentrant model


 *************** function _CCPConfig *****************
 Defined at:
		line 411 in file "Procedures.c"
 Parameters:    Size  Location     Type
		None
 Auto vars:     Size  Location     Type
		None
 Return value:  Size  Location     Type
		None               void
 Registers used:
		wreg, status,2, status,0, cstack
 Tracked objects:
		On entry : 
		On exit  : 
		Unchanged: 
 Data sizes:     COMRAM   BANK0   BANK1   BANK2   BANK3   BANK4   BANK5   BANK6   BANK7
      Params:         0       0       0       0       0       0       0       0       0
      Locals:         0       0       0       0       0       0       0       0       0
      Temps:          0       0       0       0       0       0       0       0       0
      Totals:         0       0       0       0       0       0       0       0       0
Total ram usage:        0 bytes
 Hardware stack levels used:    1
 Hardware stack levels required when called:    4
 This function calls:
		_PWM1_Init
		_PWM1_Start
		_PWM2_Init
		_PWM2_Start
 This function is called by:
		_configuracionInicial
 This function uses a non-reentrant model


 *************** function _PWM2_Start *****************
 Defined at:
		line 571 in file "Procedures.c"
 Parameters:    Size  Location     Type
		None
 Auto vars:     Size  Location     Type
		None
 Return value:  Size  Location     Type
		None               void
 Registers used:
		None
 Tracked objects:
		On entry : 
		On exit  : 
		Unchanged: 
 Data sizes:     COMRAM   BANK0   BANK1   BANK2   BANK3   BANK4   BANK5   BANK6   BANK7
      Params:         0       0       0       0       0       0       0       0       0
      Locals:         0       0       0       0       0       0       0       0       0
      Temps:          0       0       0       0       0       0       0       0       0
      Totals:         0       0       0       0       0       0       0       0       0
Total ram usage:        0 bytes
 Hardware stack levels used:    1
 Hardware stack levels required when called:    2
 This function calls:
		Nothing
 This function is called by:
		_CCPConfig
 This function uses a non-reentrant model


 *************** function _PWM2_Init *****************
 Defined at:
		line 544 in file "Procedures.c"
 Parameters:    Size  Location     Type
  fre             4    6[BANK0 ] long 
 Auto vars:     Size  Location     Type
		None
 Return value:  Size  Location     Type
		None               void
 Registers used:
		wreg, status,2, status,0, cstack
 Tracked objects:
		On entry : 
		On exit  : 
		Unchanged: 
 Data sizes:     COMRAM   BANK0   BANK1   BANK2   BANK3   BANK4   BANK5   BANK6   BANK7
      Params:         0       4       0       0       0       0       0       0       0
      Locals:         0       0       0       0       0       0       0       0       0
      Temps:          0       8       0       0       0       0       0       0       0
      Totals:         0      12       0       0       0       0       0       0       0
Total ram usage:       12 bytes
 Hardware stack levels used:    1
 Hardware stack levels required when called:    3
 This function calls:
		___aldiv
 This function is called by:
		_CCPConfig
 This function uses a non-reentrant model


 *************** function _PWM1_Start *****************
 Defined at:
		line 549 in file "Procedures.c"
 Parameters:    Size  Location     Type
		None
 Auto vars:     Size  Location     Type
		None
 Return value:  Size  Location     Type
		None               void
 Registers used:
		None
 Tracked objects:
		On entry : 
		On exit  : 
		Unchanged: 
 Data sizes:     COMRAM   BANK0   BANK1   BANK2   BANK3   BANK4   BANK5   BANK6   BANK7
      Params:         0       0       0       0       0       0       0       0       0
      Locals:         0       0       0       0       0       0       0       0       0
      Temps:          0       0       0       0       0       0       0       0       0
      Totals:         0       0       0       0       0       0       0       0       0
Total ram usage:        0 bytes
 Hardware stack levels used:    1
 Hardware stack levels required when called:    2
 This function calls:
		Nothing
 This function is called by:
		_CCPConfig
 This function uses a non-reentrant model


 *************** function _PWM1_Init *****************
 Defined at:
		line 539 in file "Procedures.c"
 Parameters:    Size  Location     Type
  fre             4    6[BANK0 ] long 
 Auto vars:     Size  Location     Type
		None
 Return value:  Size  Location     Type
		None               void
 Registers used:
		wreg, status,2, status,0, cstack
 Tracked objects:
		On entry : 
		On exit  : 
		Unchanged: 
 Data sizes:     COMRAM   BANK0   BANK1   BANK2   BANK3   BANK4   BANK5   BANK6   BANK7
      Params:         0       4       0       0       0       0       0       0       0
      Locals:         0       0       0       0       0       0       0       0       0
      Temps:          0       8       0       0       0       0       0       0       0
      Totals:         0      12       0       0       0       0       0       0       0
Total ram usage:       12 bytes
 Hardware stack levels used:    1
 Hardware stack levels required when called:    3
 This function calls:
		___aldiv
 This function is called by:
		_CCPConfig
 This function uses a non-reentrant model


 *************** function ___aldiv *****************
 Defined at:
		line 8 in file "C:\Program Files (x86)\Microchip\xc8\v1.33\sources\common\aldiv.c"
 Parameters:    Size  Location     Type
  dividend        4   18[COMRAM] long 
  divisor         4   22[COMRAM] long 
 Auto vars:     Size  Location     Type
  quotient        4    2[BANK0 ] long 
  sign            1    1[BANK0 ] unsigned char 
  counter         1    0[BANK0 ] unsigned char 
 Return value:  Size  Location     Type
                  4   18[COMRAM] long 
 Registers used:
		wreg, status,2, status,0
 Tracked objects:
		On entry : 
		On exit  : 
		Unchanged: 
 Data sizes:     COMRAM   BANK0   BANK1   BANK2   BANK3   BANK4   BANK5   BANK6   BANK7
      Params:         8       0       0       0       0       0       0       0       0
      Locals:         0       6       0       0       0       0       0       0       0
      Temps:          0       0       0       0       0       0       0       0       0
      Totals:         8       6       0       0       0       0       0       0       0
Total ram usage:       14 bytes
 Hardware stack levels used:    1
 Hardware stack levels required when called:    2
 This function calls:
		Nothing
 This function is called by:
		_PWM1_Init
		_PWM2_Init
		_SerialBegin
		_PWM_Max_Duty
 This function uses a non-reentrant model


 *************** function _ADCConfig *****************
 Defined at:
		line 359 in file "Procedures.c"
 Parameters:    Size  Location     Type
		None
 Auto vars:     Size  Location     Type
		None
 Return value:  Size  Location     Type
		None               void
 Registers used:
		wreg, status,2
 Tracked objects:
		On entry : 
		On exit  : 
		Unchanged: 
 Data sizes:     COMRAM   BANK0   BANK1   BANK2   BANK3   BANK4   BANK5   BANK6   BANK7
      Params:         0       0       0       0       0       0       0       0       0
      Locals:         0       0       0       0       0       0       0       0       0
      Temps:          0       0       0       0       0       0       0       0       0
      Totals:         0       0       0       0       0       0       0       0       0
Total ram usage:        0 bytes
 Hardware stack levels used:    1
 Hardware stack levels required when called:    2
 This function calls:
		Nothing
 This function is called by:
		_configuracionInicial
 This function uses a non-reentrant model


 *************** function _TimerOverflow *****************
 Defined at:
		line 439 in file "Procedures.c"
 Parameters:    Size  Location     Type
		None
 Auto vars:     Size  Location     Type
		None
 Return value:  Size  Location     Type
		None               void
 Registers used:
		wreg, status,2, status,0, cstack
 Tracked objects:
		On entry : 
		On exit  : 
		Unchanged: 
 Data sizes:     COMRAM   BANK0   BANK1   BANK2   BANK3   BANK4   BANK5   BANK6   BANK7
      Params:         0       0       0       0       0       0       0       0       0
      Locals:         0       0       0       0       0       0       0       0       0
      Temps:         14       0       0       0       0       0       0       0       0
      Totals:        14       0       0       0       0       0       0       0       0
Total ram usage:       14 bytes
 Hardware stack levels used:    1
 Hardware stack levels required when called:    1
 This function calls:
		i2_WriteTimer0
 This function is called by:
		Interrupt level 2
 This function uses a non-reentrant model


 *************** function i2_WriteTimer0 *****************
 Defined at:
		line 16 in file "C:\Program Files (x86)\Microchip\xc8\v1.33\sources\pic18\plib\Timers\t0write.c"
 Parameters:    Size  Location     Type
  timer0          2    0[COMRAM] unsigned int 
 Auto vars:     Size  Location     Type
  WriteTimer0     2    2[COMRAM] struct Timers
 Return value:  Size  Location     Type
		None               void
 Registers used:
		None
 Tracked objects:
		On entry : 
		On exit  : 
		Unchanged: 
 Data sizes:     COMRAM   BANK0   BANK1   BANK2   BANK3   BANK4   BANK5   BANK6   BANK7
      Params:         2       0       0       0       0       0       0       0       0
      Locals:         2       0       0       0       0       0       0       0       0
      Temps:          0       0       0       0       0       0       0       0       0
      Totals:         4       0       0       0       0       0       0       0       0
Total ram usage:        4 bytes
 Hardware stack levels used:    1
 This function calls:
		Nothing
 This function is called by:
		_TimerOverflow
 This function uses a non-reentrant model



MODULE INFORMATION

Module		Function		Class		Link	Load	Size
Application.c
		_loop          		CODE           	7660	0000	114
		_setup         		CODE           	7560	0000	42

Application.c estimated size: 156

C:\Program Files (x86)\Microchip\xc8\v1.33\sources\pic18\d1ktcyx.c
		_Delay1KTCYx   		CODE           	7478	0000	16

C:\Program Files (x86)\Microchip\xc8\v1.33\sources\pic18\d1ktcyx.c estimated size: 16

Procedures.c
		_PWM1_Start    		CODE           	7452	0000	12
		_delay         		CODE           	7536	0000	42
		_PWM2_Start    		CODE           	745E	0000	12
		_PORTBConfig   		CODE           	741C	0000	4
		_main          		CODE           	746A	0000	14
		_SerialBegin   		CODE           	799C	0000	300
		_PORTCConfig   		CODE           	742A	0000	6
		_PWM1_Init     		CODE           	76D2	0000	136
		_PORTDConfig   		CODE           	7420	0000	4
		_CCPConfig     		CODE           	75BC	0000	66
		_PWM2_Init     		CODE           	775A	0000	136
		_PBRead        		CODE           	758A	0000	50
		_TMR0Config    		CODE           	74D4	0000	28
		_PORTEConfig   		CODE           	7436	0000	8
		_TimerOverflow 		CODE           	0008	0000	30824
		_TMR1Config    		CODE           	7430	0000	6
		_SerialWrite   		CODE           	743E	0000	10
		_configuracionI		CODE           	7510	0000	38
		_ADCConfig     		CODE           	74BE	0000	22
		_PORTAConfig   		CODE           	7424	0000	6

Procedures.c estimated size: 31724

shared
		__stringdata   		MEDIUMCONST    	7B3F	0000	447
		__powers_      		MEDIUMCONST    	7B18	0000	39
		_dpowers       		MEDIUMCONST    	7AC9	0000	40
		__npowers_     		MEDIUMCONST    	7AF1	0000	39
		__initializatio		CODE           	75FE	0000	88
		i2_WriteTimer0 		CODE           	749A	0000	18

shared estimated size: 671

C:\Program Files (x86)\Microchip\xc8\v1.33\sources\common\aldiv.c
		___aldiv       		CODE           	7870	0000	300

C:\Program Files (x86)\Microchip\xc8\v1.33\sources\common\aldiv.c estimated size: 300

C:\Program Files (x86)\Microchip\xc8\v1.33\sources\pic18\plib\Timers\t0write.c
		_WriteTimer0   		CODE           	74AC	0000	18

C:\Program Files (x86)\Microchip\xc8\v1.33\sources\pic18\plib\Timers\t0write.c estimated size: 18

C:\Program Files (x86)\Microchip\xc8\v1.33\sources\pic18\plib\Timers\t0open.c
		_OpenTimer0    		CODE           	74F0	0000	32

C:\Program Files (x86)\Microchip\xc8\v1.33\sources\pic18\plib\Timers\t0open.c estimated size: 32

