Microchip MPLAB XC8 Compiler V2.00 ()

Linker command line:

-W-3 --edf=C:\Program Files (x86)\Microchip\xc8\v2.00\pic\dat\en_msgs.txt \
  -cs -h+dist/default/production\ContadoraCanicas.X.production.sym \
  --cmf=dist/default/production\ContadoraCanicas.X.production.cmf -z \
  -Q16F877A -oC:\Users\c4810\AppData\Local\Temp\s638.2 \
  --defsym=__MPLAB_BUILD=1 \
  -Mdist/default/production/ContadoraCanicas.X.production.map -E1 -ver=XC8 \
  --acfsm=1493 -ASTACK=0110h-016fh -pstack=STACK -ACODE=00h-07FFhx4 \
  -ASTRCODE=00h-01FFFh -ASTRING=00h-0FFhx32 -ACONST=00h-0FFhx32 \
  -AENTRY=00h-0FFhx32 -ACOMMON=070h-07Fh -ABANK0=020h-06Fh \
  -ABANK1=0A0h-0EFh -ABANK2=0110h-016Fh -ABANK3=0190h-01EFh \
  -ARAM=020h-06Fh,0A0h-0EFh,0110h-016Fh,0190h-01EFh \
  -AABS1=020h-07Fh,0A0h-0EFh,0110h-016Fh,0190h-01EFh -ASFR0=00h-01Fh \
  -ASFR1=080h-09Fh -ASFR2=0100h-010Fh -ASFR3=0180h-018Fh \
  -preset_vec=00h,intentry,init,end_init -ppowerup=CODE -pcinit=CODE \
  -pfunctab=ENTRY -ACONFIG=02007h-02007h -pconfig=CONFIG -DCONFIG=2 \
  -AIDLOC=02000h-02003h -pidloc=IDLOC -DIDLOC=2 -AEEDATA=00h-0FFh/02100h \
  -peeprom_data=EEDATA -DEEDATA=2 -DCODE=2 -DSTRCODE=2 -DSTRING=2 -DCONST=2 \
  -DENTRY=2 -k C:\Users\c4810\AppData\Local\Temp\s638.o \
  dist/default/production\ContadoraCanicas.X.production.o 

Object code version is 3.11

Machine type is 16F877A



                Name                               Link     Load   Length Selector   Space Scale
C:\Users\c4810\AppData\Local\Temp\s638.o
                end_init                              0        0        3        0       0
                config                             2007     2007        1     400E       0
dist/default/production\ContadoraCanicas.X.production.o
                cinit                               7D1      7D1       2F      FA2       0
                text28                                7        7        B        E       0
                text27                             117B     117B        5     22F6       0
                text26                              802      802       26     1004       0
                text25                             11EA     11EA       1B     23D4       0
                text24                               12       12       4E       24       0
                text23                              C29      C29      129     1852       0
                text22                              B06      B06      123     160C       0
                text21                               60       60      357       C0       0
                text20                             11D1     11D1       19     23A2       0
                text19                              D52      D52      2AE     1AA4       0
                text18                             1325     1325       82     264A       0
                text17                             1180     1180        7     2300       0
                text16                             13A7     13A7       83     274E       0
                text15                             1198     1198       11     2330       0
                text14                             1292     1292       48     2524       0
                text13                             1225     1225       2C     244A       0
                text12                             12DA     12DA       4B     25B4       0
                text11                             1251     1251       41     24A2       0
                text10                              8CE      8CE      117     119C       0
                text9                               3B7      3B7      41A      76E       0
                text8                              118F     118F        9     231E       0
                text7                               9E5      9E5      121     13CA       0
                text6                              142A     142A       85     2854       0
                text5                              15F6     15F6       F8     2BEC       0
                text4                               828      828       A6     1050       0
                text3                              1551     1551       A5     2AA2       0
                text2                              14AF     14AF       A2     295E       0
                text1                              16EE     16EE      112     2DDC       0
                maintext                           11BC     11BC       15     2378       0
                cstackBANK0                          3E       3E       14       20       1
                cstackCOMMON                         70       70        E       70       1
                clrtext                            1187     1187        8     230E       0
                inittext                           11A9     11A9       13     2352       0
                dataBANK1                            C0       C0       20       A0       1
                bssBANK1                             A0       A0       20       A0       1
                dataBANK0                            61       61        3       20       1
                bssBANK0                             20       20       1E       20       1
                nvBANK0                              52       52        F       20       1
                strings                            1000     1000       F7     2000       0
                idataBANK1                         1205     1205       20     240A       0
                idataBANK0                            4        4        3        8       0

TOTAL           Name                               Link     Load   Length     Space
        CLASS   STACK          

        CLASS   CODE           
                end_init                              0        0        3         0
                cinit                               7D1      7D1       2F         0
                text28                                7        7        B         0
                text27                             117B     117B        5         0
                text26                              802      802       26         0
                text25                             11EA     11EA       1B         0
                text24                               12       12       4E         0
                text23                              C29      C29      129         0
                text22                              B06      B06      123         0
                text21                               60       60      357         0
                text20                             11D1     11D1       19         0
                text19                              D52      D52      2AE         0
                text18                             1325     1325       82         0
                text17                             1180     1180        7         0
                text16                             13A7     13A7       83         0
                text15                             1198     1198       11         0
                text14                             1292     1292       48         0
                text13                             1225     1225       2C         0
                text12                             12DA     12DA       4B         0
                text11                             1251     1251       41         0
                text10                              8CE      8CE      117         0
                text9                               3B7      3B7      41A         0
                text8                              118F     118F        9         0
                text7                               9E5      9E5      121         0
                text6                              142A     142A       85         0
                text5                              15F6     15F6       F8         0
                text4                               828      828       A6         0
                text3                              1551     1551       A5         0
                text2                              14AF     14AF       A2         0
                text1                              16EE     16EE      112         0
                maintext                           11BC     11BC       15         0
                clrtext                            1187     1187        8         0
                inittext                           11A9     11A9       13         0
                idataBANK1                         1205     1205       20         0
                idataBANK0                            4        4        3         0

        CLASS   STRCODE        

        CLASS   STRING         
                strings                            1000     1000       F7         0

        CLASS   CONST          

        CLASS   ENTRY          

        CLASS   COMMON         
                cstackCOMMON                         70       70        E         1

        CLASS   BANK0          
                cstackBANK0                          3E       3E       14         1
                dataBANK0                            61       61        3         1
                bssBANK0                             20       20       1E         1
                nvBANK0                              52       52        F         1

        CLASS   BANK1          
                dataBANK1                            C0       C0       20         1
                bssBANK1                             A0       A0       20         1

        CLASS   BANK2          

        CLASS   BANK3          

        CLASS   RAM            

        CLASS   ABS1           
                abs_s1                               7E       7E        2         1

        CLASS   SFR0           

        CLASS   SFR1           

        CLASS   SFR2           

        CLASS   SFR3           

        CLASS   CONFIG         
                config                             2007     2007        1         0

        CLASS   IDLOC          

        CLASS   EEDATA         



SEGMENTS        Name                           Load    Length   Top    Selector   Space  Class     Delta

                reset_vec                      000000  000003  000003         0       0  CODE        2
                idataBANK0                     000004  000003  000007         8       0  CODE        2
                text28                         000007  00000B  000012         E       0  CODE        2
                bssBANK0                       000020  000044  000064        20       1  BANK0       1
                text24                         000012  00004E  000060        24       0  CODE        2
                cstackCOMMON                   000070  00000E  00007E        70       1  COMMON      1
                bssBANK1                       0000A0  000040  0000E0        A0       1  BANK1       1
                text21                         000060  000357  0003B7        C0       0  CODE        2
                text9                          0003B7  00041A  0007D1       76E       0  CODE        2
                cinit                          0007D1  00002F  000800       FA2       0  CODE        2
                text26                         000802  000026  000828      1004       0  CODE        2
                text4                          000828  0000A6  0008CE      1050       0  CODE        2
                text10                         0008CE  000117  0009E5      119C       0  CODE        2
                text7                          0009E5  000121  000B06      13CA       0  CODE        2
                text22                         000B06  000123  000C29      160C       0  CODE        2
                text23                         000C29  000129  000D52      1852       0  CODE        2
                text19                         000D52  0002AE  001000      1AA4       0  CODE        2
                strings                        001000  0000F7  0010F7      2000       0  STRING      2
                text27                         00117B  000005  001180      22F6       0  CODE        2
                text17                         001180  000007  001187      2300       0  CODE        2
                clrtext                        001187  000008  00118F      230E       0  CODE        2
                text8                          00118F  000009  001198      231E       0  CODE        2
                text15                         001198  000011  0011A9      2330       0  CODE        2
                inittext                       0011A9  000013  0011BC      2352       0  CODE        2
                maintext                       0011BC  000015  0011D1      2378       0  CODE        2
                text20                         0011D1  000019  0011EA      23A2       0  CODE        2
                text25                         0011EA  00001B  001205      23D4       0  CODE        2
                idataBANK1                     001205  000020  001225      240A       0  CODE        2
                text13                         001225  00002C  001251      244A       0  CODE        2
                text11                         001251  000041  001292      24A2       0  CODE        2
                text14                         001292  000048  0012DA      2524       0  CODE        2
                text12                         0012DA  00004B  001325      25B4       0  CODE        2
                text18                         001325  000082  0013A7      264A       0  CODE        2
                text16                         0013A7  000083  00142A      274E       0  CODE        2
                text6                          00142A  000085  0014AF      2854       0  CODE        2
                text2                          0014AF  0000A2  001551      295E       0  CODE        2
                text3                          001551  0000A5  0015F6      2AA2       0  CODE        2
                text5                          0015F6  0000F8  0016EE      2BEC       0  CODE        2
                text1                          0016EE  000112  001800      2DDC       0  CODE        2
                config                         002007  000001  002008      400E       0  CONFIG      2


UNUSED ADDRESS RANGES

        Name                Unused          Largest block    Delta
        BANK0            0064-006F              C           1
        BANK1            00E0-00EF             10           1
        BANK2            0110-016F             60           1
        BANK3            0190-01EF             60           1
        CODE             0003-0003              1           2
                         0800-0801              2
                         10F7-117A             84
                         1800-1FFF            800
        CONST            0003-0003              1           2
                         0800-0801              2
                         10F7-117A              9
                         1800-1FFF            100
        EEDATA           2100-21FF            100           2
        ENTRY            0003-0003              1           2
                         0800-0801              2
                         10F7-117A              9
                         1800-1FFF            100
        IDLOC            2000-2003              4           2
        RAM              0064-006F              C           1
                         00E0-00EF             10
                         0110-016F             60
                         0190-01EF             60
        SFR0             0000-001F             20           1
        SFR1             0080-009F             20           1
        SFR2             0100-010F             10           1
        SFR3             0180-018F             10           1
        STACK            0110-016F             60           1
        STRCODE          0003-0003              1           2
                         0800-0801              2
                         10F7-117A             84
                         1800-1FFF            800
        STRING           0003-0003              1           2
                         0800-0801              2
                         10F7-117A              9
                         1800-1FFF            100

                                  Symbol Table

?___aldiv                    cstackCOMMON 0070
?___lwdiv                    cstackCOMMON 0070
?___lwmod                    cstackCOMMON 0078
?_sprintf                    cstackBANK0  003E
ByteByNibble@NibbleValue     cstackCOMMON 0076
Contador@mode                cstackCOMMON 0070
KeypadBegin@cols             cstackCOMMON 0074
KeypadBegin@data             cstackCOMMON 0075
KeypadBegin@i                cstackBANK0  0043
KeypadBegin@j                cstackBANK0  003F
KeypadBegin@k                cstackBANK0  0041
KeypadBegin@rows             cstackBANK0  003E
SerialBegin@BaudRate         cstackBANK0  0044
SerialBegin@x                cstackBANK0  0048
WriteData@LSNibble           cstackCOMMON 0079
WriteData@MSNibble           cstackCOMMON 007B
WriteData@data               cstackCOMMON 007A
WriteInstruction@LSNibble    cstackCOMMON 0079
WriteInstruction@MSNibble    cstackCOMMON 007B
WriteInstruction@instruction cstackCOMMON 007A
_ACKDT                       (abs)        048D
_ACKEN                       (abs)        048C
_ADCON0                      (abs)        001F
_ADCON0bits                  (abs)        001F
_ADCON1                      (abs)        009F
_ADRESH                      (abs)        001E
_ADRESL                      (abs)        009E
_Alarma                      strings      101D
_BRGH                        (abs)        04C2
_Banda                       strings      101E
_ByteByNibble                text19       0D52
_CCP1CON                     (abs)        0017
_CCP1Configuration           text28       0007
_CCP1X                       (abs)        00BD
_CCP1Y                       (abs)        00BC
_CCP2CON                     (abs)        001D
_CCP2Configuration           text27       117B
_CCP2X                       (abs)        00ED
_CCP2Y                       (abs)        00EC
_CCPR1L                      (abs)        0015
_CCPR2L                      (abs)        001B
_COLS                        strings      1027
_CREN                        (abs)        00C4
_CajasCompletas              bssBANK0     0035
_CanicasActuales             bssBANK0     0036
_ColPins                     bssBANK0     0020
_Contador                    text25       11EA
_ContadorBegin               text8        118F
_ContadorCanicasGlobal       bssBANK0     0030
_D4                          strings      1023
_D5                          strings      1022
_D6                          strings      1021
_D7                          strings      1020
_DataStorage                 bssBANK0     003C
_ENPin                       nvBANK0      005C
_En                          strings      1024
_Estado                      nvBANK0      0060
_FERR                        (abs)        00C2
_FirstROW                    bssBANK1     00B0
_GIE                         (abs)        005F
_IOConfiguration             text6        142A
_IndicadorCanicas            strings      101C
_Initialization              text26       0802
_KeypadBegin                 text5        15F6
_KeypadRead                  text21       0060
_Latch                       bssBANK0     003B
_LatchB                      bssBANK0     003A
_LatchC                      bssBANK0     0039
_Modo                        bssBANK0     0034
_MotorCanicas                strings      101F
_Number                      bssBANK0     0037
_OERR                        (abs)        00C1
_OPTION_REGbits              (abs)        0081
_PEIE                        (abs)        005E
_PEN                         (abs)        048A
_PORTAbits                   (abs)        0005
_PORTBbits                   (abs)        0006
_PORTCbits                   (abs)        0007
_PORTDbits                   (abs)        0008
_PORTE                       (abs)        0009
_PORTEbits                   (abs)        0009
_PR2                         (abs)        0092
_Paso                        bssBANK0     0033
_RCEN                        (abs)        048B
_RCIF                        (abs)        0065
_RCREG                       (abs)        001A
_ROWS                        strings      102F
_RS                          strings      1026
_RSEN                        (abs)        0489
_RSPin                       nvBANK0      005E
_RWPin                       nvBANK0      005A
_RnW                         strings      1025
_RowPins                     bssBANK0     0028
_SEN                         (abs)        0488
_SPBRG                       (abs)        0099
_SPEN                        (abs)        00C7
_SSPADD                      (abs)        0093
_SSPBUF                      (abs)        0013
_SSPCON                      (abs)        0014
_SSPCON2                     (abs)        0091
_SSPIE                       (abs)        0463
_SSPIF                       (abs)        0063
_SSPSTAT                     (abs)        0094
_SYNC                        (abs)        04C4
_SecondROW                   bssBANK1     00A0
_SensorCajas                 strings      101A
_SensorCanicas               strings      101B
_SerialBegin                 text3        1551
_T2CON                       (abs)        0012
_TMR0                        (abs)        0001
_TRISAbits                   (abs)        0085
_TRISBbits                   (abs)        0086
_TRISC3                      (abs)        043B
_TRISC4                      (abs)        043C
_TRISC6                      (abs)        043E
_TRISC7                      (abs)        043F
_TRISCbits                   (abs)        0087
_TRISDbits                   (abs)        0088
_TRISE                       (abs)        0089
_TRMT                        (abs)        04C1
_TXEN                        (abs)        04C5
_TXIF                        (abs)        0064
_TXREG                       (abs)        0019
_Tecla                       dataBANK0    0063
_Teclas                      dataBANK1    00D0
_WriteData                   text16       13A7
_WriteInstruction            text18       1325
__CFG_BOREN$OFF              (abs)        0000
__CFG_CP$OFF                 (abs)        0000
__CFG_CPD$OFF                (abs)        0000
__CFG_FOSC$HS                (abs)        0000
__CFG_LVP$ON                 (abs)        0000
__CFG_PWRTE$OFF              (abs)        0000
__CFG_WDTE$OFF               (abs)        0000
__CFG_WRT$OFF                (abs)        0000
__Habs1                      abs1         0000
__Hbank0                     bank0        0000
__Hbank1                     bank1        0000
__Hbank2                     bank2        0000
__Hbank3                     bank3        0000
__HbssBANK0                  bssBANK0     0000
__HbssBANK1                  bssBANK1     0000
__Hcinit                     cinit        0800
__Hclrtext                   clrtext      0000
__Hcode                      code         0000
__Hcommon                    common       0000
__Hconfig                    config       2008
__HcstackBANK0               cstackBANK0  0000
__HcstackCOMMON              cstackCOMMON 0000
__HdataBANK0                 dataBANK0    0000
__HdataBANK1                 dataBANK1    0000
__Heeprom_data               eeprom_data  0000
__Hend_init                  end_init     0003
__Hfunctab                   functab      0000
__HidataBANK0                idataBANK0   0000
__HidataBANK1                idataBANK1   0000
__Hidloc                     idloc        0000
__Hinit                      init         0000
__Hinittext                  inittext     0000
__Hintentry                  intentry     0000
__Hmaintext                  maintext     0000
__HnvBANK0                   nvBANK0      0000
__Hpowerup                   powerup      0000
__Hram                       ram          0000
__Hreset_vec                 reset_vec    0000
__Hsfr0                      sfr0         0000
__Hsfr1                      sfr1         0000
__Hsfr2                      sfr2         0000
__Hsfr3                      sfr3         0000
__Hspace_0                   (abs)        2008
__Hspace_1                   (abs)        00E0
__Hspace_2                   (abs)        0000
__Hspace_3                   (abs)        0000
__Hstack                     stack        0000
__Hstrings                   strings      0000
__Htext                      text         0000
__Labs1                      abs1         0000
__Lbank0                     bank0        0000
__Lbank1                     bank1        0000
__Lbank2                     bank2        0000
__Lbank3                     bank3        0000
__LbssBANK0                  bssBANK0     0000
__LbssBANK1                  bssBANK1     0000
__Lcinit                     cinit        07D1
__Lclrtext                   clrtext      0000
__Lcode                      code         0000
__Lcommon                    common       0000
__Lconfig                    config       2007
__LcstackBANK0               cstackBANK0  0000
__LcstackCOMMON              cstackCOMMON 0000
__LdataBANK0                 dataBANK0    0000
__LdataBANK1                 dataBANK1    0000
__Leeprom_data               eeprom_data  0000
__Lend_init                  end_init     0000
__Lfunctab                   functab      0000
__LidataBANK0                idataBANK0   0000
__LidataBANK1                idataBANK1   0000
__Lidloc                     idloc        0000
__Linit                      init         0000
__Linittext                  inittext     0000
__Lintentry                  intentry     0000
__Lmaintext                  maintext     0000
__LnvBANK0                   nvBANK0      0000
__Lpowerup                   powerup      0000
__Lram                       ram          0000
__Lreset_vec                 reset_vec    0000
__Lsfr0                      sfr0         0000
__Lsfr1                      sfr1         0000
__Lsfr2                      sfr2         0000
__Lsfr3                      sfr3         0000
__Lspace_0                   (abs)        0000
__Lspace_1                   (abs)        0000
__Lspace_2                   (abs)        0000
__Lspace_3                   (abs)        0000
__Lstack                     stack        0000
__Lstrings                   strings      0000
__Ltext                      text         0000
__S0                         (abs)        2008
__S1                         (abs)        00E0
__S2                         (abs)        0000
__S3                         (abs)        0000
___aldiv                     text4        0828
___aldiv@counter             cstackBANK0  003E
___aldiv@dividend            cstackCOMMON 0074
___aldiv@divisor             cstackCOMMON 0070
___aldiv@quotient            cstackBANK0  0040
___aldiv@sign                cstackBANK0  003F
___bmul                      text20       11D1
___bmul@multiplicand         cstackCOMMON 0070
___bmul@multiplier           cstackCOMMON 0073
___bmul@product              cstackCOMMON 0072
___int_sp                    stack        0000
___latbits                   (abs)        0002
___lwdiv                     text12       12DA
___lwdiv@counter             cstackCOMMON 0077
___lwdiv@dividend            cstackCOMMON 0072
___lwdiv@divisor             cstackCOMMON 0070
___lwdiv@quotient            cstackCOMMON 0075
___lwmod                     text11       1251
___lwmod@counter             cstackCOMMON 007D
___lwmod@dividend            cstackCOMMON 007A
___lwmod@divisor             cstackCOMMON 0078
___sp                        stack        0000
__end_of_Alarma              strings      101E
__end_of_Banda               strings      101F
__end_of_ByteByNibble        text19       1000
__end_of_CCP1Configuration   text28       0012
__end_of_CCP2Configuration   text27       1180
__end_of_COLS                strings      102F
__end_of_Contador            text25       1205
__end_of_ContadorBegin       text8        1198
__end_of_D4                  strings      1024
__end_of_D5                  strings      1023
__end_of_D6                  strings      1022
__end_of_D7                  strings      1021
__end_of_En                  strings      1025
__end_of_IOConfiguration     text6        14AF
__end_of_IndicadorCanicas    strings      101D
__end_of_Initialization      text26       0828
__end_of_KeypadBegin         text5        16EE
__end_of_KeypadRead          text21       03B7
__end_of_MotorCanicas        strings      1020
__end_of_ROWS                strings      1037
__end_of_RS                  strings      1027
__end_of_RnW                 strings      1026
__end_of_SensorCajas         strings      101B
__end_of_SensorCanicas       strings      101C
__end_of_SerialBegin         text3        15F6
__end_of_WriteData           text16       142A
__end_of_WriteInstruction    text18       13A7
__end_of___aldiv             text4        08CE
__end_of___bmul              text20       11EA
__end_of___lwdiv             text12       1325
__end_of___lwmod             text11       1292
__end_of__initialization     cinit        07FC
__end_of__stringtab          strings      1010
__end_of_delay               text24       0060
__end_of_digitalRead         text23       0D52
__end_of_digitalWrite        text22       0C29
__end_of_dpowers             strings      101A
__end_of_lcdBegin            text2        1551
__end_of_lcdClear            text17       1187
__end_of_lcdPrint            text14       12DA
__end_of_lcdSetCursor        text13       1251
__end_of_lcdWrite            text15       11A9
__end_of_loop                text9        07D1
__end_of_main                maintext     11D1
__end_of_pinMode             text7        0B06
__end_of_setup               text1        1800
__end_of_sprintf             text10       09E5
__initialization             cinit        07D1
__pbssBANK0                  bssBANK0     0020
__pbssBANK1                  bssBANK1     00A0
__pcstackBANK0               cstackBANK0  003E
__pcstackCOMMON              cstackCOMMON 0070
__pdataBANK0                 dataBANK0    0061
__pdataBANK1                 dataBANK1    00C0
__pidataBANK0                idataBANK0   0004
__pidataBANK1                idataBANK1   1205
__pmaintext                  maintext     11BC
__pnvBANK0                   nvBANK0      0052
__pstrings                   strings      1000
__ptext1                     text1        16EE
__ptext10                    text10       08CE
__ptext11                    text11       1251
__ptext12                    text12       12DA
__ptext13                    text13       1225
__ptext14                    text14       1292
__ptext15                    text15       1198
__ptext16                    text16       13A7
__ptext17                    text17       1180
__ptext18                    text18       1325
__ptext19                    text19       0D52
__ptext2                     text2        14AF
__ptext20                    text20       11D1
__ptext21                    text21       0060
__ptext22                    text22       0B06
__ptext23                    text23       0C29
__ptext24                    text24       0012
__ptext25                    text25       11EA
__ptext26                    text26       0802
__ptext27                    text27       117B
__ptext28                    text28       0007
__ptext3                     text3        1551
__ptext4                     text4        0828
__ptext5                     text5        15F6
__ptext6                     text6        142A
__ptext7                     text7        09E5
__ptext8                     text8        118F
__ptext9                     text9        03B7
__size_of_ByteByNibble       (abs)        0000
__size_of_CCP1Configuration  (abs)        0000
__size_of_CCP2Configuration  (abs)        0000
__size_of_Contador           (abs)        0000
__size_of_ContadorBegin      (abs)        0000
__size_of_IOConfiguration    (abs)        0000
__size_of_Initialization     (abs)        0000
__size_of_KeypadBegin        (abs)        0000
__size_of_KeypadRead         (abs)        0000
__size_of_SerialBegin        (abs)        0000
__size_of_WriteData          (abs)        0000
__size_of_WriteInstruction   (abs)        0000
__size_of___aldiv            (abs)        0000
__size_of___bmul             (abs)        0000
__size_of___lwdiv            (abs)        0000
__size_of___lwmod            (abs)        0000
__size_of_delay              (abs)        0000
__size_of_digitalRead        (abs)        0000
__size_of_digitalWrite       (abs)        0000
__size_of_lcdBegin           (abs)        0000
__size_of_lcdClear           (abs)        0000
__size_of_lcdPrint           (abs)        0000
__size_of_lcdSetCursor       (abs)        0000
__size_of_lcdWrite           (abs)        0000
__size_of_loop               (abs)        0000
__size_of_main               (abs)        0000
__size_of_pinMode            (abs)        0000
__size_of_setup              (abs)        0000
__size_of_sprintf            (abs)        0000
__stringbase                 strings      100F
__stringtab                  strings      1000
_characters                  dataBANK1    00C0
_counter                     bssBANK0     0038
_d4Pin                       nvBANK0      0058
_d5Pin                       nvBANK0      0056
_d6Pin                       nvBANK0      0054
_d7Pin                       nvBANK0      0052
_delay                       text24       0012
_delaying                    dataBANK0    0061
_digitalRead                 text23       0C29
_digitalWrite                text22       0B06
_dpowers                     strings      1010
_lcdBegin                    text2        14AF
_lcdClear                    text17       1180
_lcdPrint                    text14       1292
_lcdSetCursor                text13       1225
_lcdWrite                    text15       1198
_loop                        text9        03B7
_main                        maintext     11BC
_pinMode                     text7        09E5
_setup                       text1        16EE
_sprintf                     text10       08CE
btemp                        (abs)        007E
clear_ram0                   clrtext      1187
delay@i                      cstackCOMMON 0075
delay@j                      cstackCOMMON 0073
delay@milis                  cstackCOMMON 0070
digitalRead@pin              cstackCOMMON 0072
digitalWrite@pin             cstackCOMMON 0073
digitalWrite@value           cstackCOMMON 0070
end_of_initialization        cinit        07FC
init_fetch0                  inittext     11A9
init_ram0                    inittext     11AD
intlevel0                    functab      0000
intlevel1                    functab      0000
intlevel2                    functab      0000
intlevel3                    functab      0000
intlevel4                    functab      0000
intlevel5                    functab      0000
lcdBegin@EN                  cstackBANK0  003E
lcdBegin@RS                  cstackBANK0  0044
lcdBegin@R_W                 cstackBANK0  003F
lcdBegin@d4                  cstackBANK0  0040
lcdBegin@d5                  cstackBANK0  0041
lcdBegin@d6                  cstackBANK0  0042
lcdBegin@d7                  cstackBANK0  0043
lcdPrint@i                   cstackBANK0  0043
lcdPrint@string              cstackBANK0  003E
lcdSetCursor@column          cstackCOMMON 007C
lcdSetCursor@location        cstackBANK0  003F
lcdSetCursor@row             cstackBANK0  003E
lcdWrite@data                cstackCOMMON 007C
pinMode@mode                 cstackCOMMON 0070
pinMode@pin                  cstackCOMMON 0073
reset_vec                    reset_vec    0000
setup@i                      cstackBANK0  0050
setup@j                      cstackBANK0  0051
sprintf@ap                   cstackBANK0  0047
sprintf@c                    cstackBANK0  004C
sprintf@f                    cstackBANK0  003E
sprintf@flag                 cstackBANK0  0048
sprintf@prec                 cstackBANK0  0046
sprintf@sp                   cstackBANK0  004B
sprintf@val                  cstackBANK0  0049
stackhi                      (abs)        0000
stacklo                      (abs)        0000
start                        init         0000
start_initialization         cinit        07D1
wtemp0                       (abs)        007E


FUNCTION INFORMATION:

 *************** function _main *****************
 Defined at:
		line 7 in file "source.c"
 Parameters:    Size  Location     Type
		None
 Auto vars:     Size  Location     Type
		None
 Return value:  Size  Location     Type
                  2  130[None  ] int 
 Registers used:
		wreg, fsr0l, fsr0h, status,2, status,0, btemp+1, pclath, cstack
 Tracked objects:
		On entry : 
		On exit  : 
		Unchanged: 
 Data sizes:     COMMON   BANK0   BANK1   BANK3   BANK2
      Params:         0       0       0       0       0
      Locals:         0       0       0       0       0
      Temps:          0       0       0       0       0
      Totals:         0       0       0       0       0
Total ram usage:        0 bytes
 Hardware stack levels required when called:    6
 This function calls:
		_Initialization
		_loop
		_setup
 This function is called by:
		Startup code after reset
 This function uses a non-reentrant model


 *************** function _setup *****************
 Defined at:
		line 69 in file "ContadoraCanicas.c"
 Parameters:    Size  Location     Type
		None
 Auto vars:     Size  Location     Type
  j               1   19[BANK0 ] unsigned char 
  i               1   18[BANK0 ] unsigned char 
 Return value:  Size  Location     Type
                  1    wreg      void 
 Registers used:
		wreg, fsr0l, fsr0h, status,2, status,0, btemp+1, pclath, cstack
 Tracked objects:
		On entry : 
		On exit  : 
		Unchanged: 
 Data sizes:     COMMON   BANK0   BANK1   BANK3   BANK2
      Params:         0       0       0       0       0
      Locals:         0       2       0       0       0
      Temps:          0       6       0       0       0
      Totals:         0       8       0       0       0
Total ram usage:        8 bytes
 Hardware stack levels used:    1
 Hardware stack levels required when called:    5
 This function calls:
		_ContadorBegin
		_IOConfiguration
		_KeypadBegin
		_SerialBegin
		_delay
		_lcdBegin
		_lcdClear
		_lcdPrint
		_lcdSetCursor
		_lcdWrite
 This function is called by:
		_main
 This function uses a non-reentrant model


 *************** function _lcdBegin *****************
 Defined at:
		line 18 in file "LCD16x2.c"
 Parameters:    Size  Location     Type
  RS              1    wreg     unsigned char 
  EN              1    0[BANK0 ] unsigned char 
  R_W             1    1[BANK0 ] unsigned char 
  d4              1    2[BANK0 ] unsigned char 
  d5              1    3[BANK0 ] unsigned char 
  d6              1    4[BANK0 ] unsigned char 
  d7              1    5[BANK0 ] unsigned char 
 Auto vars:     Size  Location     Type
  RS              1    6[BANK0 ] unsigned char 
 Return value:  Size  Location     Type
                  1    wreg      void 
 Registers used:
		wreg, fsr0l, fsr0h, status,2, status,0, btemp+1, pclath, cstack
 Tracked objects:
		On entry : 
		On exit  : 
		Unchanged: 
 Data sizes:     COMMON   BANK0   BANK1   BANK3   BANK2
      Params:         0       6       0       0       0
      Locals:         0       1       0       0       0
      Temps:          2       0       0       0       0
      Totals:         2       7       0       0       0
Total ram usage:        9 bytes
 Hardware stack levels used:    1
 Hardware stack levels required when called:    3
 This function calls:
		_WriteInstruction
		_delay
		_pinMode
 This function is called by:
		_setup
 This function uses a non-reentrant model


 *************** function _SerialBegin *****************
 Defined at:
		line 450 in file "source.c"
 Parameters:    Size  Location     Type
  BaudRate        4    6[BANK0 ] const long 
 Auto vars:     Size  Location     Type
  x               2   10[BANK0 ] unsigned int 
 Return value:  Size  Location     Type
                  1    wreg      unsigned char 
 Registers used:
		wreg, status,2, status,0, pclath, cstack
 Tracked objects:
		On entry : 
		On exit  : 
		Unchanged: 
 Data sizes:     COMMON   BANK0   BANK1   BANK3   BANK2
      Params:         0       4       0       0       0
      Locals:         0       2       0       0       0
      Temps:          4       0       0       0       0
      Totals:         4       6       0       0       0
Total ram usage:       10 bytes
 Hardware stack levels used:    1
 Hardware stack levels required when called:    1
 This function calls:
		___aldiv
 This function is called by:
		_setup
 This function uses a non-reentrant model


 *************** function ___aldiv *****************
 Defined at:
		line 5 in file "C:\Program Files (x86)\Microchip\xc8\v2.00\pic\sources\c90\common\aldiv.c"
 Parameters:    Size  Location     Type
  divisor         4    0[COMMON] long 
  dividend        4    4[COMMON] long 
 Auto vars:     Size  Location     Type
  quotient        4    2[BANK0 ] long 
  sign            1    1[BANK0 ] unsigned char 
  counter         1    0[BANK0 ] unsigned char 
 Return value:  Size  Location     Type
                  4    0[COMMON] long 
 Registers used:
		wreg, status,2, status,0
 Tracked objects:
		On entry : 
		On exit  : 
		Unchanged: 
 Data sizes:     COMMON   BANK0   BANK1   BANK3   BANK2
      Params:         8       0       0       0       0
      Locals:         0       6       0       0       0
      Temps:          1       0       0       0       0
      Totals:         9       6       0       0       0
Total ram usage:       15 bytes
 Hardware stack levels used:    1
 This function calls:
		Nothing
 This function is called by:
		_SerialBegin
 This function uses a non-reentrant model


 *************** function _KeypadBegin *****************
 Defined at:
		line 14 in file "Keypad4x4.c"
 Parameters:    Size  Location     Type
  rows            1    wreg     PTR const int 
		 -> ROWS(8), 
  cols            1    4[COMMON] PTR const int 
		 -> COLS(8), 
  data            1    5[COMMON] PTR unsigned char [4]
		 -> Teclas(16), 
 Auto vars:     Size  Location     Type
  rows            1    0[BANK0 ] PTR const int 
		 -> ROWS(8), 
  k               2    3[BANK0 ] int 
  j               2    1[BANK0 ] int 
  i               2    5[BANK0 ] int 
 Return value:  Size  Location     Type
                  1    wreg      void 
 Registers used:
		wreg, fsr0l, fsr0h, status,2, status,0, btemp+1, pclath, cstack
 Tracked objects:
		On entry : 
		On exit  : 
		Unchanged: 
 Data sizes:     COMMON   BANK0   BANK1   BANK3   BANK2
      Params:         2       0       0       0       0
      Locals:         0       7       0       0       0
      Temps:          7       0       0       0       0
      Totals:         9       7       0       0       0
Total ram usage:       16 bytes
 Hardware stack levels used:    1
 Hardware stack levels required when called:    1
 This function calls:
		_pinMode
 This function is called by:
		_setup
 This function uses a non-reentrant model


 *************** function _IOConfiguration *****************
 Defined at:
		line 311 in file "ContadoraCanicas.c"
 Parameters:    Size  Location     Type
		None
 Auto vars:     Size  Location     Type
		None
 Return value:  Size  Location     Type
                  1    wreg      void 
 Registers used:
		wreg, fsr0l, fsr0h, status,2, status,0, pclath, cstack
 Tracked objects:
		On entry : 
		On exit  : 
		Unchanged: 
 Data sizes:     COMMON   BANK0   BANK1   BANK3   BANK2
      Params:         0       0       0       0       0
      Locals:         0       0       0       0       0
      Temps:          0       0       0       0       0
      Totals:         0       0       0       0       0
Total ram usage:        0 bytes
 Hardware stack levels used:    1
 Hardware stack levels required when called:    1
 This function calls:
		_digitalWrite
		_pinMode
 This function is called by:
		_setup
 This function uses a non-reentrant model


 *************** function _pinMode *****************
 Defined at:
		line 63 in file "source.c"
 Parameters:    Size  Location     Type
  pin             1    wreg     unsigned char 
  mode            1    0[COMMON] unsigned char 
 Auto vars:     Size  Location     Type
  pin             1    3[COMMON] unsigned char 
 Return value:  Size  Location     Type
                  1    wreg      void 
 Registers used:
		wreg, fsr0l, fsr0h, status,2, status,0
 Tracked objects:
		On entry : 
		On exit  : 
		Unchanged: 
 Data sizes:     COMMON   BANK0   BANK1   BANK3   BANK2
      Params:         1       0       0       0       0
      Locals:         1       0       0       0       0
      Temps:          2       0       0       0       0
      Totals:         4       0       0       0       0
Total ram usage:        4 bytes
 Hardware stack levels used:    1
 This function calls:
		Nothing
 This function is called by:
		_IOConfiguration
		_KeypadBegin
		_lcdBegin
 This function uses a non-reentrant model


 *************** function _ContadorBegin *****************
 Defined at:
		line 355 in file "ContadoraCanicas.c"
 Parameters:    Size  Location     Type
		None
 Auto vars:     Size  Location     Type
		None
 Return value:  Size  Location     Type
                  1    wreg      void 
 Registers used:
		None
 Tracked objects:
		On entry : 
		On exit  : 
		Unchanged: 
 Data sizes:     COMMON   BANK0   BANK1   BANK3   BANK2
      Params:         0       0       0       0       0
      Locals:         0       0       0       0       0
      Temps:          0       0       0       0       0
      Totals:         0       0       0       0       0
Total ram usage:        0 bytes
 Hardware stack levels used:    1
 This function calls:
		Nothing
 This function is called by:
		_setup
 This function uses a non-reentrant model


 *************** function _loop *****************
 Defined at:
		line 102 in file "ContadoraCanicas.c"
 Parameters:    Size  Location     Type
		None
 Auto vars:     Size  Location     Type
		None
 Return value:  Size  Location     Type
                  1    wreg      void 
 Registers used:
		wreg, fsr0l, fsr0h, status,2, status,0, btemp+1, pclath, cstack
 Tracked objects:
		On entry : 
		On exit  : 
		Unchanged: 
 Data sizes:     COMMON   BANK0   BANK1   BANK3   BANK2
      Params:         0       0       0       0       0
      Locals:         0       0       0       0       0
      Temps:          0       5       0       0       0
      Totals:         0       5       0       0       0
Total ram usage:        5 bytes
 Hardware stack levels used:    1
 Hardware stack levels required when called:    5
 This function calls:
		_Contador
		_KeypadRead
		___bmul
		_delay
		_digitalRead
		_digitalWrite
		_lcdClear
		_lcdPrint
		_lcdSetCursor
		_sprintf
 This function is called by:
		_main
 This function uses a non-reentrant model


 *************** function _sprintf *****************
 Defined at:
		line 500 in file "C:\Program Files (x86)\Microchip\xc8\v2.00\pic\sources\c90\common\doprnt.c"
 Parameters:    Size  Location     Type
  sp              1    wreg     PTR unsigned char 
		 -> SecondROW(16), FirstROW(16), 
  f               1    0[BANK0 ] PTR const unsigned char 
		 -> STR_12(11), STR_10(16), STR_9(14), STR_8(17), 
		 -> STR_7(15), 
 Auto vars:     Size  Location     Type
  sp              1   13[BANK0 ] PTR unsigned char 
		 -> SecondROW(16), FirstROW(16), 
  tmpval          4    0        struct .
  val             2   11[BANK0 ] unsigned int 
  cp              2    0        PTR const unsigned char 
  len             2    0        unsigned int 
  c               1   14[BANK0 ] unsigned char 
  flag            1   10[BANK0 ] unsigned char 
  ap              1    9[BANK0 ] PTR void [1]
		 -> ?_sprintf(2), 
  prec            1    8[BANK0 ] char 
 Return value:  Size  Location     Type
                  2    0[BANK0 ] int 
 Registers used:
		wreg, fsr0l, fsr0h, status,2, status,0, btemp+1, pclath, cstack
 Tracked objects:
		On entry : 
		On exit  : 
		Unchanged: 
 Data sizes:     COMMON   BANK0   BANK1   BANK3   BANK2
      Params:         0       5       0       0       0
      Locals:         0       7       0       0       0
      Temps:          0       3       0       0       0
      Totals:         0      15       0       0       0
Total ram usage:       15 bytes
 Hardware stack levels used:    1
 Hardware stack levels required when called:    1
 This function calls:
		___lwdiv
		___lwmod
 This function is called by:
		_loop
 This function uses a non-reentrant model


 *************** function ___lwmod *****************
 Defined at:
		line 5 in file "C:\Program Files (x86)\Microchip\xc8\v2.00\pic\sources\c90\common\lwmod.c"
 Parameters:    Size  Location     Type
  divisor         2    8[COMMON] unsigned int 
  dividend        2   10[COMMON] unsigned int 
 Auto vars:     Size  Location     Type
  counter         1   13[COMMON] unsigned char 
 Return value:  Size  Location     Type
                  2    8[COMMON] unsigned int 
 Registers used:
		wreg, status,2, status,0
 Tracked objects:
		On entry : 
		On exit  : 
		Unchanged: 
 Data sizes:     COMMON   BANK0   BANK1   BANK3   BANK2
      Params:         4       0       0       0       0
      Locals:         1       0       0       0       0
      Temps:          1       0       0       0       0
      Totals:         6       0       0       0       0
Total ram usage:        6 bytes
 Hardware stack levels used:    1
 This function calls:
		Nothing
 This function is called by:
		_sprintf
 This function uses a non-reentrant model


 *************** function ___lwdiv *****************
 Defined at:
		line 5 in file "C:\Program Files (x86)\Microchip\xc8\v2.00\pic\sources\c90\common\lwdiv.c"
 Parameters:    Size  Location     Type
  divisor         2    0[COMMON] unsigned int 
  dividend        2    2[COMMON] unsigned int 
 Auto vars:     Size  Location     Type
  quotient        2    5[COMMON] unsigned int 
  counter         1    7[COMMON] unsigned char 
 Return value:  Size  Location     Type
                  2    0[COMMON] unsigned int 
 Registers used:
		wreg, status,2, status,0
 Tracked objects:
		On entry : 
		On exit  : 
		Unchanged: 
 Data sizes:     COMMON   BANK0   BANK1   BANK3   BANK2
      Params:         4       0       0       0       0
      Locals:         3       0       0       0       0
      Temps:          1       0       0       0       0
      Totals:         8       0       0       0       0
Total ram usage:        8 bytes
 Hardware stack levels used:    1
 This function calls:
		Nothing
 This function is called by:
		_sprintf
 This function uses a non-reentrant model


 *************** function _lcdSetCursor *****************
 Defined at:
		line 46 in file "LCD16x2.c"
 Parameters:    Size  Location     Type
  row             1    wreg     unsigned char 
  column          1   12[COMMON] unsigned char 
 Auto vars:     Size  Location     Type
  row             1    0[BANK0 ] unsigned char 
  location        1    1[BANK0 ] unsigned char 
 Return value:  Size  Location     Type
                  1    wreg      void 
 Registers used:
		wreg, fsr0l, fsr0h, status,2, status,0, btemp+1, pclath, cstack
 Tracked objects:
		On entry : 
		On exit  : 
		Unchanged: 
 Data sizes:     COMMON   BANK0   BANK1   BANK3   BANK2
      Params:         1       0       0       0       0
      Locals:         0       2       0       0       0
      Temps:          1       0       0       0       0
      Totals:         2       2       0       0       0
Total ram usage:        4 bytes
 Hardware stack levels used:    1
 Hardware stack levels required when called:    3
 This function calls:
		_WriteInstruction
 This function is called by:
		_setup
		_loop
		_PruebaLCD_Keypad
 This function uses a non-reentrant model


 *************** function _lcdPrint *****************
 Defined at:
		line 69 in file "LCD16x2.c"
 Parameters:    Size  Location     Type
  string          2    0[BANK0 ] PTR unsigned char 
		 -> STR_13(17), STR_11(17), SecondROW(16), FirstROW(16), 
		 -> STR_6(14), STR_5(17), STR_4(17), STR_3(17), 
		 -> STR_2(17), STR_1(17), 
 Auto vars:     Size  Location     Type
  i               2    5[BANK0 ] int 
 Return value:  Size  Location     Type
                  1    wreg      void 
 Registers used:
		wreg, fsr0l, fsr0h, status,2, status,0, btemp+1, pclath, cstack
 Tracked objects:
		On entry : 
		On exit  : 
		Unchanged: 
 Data sizes:     COMMON   BANK0   BANK1   BANK3   BANK2
      Params:         0       2       0       0       0
      Locals:         0       2       0       0       0
      Temps:          0       3       0       0       0
      Totals:         0       7       0       0       0
Total ram usage:        7 bytes
 Hardware stack levels used:    1
 Hardware stack levels required when called:    4
 This function calls:
		_lcdWrite
 This function is called by:
		_setup
		_loop
 This function uses a non-reentrant model


 *************** function _lcdWrite *****************
 Defined at:
		line 64 in file "LCD16x2.c"
 Parameters:    Size  Location     Type
  data            1    wreg     unsigned char 
 Auto vars:     Size  Location     Type
  data            1   12[COMMON] unsigned char 
 Return value:  Size  Location     Type
                  1    wreg      void 
 Registers used:
		wreg, fsr0l, fsr0h, status,2, status,0, btemp+1, pclath, cstack
 Tracked objects:
		On entry : 
		On exit  : 
		Unchanged: 
 Data sizes:     COMMON   BANK0   BANK1   BANK3   BANK2
      Params:         0       0       0       0       0
      Locals:         1       0       0       0       0
      Temps:          0       0       0       0       0
      Totals:         1       0       0       0       0
Total ram usage:        1 bytes
 Hardware stack levels used:    1
 Hardware stack levels required when called:    3
 This function calls:
		_WriteData
		_delay
 This function is called by:
		_setup
		_lcdPrint
		_PruebaLCD_Keypad
 This function uses a non-reentrant model


 *************** function _WriteData *****************
 Defined at:
		line 148 in file "LCD16x2.c"
 Parameters:    Size  Location     Type
  data            1    wreg     unsigned char 
 Auto vars:     Size  Location     Type
  data            1   10[COMMON] unsigned char 
  MSNibble        1   11[COMMON] unsigned char 
  LSNibble        1    9[COMMON] unsigned char 
 Return value:  Size  Location     Type
                  1    wreg      void 
 Registers used:
		wreg, fsr0l, fsr0h, status,2, status,0, btemp+1, pclath, cstack
 Tracked objects:
		On entry : 
		On exit  : 
		Unchanged: 
 Data sizes:     COMMON   BANK0   BANK1   BANK3   BANK2
      Params:         0       0       0       0       0
      Locals:         3       0       0       0       0
      Temps:          2       0       0       0       0
      Totals:         5       0       0       0       0
Total ram usage:        5 bytes
 Hardware stack levels used:    1
 Hardware stack levels required when called:    2
 This function calls:
		_ByteByNibble
		_delay
		_digitalWrite
 This function is called by:
		_lcdWrite
 This function uses a non-reentrant model


 *************** function _lcdClear *****************
 Defined at:
		line 42 in file "LCD16x2.c"
 Parameters:    Size  Location     Type
		None
 Auto vars:     Size  Location     Type
		None
 Return value:  Size  Location     Type
                  1    wreg      void 
 Registers used:
		wreg, fsr0l, fsr0h, status,2, status,0, btemp+1, pclath, cstack
 Tracked objects:
		On entry : 
		On exit  : 
		Unchanged: 
 Data sizes:     COMMON   BANK0   BANK1   BANK3   BANK2
      Params:         0       0       0       0       0
      Locals:         0       0       0       0       0
      Temps:          0       0       0       0       0
      Totals:         0       0       0       0       0
Total ram usage:        0 bytes
 Hardware stack levels used:    1
 Hardware stack levels required when called:    3
 This function calls:
		_WriteInstruction
 This function is called by:
		_setup
		_loop
		_PruebaLCD_Keypad
 This function uses a non-reentrant model


 *************** function _WriteInstruction *****************
 Defined at:
		line 125 in file "LCD16x2.c"
 Parameters:    Size  Location     Type
  instruction     1    wreg     unsigned char 
 Auto vars:     Size  Location     Type
  instruction     1   10[COMMON] unsigned char 
  MSNibble        1   11[COMMON] unsigned char 
  LSNibble        1    9[COMMON] unsigned char 
 Return value:  Size  Location     Type
                  1    wreg      void 
 Registers used:
		wreg, fsr0l, fsr0h, status,2, status,0, btemp+1, pclath, cstack
 Tracked objects:
		On entry : 
		On exit  : 
		Unchanged: 
 Data sizes:     COMMON   BANK0   BANK1   BANK3   BANK2
      Params:         0       0       0       0       0
      Locals:         3       0       0       0       0
      Temps:          2       0       0       0       0
      Totals:         5       0       0       0       0
Total ram usage:        5 bytes
 Hardware stack levels used:    1
 Hardware stack levels required when called:    2
 This function calls:
		_ByteByNibble
		_delay
		_digitalWrite
 This function is called by:
		_lcdBegin
		_lcdClear
		_lcdSetCursor
 This function uses a non-reentrant model


 *************** function _ByteByNibble *****************
 Defined at:
		line 171 in file "LCD16x2.c"
 Parameters:    Size  Location     Type
  NibbleValue     1    wreg     unsigned char 
 Auto vars:     Size  Location     Type
  NibbleValue     1    6[COMMON] unsigned char 
 Return value:  Size  Location     Type
                  1    wreg      void 
 Registers used:
		wreg, fsr0l, fsr0h, status,2, status,0, pclath, cstack
 Tracked objects:
		On entry : 
		On exit  : 
		Unchanged: 
 Data sizes:     COMMON   BANK0   BANK1   BANK3   BANK2
      Params:         0       0       0       0       0
      Locals:         1       0       0       0       0
      Temps:          2       0       0       0       0
      Totals:         3       0       0       0       0
Total ram usage:        3 bytes
 Hardware stack levels used:    1
 Hardware stack levels required when called:    1
 This function calls:
		_digitalWrite
 This function is called by:
		_WriteInstruction
		_WriteData
 This function uses a non-reentrant model


 *************** function ___bmul *****************
 Defined at:
		line 4 in file "C:\Program Files (x86)\Microchip\xc8\v2.00\pic\sources\c90\common\Umul8.c"
 Parameters:    Size  Location     Type
  multiplier      1    wreg     unsigned char 
  multiplicand    1    0[COMMON] unsigned char 
 Auto vars:     Size  Location     Type
  multiplier      1    3[COMMON] unsigned char 
  product         1    2[COMMON] unsigned char 
 Return value:  Size  Location     Type
                  1    wreg      unsigned char 
 Registers used:
		wreg, status,2, status,0
 Tracked objects:
		On entry : 
		On exit  : 
		Unchanged: 
 Data sizes:     COMMON   BANK0   BANK1   BANK3   BANK2
      Params:         1       0       0       0       0
      Locals:         2       0       0       0       0
      Temps:          1       0       0       0       0
      Totals:         4       0       0       0       0
Total ram usage:        4 bytes
 Hardware stack levels used:    1
 This function calls:
		Nothing
 This function is called by:
		_loop
 This function uses a non-reentrant model


 *************** function _KeypadRead *****************
 Defined at:
		line 33 in file "Keypad4x4.c"
 Parameters:    Size  Location     Type
		None
 Auto vars:     Size  Location     Type
		None
 Return value:  Size  Location     Type
                  1    wreg      unsigned char 
 Registers used:
		wreg, fsr0l, fsr0h, status,2, status,0, btemp+1, pclath, cstack
 Tracked objects:
		On entry : 
		On exit  : 
		Unchanged: 
 Data sizes:     COMMON   BANK0   BANK1   BANK3   BANK2
      Params:         0       0       0       0       0
      Locals:         0       0       0       0       0
      Temps:          0       0       0       0       0
      Totals:         0       0       0       0       0
Total ram usage:        0 bytes
 Hardware stack levels used:    1
 Hardware stack levels required when called:    1
 This function calls:
		_delay
		_digitalRead
		_digitalWrite
 This function is called by:
		_loop
		_PruebaLCD_Keypad
 This function uses a non-reentrant model


 *************** function _digitalWrite *****************
 Defined at:
		line 169 in file "source.c"
 Parameters:    Size  Location     Type
  pin             1    wreg     unsigned char 
  value           1    0[COMMON] unsigned char 
 Auto vars:     Size  Location     Type
  pin             1    3[COMMON] unsigned char 
 Return value:  Size  Location     Type
                  1    wreg      void 
 Registers used:
		wreg, fsr0l, fsr0h, status,2, status,0
 Tracked objects:
		On entry : 
		On exit  : 
		Unchanged: 
 Data sizes:     COMMON   BANK0   BANK1   BANK3   BANK2
      Params:         1       0       0       0       0
      Locals:         1       0       0       0       0
      Temps:          2       0       0       0       0
      Totals:         4       0       0       0       0
Total ram usage:        4 bytes
 Hardware stack levels used:    1
 This function calls:
		Nothing
 This function is called by:
		_loop
		_IOConfiguration
		_KeypadRead
		_WriteInstruction
		_WriteData
		_ByteByNibble
		_lcdWritePort
 This function uses a non-reentrant model


 *************** function _digitalRead *****************
 Defined at:
		line 260 in file "source.c"
 Parameters:    Size  Location     Type
  pin             1    wreg     unsigned char 
 Auto vars:     Size  Location     Type
  pin             1    2[COMMON] unsigned char 
 Return value:  Size  Location     Type
                  1    wreg      unsigned char 
 Registers used:
		wreg, fsr0l, fsr0h, status,2, status,0
 Tracked objects:
		On entry : 
		On exit  : 
		Unchanged: 
 Data sizes:     COMMON   BANK0   BANK1   BANK3   BANK2
      Params:         0       0       0       0       0
      Locals:         1       0       0       0       0
      Temps:          2       0       0       0       0
      Totals:         3       0       0       0       0
Total ram usage:        3 bytes
 Hardware stack levels used:    1
 This function calls:
		Nothing
 This function is called by:
		_loop
		_KeypadRead
 This function uses a non-reentrant model


 *************** function _delay *****************
 Defined at:
		line 626 in file "source.c"
 Parameters:    Size  Location     Type
  milis           2    0[COMMON] const int 
 Auto vars:     Size  Location     Type
  i               2    5[COMMON] int 
  j               2    3[COMMON] int 
 Return value:  Size  Location     Type
                  1    wreg      void 
 Registers used:
		wreg, status,2, btemp+1
 Tracked objects:
		On entry : 
		On exit  : 
		Unchanged: 
 Data sizes:     COMMON   BANK0   BANK1   BANK3   BANK2
      Params:         2       0       0       0       0
      Locals:         4       0       0       0       0
      Temps:          1       0       0       0       0
      Totals:         7       0       0       0       0
Total ram usage:        7 bytes
 Hardware stack levels used:    1
 This function calls:
		Nothing
 This function is called by:
		_setup
		_loop
		_KeypadRead
		_lcdBegin
		_lcdWrite
		_WriteInstruction
		_WriteData
		_PruebaLCD_Keypad
 This function uses a non-reentrant model


 *************** function _Contador *****************
 Defined at:
		line 342 in file "ContadoraCanicas.c"
 Parameters:    Size  Location     Type
  mode            1    wreg     unsigned char 
 Auto vars:     Size  Location     Type
  mode            1    0[COMMON] unsigned char 
 Return value:  Size  Location     Type
                  1    wreg      unsigned char 
 Registers used:
		wreg, status,2, status,0
 Tracked objects:
		On entry : 
		On exit  : 
		Unchanged: 
 Data sizes:     COMMON   BANK0   BANK1   BANK3   BANK2
      Params:         0       0       0       0       0
      Locals:         1       0       0       0       0
      Temps:          0       0       0       0       0
      Totals:         1       0       0       0       0
Total ram usage:        1 bytes
 Hardware stack levels used:    1
 This function calls:
		Nothing
 This function is called by:
		_loop
 This function uses a non-reentrant model


 *************** function _Initialization *****************
 Defined at:
		line 18 in file "source.c"
 Parameters:    Size  Location     Type
		None
 Auto vars:     Size  Location     Type
		None
 Return value:  Size  Location     Type
                  1    wreg      void 
 Registers used:
		wreg, status,2, status,0, pclath, cstack
 Tracked objects:
		On entry : 
		On exit  : 
		Unchanged: 
 Data sizes:     COMMON   BANK0   BANK1   BANK3   BANK2
      Params:         0       0       0       0       0
      Locals:         0       0       0       0       0
      Temps:          0       0       0       0       0
      Totals:         0       0       0       0       0
Total ram usage:        0 bytes
 Hardware stack levels used:    1
 Hardware stack levels required when called:    1
 This function calls:
		_CCP1Configuration
		_CCP2Configuration
 This function is called by:
		_main
 This function uses a non-reentrant model


 *************** function _CCP2Configuration *****************
 Defined at:
		line 55 in file "source.c"
 Parameters:    Size  Location     Type
		None
 Auto vars:     Size  Location     Type
		None
 Return value:  Size  Location     Type
                  1    wreg      void 
 Registers used:
		wreg
 Tracked objects:
		On entry : 
		On exit  : 
		Unchanged: 
 Data sizes:     COMMON   BANK0   BANK1   BANK3   BANK2
      Params:         0       0       0       0       0
      Locals:         0       0       0       0       0
      Temps:          0       0       0       0       0
      Totals:         0       0       0       0       0
Total ram usage:        0 bytes
 Hardware stack levels used:    1
 This function calls:
		Nothing
 This function is called by:
		_Initialization
 This function uses a non-reentrant model


 *************** function _CCP1Configuration *****************
 Defined at:
		line 44 in file "source.c"
 Parameters:    Size  Location     Type
		None
 Auto vars:     Size  Location     Type
		None
 Return value:  Size  Location     Type
                  1    wreg      void 
 Registers used:
		wreg
 Tracked objects:
		On entry : 
		On exit  : 
		Unchanged: 
 Data sizes:     COMMON   BANK0   BANK1   BANK3   BANK2
      Params:         0       0       0       0       0
      Locals:         0       0       0       0       0
      Temps:          0       0       0       0       0
      Totals:         0       0       0       0       0
Total ram usage:        0 bytes
 Hardware stack levels used:    1
 This function calls:
		Nothing
 This function is called by:
		_Initialization
 This function uses a non-reentrant model



MODULE INFORMATION

Module		Function		Class		Link	Load	Size
LCD16x2.c
		_lcdSetCursor  		CODE           	1225	0000	45
		_WriteInstruction		CODE           	1325	0000	131
		_lcdBegin      		CODE           	14AF	0000	163
		_WriteData     		CODE           	13A7	0000	132
		_lcdClear      		CODE           	1180	0000	8
		_lcdWrite      		CODE           	1198	0000	18
		_ByteByNibble  		CODE           	0D52	0000	687
		_lcdPrint      		CODE           	1292	0000	73

LCD16x2.c estimated size: 1257

C:\Program Files (x86)\Microchip\xc8\v2.00\pic\sources\c90\common\lwmod.c
		___lwmod       		CODE           	1251	0000	66

C:\Program Files (x86)\Microchip\xc8\v2.00\pic\sources\c90\common\lwmod.c estimated size: 66

C:\Program Files (x86)\Microchip\xc8\v2.00\pic\sources\c90\common\doprnt.c
		_sprintf       		CODE           	08CE	0000	280

C:\Program Files (x86)\Microchip\xc8\v2.00\pic\sources\c90\common\doprnt.c estimated size: 280

Keypad4x4.c
		_KeypadRead    		CODE           	0060	0000	856
		_KeypadBegin   		CODE           	15F6	0000	249

Keypad4x4.c estimated size: 1105

C:\Program Files (x86)\Microchip\xc8\v2.00\pic\sources\c90\common\lwdiv.c
		___lwdiv       		CODE           	12DA	0000	76

C:\Program Files (x86)\Microchip\xc8\v2.00\pic\sources\c90\common\lwdiv.c estimated size: 76

source.c
		_delay         		CODE           	0012	0000	79
		_main          		CODE           	11BC	0000	22
		_SerialBegin   		CODE           	1551	0000	166
		_digitalRead   		CODE           	0C29	0000	298
		_digitalWrite  		CODE           	0B06	0000	292
		_CCP1Configuration		CODE           	0007	0000	12
		_CCP2Configuration		CODE           	117B	0000	6
		_Initialization		CODE           	0802	0000	39
		_pinMode       		CODE           	09E5	0000	290

source.c estimated size: 1204

C:\Program Files (x86)\Microchip\xc8\v2.00\pic\sources\c90\common\Umul8.c
		___bmul        		CODE           	11D1	0000	26

C:\Program Files (x86)\Microchip\xc8\v2.00\pic\sources\c90\common\Umul8.c estimated size: 26

shared
		_RnW           		STRING         	1025	0000	2
		__stringtab    		STRING         	1000	0000	17
		_En            		STRING         	1024	0000	2
		_Alarma        		STRING         	101D	0000	2
		_SensorCajas   		STRING         	101A	0000	2
		_dpowers       		STRING         	1010	0000	11
		_MotorCanicas  		STRING         	101F	0000	2
		_SensorCanicas 		STRING         	101B	0000	2
		__initialization		CODE           	07D1	0000	44
		_ROWS          		STRING         	102F	0000	9
		_RS            		STRING         	1026	0000	2
		_Banda         		STRING         	101E	0000	2
		_IndicadorCanicas		STRING         	101C	0000	2
		_COLS          		STRING         	1027	0000	9
		_D4            		STRING         	1023	0000	2
		_D5            		STRING         	1022	0000	2
		_D6            		STRING         	1021	0000	2
		_D7            		STRING         	1020	0000	2

shared estimated size: 116

C:\Program Files (x86)\Microchip\xc8\v2.00\pic\sources\c90\common\aldiv.c
		___aldiv       		CODE           	0828	0000	167

C:\Program Files (x86)\Microchip\xc8\v2.00\pic\sources\c90\common\aldiv.c estimated size: 167

ContadoraCanicas.c
		_loop          		CODE           	03B7	0000	1051
		_Contador      		CODE           	11EA	0000	28
		_ContadorBegin 		CODE           	118F	0000	10
		_setup         		CODE           	16EE	0000	275
		_IOConfiguration		CODE           	142A	0000	134

ContadoraCanicas.c estimated size: 1498

