Microchip MPLAB XC8 Compiler V2.00 ()

Linker command line:

-W-3 --edf=C:\Program Files (x86)\Microchip\xc8\v2.00\pic\dat\en_msgs.txt \
  -cs -h+dist/default/production\Hormiga_4550.X.production.sym \
  --cmf=dist/default/production\Hormiga_4550.X.production.cmf -z -Q18F4550 \
  -oC:\Users\c4810\AppData\Local\Temp\s9k.2 --defsym=__MPLAB_BUILD=1 \
  -Mdist/default/production/Hormiga_4550.X.production.map -E1 -ver=XC8 \
  --acfsm=1493 -ASTACK=060h-07ffh -pstack=STACK -ACODE=020h-07D00h \
  -ACONST=020h-07D00h -ASMALLCONST=0800h-08FFhx117,07D00h-07D00h \
  -AMEDIUMCONST=0800h-07D00h -ACOMRAM=01h-05Fh -AABS1=00h-07FFh \
  -ABIGRAM=01h-07FFh -ARAM=060h-0FFh,0100h-01FFhx7 -ABANK0=060h-0FFh \
  -ABANK1=0100h-01FFh -ABANK2=0200h-02FFh -ABANK3=0300h-03FFh \
  -ABANK4=0400h-04FFh -ABANK5=0500h-05FFh -ABANK6=0600h-06FFh \
  -ABANK7=0700h-07FFh -ASFR=0F60h-0FFFh \
  -preset_vec=00h,intcode=08h,intcodelo,powerup,init -pramtop=0800h \
  -psmallconst=SMALLCONST -pmediumconst=MEDIUMCONST -pconst=CONST \
  -AFARRAM=00h-00h -ACONFIG=0300000h-030000Dh -pconfig=CONFIG \
  -AIDLOC=0200000h-0200007h -pidloc=IDLOC -AEEDATA=0F00000h-0F000FFh \
  -peeprom_data=EEDATA \
  -prdata=COMRAM,nvrram=COMRAM,nvbit=COMRAM,rbss=COMRAM,rbit=COMRAM \
  -pfarbss=FARRAM,fardata=FARRAM,nvFARRAM=FARRAM \
  -pintsave_regs=BIGRAM,bigbss=BIGRAM,bigdata=BIGRAM -pbss=RAM \
  -pidata=CODE,irdata=CODE,ibigdata=CODE,ifardata=CODE -prparam=COMRAM \
  C:\Users\c4810\AppData\Local\Temp\s9k.o \
  dist/default/production\Hormiga_4550.X.production.o 

Object code version is 3.11

Machine type is 18F4550

Call graph: (short form)




                Name                               Link     Load   Length Selector   Space Scale
C:\Users\c4810\AppData\Local\Temp\s9k.o
                init                                  E        E        4        4       0
                reset_vec                             0        0        4        0       0
                idloc                            200000   200000        8   200000       0
                config                           300000   300000        E   300000       0
dist/default/production\Hormiga_4550.X.production.o
                intcode                               8        8        6        4       0
                temp                                 13       13        1        1       1
                intcode_body                       7BC8     7BC8       2E     3DE4       0
                text8                              7B7C     7B7C       16     3DBE       0
                text7                              7C7C     7C7C       84     3E3E       0
                text6                              7B68     7B68       14     3DB4       0
                text5                              7C26     7C26       56     3E13       0
                text4                              7B62     7B62        6     3DB1       0
                text3                              7BF6     7BF6       30     3DFB       0
                text2                              7B5E     7B5E        2     3DAF       0
                text1                              7B60     7B60        2     3DB0       0
                text0                              7BAC     7BAC       1C     3DD6       0
                cstackCOMRAM                          B        B        8        1       1
                bssCOMRAM                             1        1        A        1       1
                cinit                              7B92     7B92       1A     3DC9       0

TOTAL           Name                               Link     Load   Length     Space
        CLASS   STACK          

        CLASS   CODE           
                intcode                               8        8        6         0
                init                                  E        E        4         0
                reset_vec                             0        0        4         0
                intcode_body                       7BC8     7BC8       2E         0
                text8                              7B7C     7B7C       16         0
                text7                              7C7C     7C7C       84         0
                text6                              7B68     7B68       14         0
                text5                              7C26     7C26       56         0
                text4                              7B62     7B62        6         0
                text3                              7BF6     7BF6       30         0
                text2                              7B5E     7B5E        2         0
                text1                              7B60     7B60        2         0
                text0                              7BAC     7BAC       1C         0
                cinit                              7B92     7B92       1A         0

        CLASS   CONST          

        CLASS   SMALLCONST     

        CLASS   MEDIUMCONST    

        CLASS   COMRAM         
                temp                                 13       13        1         1
                cstackCOMRAM                          B        B        8         1
                bssCOMRAM                             1        1        A         1

        CLASS   ABS1           

        CLASS   BIGRAM         

        CLASS   RAM            

        CLASS   BANK0          

        CLASS   BANK1          

        CLASS   BANK2          

        CLASS   BANK3          

        CLASS   BANK4          

        CLASS   BANK5          

        CLASS   BANK6          

        CLASS   BANK7          

        CLASS   SFR            

        CLASS   FARRAM         

        CLASS   CONFIG         
                config                           300000   300000        E         0

        CLASS   IDLOC          
                idloc                            200000   200000        8         0

        CLASS   EEDATA         



SEGMENTS        Name                           Load    Length   Top    Selector   Space  Class

                reset_vec                      000000  000004  000004         0       0  CODE    
                bssCOMRAM                      000001  000013  000014         1       1  COMRAM  
                intcode                        000008  00000A  000012         4       0  CODE    
                text2                          007B5E  000002  007B60      3DAF       0  CODE    
                text1                          007B60  000002  007B62      3DB0       0  CODE    
                text4                          007B62  000006  007B68      3DB1       0  CODE    
                text6                          007B68  000014  007B7C      3DB4       0  CODE    
                text8                          007B7C  000016  007B92      3DBE       0  CODE    
                cinit                          007B92  00001A  007BAC      3DC9       0  CODE    
                text0                          007BAC  00001C  007BC8      3DD6       0  CODE    
                intcode_body                   007BC8  00002E  007BF6      3DE4       0  CODE    
                text3                          007BF6  000030  007C26      3DFB       0  CODE    
                text5                          007C26  000056  007C7C      3E13       0  CODE    
                text7                          007C7C  000084  007D00      3E3E       0  CODE    
                idloc                          200000  000008  200008    200000       0  IDLOC   
                config                         300000  00000E  30000E    300000       0  CONFIG  


UNUSED ADDRESS RANGES

        Name                Unused          Largest block    Delta
        BANK0            000060-0000FF               A0
        BANK1            000100-0001FF              100
        BANK2            000200-0002FF              100
        BANK3            000300-0003FF              100
        BANK4            000400-0004FF              100
        BANK5            000500-0005FF              100
        BANK6            000600-0006FF              100
        BANK7            000700-0007FF              100
        BIGRAM           000014-0007FF              7EC
        CODE             000020-007B5D             7B3E
                         007D00-007D00                1
        COMRAM           000014-00005F               4C
        CONST            000020-007B5D             7B3E
                         007D00-007D00                1
        EEDATA           F00000-F000FF              100
        MEDIUMCONST      000800-007B5D             735E
                         007D00-007D00                1
        RAM              000060-0007FF              100
        SFR              000F60-000FFF               A0
        SMALLCONST       000800-007B5D              100
                         007D00-007D00                1
        STACK            000060-0007FF              7A0

                                  Symbol Table

CCPConfig@TMR2PRESCALE         cstackCOMRAM 00000F
CCPConfig@pwm1                 cstackCOMRAM 00000B
TMR0Config@mode                cstackCOMRAM 00000D
_ADCConfig                     text8        007B7C
_ADCON0                        (abs)        000FC2
_ADCON0bits                    (abs)        000FC2
_ADCON1                        (abs)        000FC1
_ADCON2                        (abs)        000FC0
_ADRESH                        (abs)        000FC4
_ADRESL                        (abs)        000FC3
_BRGH                          (abs)        007D62
_CCP1CONbits                   (abs)        000FBD
_CCP1M2                        (abs)        007DEA
_CCP1M3                        (abs)        007DEB
_CCP2CONbits                   (abs)        000FBA
_CCPConfig                     text7        007C7C
_CCPR1L                        (abs)        000FBE
_CCPR2L                        (abs)        000FBB
_CREN                          (abs)        007D5C
_DC1B0                         (abs)        007DEC
_DC1B1                         (abs)        007DED
_FERR                          (abs)        007D5A
_INTCONbits                    (abs)        000FF2
_LATAbits                      (abs)        000F89
_LATBbits                      (abs)        000F8A
_LATCbits                      (abs)        000F8B
_LATDbits                      (abs)        000F8C
_OERR                          (abs)        007D59
_PIR1bits                      (abs)        000F9E
_PORTAbits                     (abs)        000F80
_PORTBbits                     (abs)        000F81
_PORTCbits                     (abs)        000F82
_PORTDbits                     (abs)        000F83
_PORTEbits                     (abs)        000F84
_PORTSConfiguration            text6        007B68
_PR2                           (abs)        000FCB
_RCIDL                         (abs)        007DC6
_RCIF                          (abs)        007CF5
_RCREG                         (abs)        000FAE
_SPBRG                         (abs)        000FAF
_SPBRG_Register                bssCOMRAM    000009
_SPEN                          (abs)        007D5F
_SYNC                          (abs)        007D64
_T0CON                         (abs)        000FD5
_T0CONbits                     (abs)        000FD5
_T1CON                         (abs)        000FCD
_T1CONbits                     (abs)        000FCD
_T2CKPS0                       (abs)        007E50
_T2CKPS1                       (abs)        007E51
_TMR0                          (abs)        000FD6
_TMR0Config                    text5        007C26
_TMR0H                         (abs)        000FD7
_TMR0L                         (abs)        000FD6
_TMR1Config                    text4        007B62
_TMR1H                         (abs)        000FCF
_TMR1L                         (abs)        000FCE
_TMR2ON                        (abs)        007E52
_TRISA                         (abs)        000F92
_TRISAbits                     (abs)        000F92
_TRISB                         (abs)        000F93
_TRISBbits                     (abs)        000F93
_TRISC                         (abs)        000F94
_TRISC6                        (abs)        007CA6
_TRISC7                        (abs)        007CA7
_TRISCbits                     (abs)        000F94
_TRISD                         (abs)        000F95
_TRISDbits                     (abs)        000F95
_TRISEbits                     (abs)        000F96
_TRMT                          (abs)        007D61
_TXEN                          (abs)        007D65
_TXIF                          (abs)        007CF4
_TXREG                         (abs)        000FAD
_TimerOverflow                 intcode      000008
__CFG_BOR$OFF                  (abs)        000000
__CFG_BORV$3                   (abs)        000000
__CFG_CCP2MX$ON                (abs)        000000
__CFG_CP0$OFF                  (abs)        000000
__CFG_CP1$OFF                  (abs)        000000
__CFG_CP2$OFF                  (abs)        000000
__CFG_CP3$OFF                  (abs)        000000
__CFG_CPB$OFF                  (abs)        000000
__CFG_CPD$OFF                  (abs)        000000
__CFG_CPUDIV$OSC3_PLL4         (abs)        000000
__CFG_EBTR0$OFF                (abs)        000000
__CFG_EBTR1$OFF                (abs)        000000
__CFG_EBTR2$OFF                (abs)        000000
__CFG_EBTR3$OFF                (abs)        000000
__CFG_EBTRB$OFF                (abs)        000000
__CFG_FCMEN$OFF                (abs)        000000
__CFG_FOSC$HSPLL_HS            (abs)        000000
__CFG_ICPRT$OFF                (abs)        000000
__CFG_IESO$OFF                 (abs)        000000
__CFG_LPT1OSC$OFF              (abs)        000000
__CFG_LVP$OFF                  (abs)        000000
__CFG_MCLRE$ON                 (abs)        000000
__CFG_PBADEN$OFF               (abs)        000000
__CFG_PLLDIV$5                 (abs)        000000
__CFG_PWRT$OFF                 (abs)        000000
__CFG_STVREN$ON                (abs)        000000
__CFG_USBDIV$1                 (abs)        000000
__CFG_VREGEN$OFF               (abs)        000000
__CFG_WDT$OFF                  (abs)        000000
__CFG_WDTPS$32768              (abs)        000000
__CFG_WRT0$OFF                 (abs)        000000
__CFG_WRT1$OFF                 (abs)        000000
__CFG_WRT2$OFF                 (abs)        000000
__CFG_WRT3$OFF                 (abs)        000000
__CFG_WRTB$OFF                 (abs)        000000
__CFG_WRTC$OFF                 (abs)        000000
__CFG_WRTD$OFF                 (abs)        000000
__CFG_XINST$OFF                (abs)        000000
__HRAM                         (abs)        000000
__Habs1                        abs1         000000
__Hbank0                       bank0        000000
__Hbank1                       bank1        000000
__Hbank2                       bank2        000000
__Hbank3                       bank3        000000
__Hbank4                       bank4        000000
__Hbank5                       bank5        000000
__Hbank6                       bank6        000000
__Hbank7                       bank7        000000
__Hbigbss                      bigbss       000000
__Hbigdata                     bigdata      000000
__Hbigram                      bigram       000000
__Hbss                         bss          000000
__HbssCOMRAM                   bssCOMRAM    000000
__Hcinit                       cinit        000000
__Hclrtext                     clrtext      000000
__Hcomram                      comram       000000
__Hconfig                      config       30000E
__Hconst                       const        000000
__HcstackCOMRAM                cstackCOMRAM 000000
__Hdata                        data         000000
__Heeprom_data                 eeprom_data  000000
__Hfarbss                      farbss       000000
__Hfardata                     fardata      000000
__Hibigdata                    ibigdata     000000
__Hidata                       idata        000000
__Hidloc                       idloc        200008
__Hifardata                    ifardata     000000
__Hinit                        init         000012
__Hintcode                     intcode      00000E
__Hintcode_body                intcode_body 000000
__Hintcodelo                   intcodelo    00000E
__Hintentry                    intentry     000000
__Hintret                      intret       000000
__Hintsave_regs                intsave_regs 000000
__Hirdata                      irdata       000000
__Hmediumconst                 mediumconst  000000
__HnvFARRAM                    nvFARRAM     000000
__Hnvbit                       nvbit        000000
__Hnvrram                      nvrram       000000
__Hparam                       rparam       000000
__Hpowerup                     powerup      00000E
__Hram                         ram          000000
__Hramtop                      ramtop       000800
__Hrbit                        rbit         000000
__Hrbss                        rbss         000000
__Hrdata                       rdata        000000
__Hreset_vec                   reset_vec    000004
__Hrparam                      rparam       000000
__Hsfr                         sfr          000000
__Hsmallconst                  smallconst   000000
__Hspace_0                     (abs)        30000E
__Hspace_1                     (abs)        000014
__Hspace_2                     (abs)        000000
__Hstack                       stack        000000
__Hstruct                      struct       000000
__Htemp                        temp         000014
__Htext                        text         000000
__Htext0                       text0        000000
__Htext1                       text1        000000
__Htext2                       text2        000000
__Htext3                       text3        000000
__Htext4                       text4        000000
__Htext5                       text5        000000
__Htext6                       text6        000000
__Htext7                       text7        000000
__Htext8                       text8        000000
__LRAM                         (abs)        000001
__Labs1                        abs1         000000
__Lbank0                       bank0        000000
__Lbank1                       bank1        000000
__Lbank2                       bank2        000000
__Lbank3                       bank3        000000
__Lbank4                       bank4        000000
__Lbank5                       bank5        000000
__Lbank6                       bank6        000000
__Lbank7                       bank7        000000
__Lbigbss                      bigbss       000000
__Lbigdata                     bigdata      000000
__Lbigram                      bigram       000000
__Lbss                         bss          000000
__LbssCOMRAM                   bssCOMRAM    000000
__Lcinit                       cinit        000000
__Lclrtext                     clrtext      000000
__Lcomram                      comram       000000
__Lconfig                      config       300000
__Lconst                       const        000000
__LcstackCOMRAM                cstackCOMRAM 000000
__Ldata                        data         000000
__Leeprom_data                 eeprom_data  000000
__Lfarbss                      farbss       000000
__Lfardata                     fardata      000000
__Libigdata                    ibigdata     000000
__Lidata                       idata        000000
__Lidloc                       idloc        200000
__Lifardata                    ifardata     000000
__Linit                        init         00000E
__Lintcode                     intcode      000008
__Lintcode_body                intcode_body 000000
__Lintcodelo                   intcodelo    00000E
__Lintentry                    intentry     000000
__Lintret                      intret       000000
__Lintsave_regs                intsave_regs 000000
__Lirdata                      irdata       000000
__Lmediumconst                 mediumconst  000000
__LnvFARRAM                    nvFARRAM     000000
__Lnvbit                       nvbit        000000
__Lnvrram                      nvrram       000000
__Lparam                       rparam       000000
__Lpowerup                     powerup      00000E
__Lram                         ram          000000
__Lramtop                      ramtop       000800
__Lrbit                        rbit         000000
__Lrbss                        rbss         000000
__Lrdata                       rdata        000000
__Lreset_vec                   reset_vec    000000
__Lrparam                      rparam       000000
__Lsfr                         sfr          000000
__Lsmallconst                  smallconst   000000
__Lspace_0                     (abs)        000000
__Lspace_1                     (abs)        000000
__Lspace_2                     (abs)        000000
__Lstack                       stack        000000
__Lstruct                      struct       000000
__Ltemp                        temp         000013
__Ltext                        text         000000
__Ltext0                       text0        000000
__Ltext1                       text1        000000
__Ltext2                       text2        000000
__Ltext3                       text3        000000
__Ltext4                       text4        000000
__Ltext5                       text5        000000
__Ltext6                       text6        000000
__Ltext7                       text7        000000
__Ltext8                       text8        000000
__S0                           (abs)        30000E
__S1                           (abs)        000014
__S2                           (abs)        000000
___inthi_sp                    stack        000000
___intlo_sp                    stack        000000
___param_bank                  (abs)        000000
___rparam_used                 (abs)        000001
___sp                          stack        000000
__accesstop                    (abs)        000060
__activetblptr                 (abs)        000002
__end_of_ADCConfig             text8        007B92
__end_of_CCPConfig             text7        007D00
__end_of_PORTSConfiguration    text6        007B7C
__end_of_TMR0Config            text5        007C7C
__end_of_TMR1Config            text4        007B68
__end_of_TimerOverflow         intcode_body 007BF6
__end_of__initialization       cinit        007B9E
__end_of_configuracionInicial  text3        007C26
__end_of_loop                  text2        007B60
__end_of_main                  text0        007BC8
__end_of_setup                 text1        007B62
__initialization               cinit        007B92
__mediumconst                  mediumconst  000000
__pbssCOMRAM                   bssCOMRAM    000001
__pcinit                       cinit        007B92
__pcstackCOMRAM                cstackCOMRAM 00000B
__pintcode                     intcode      000008
__pintcode_body                intcode_body 007BC8
__ptext0                       text0        007BAC
__ptext1                       text1        007B60
__ptext2                       text2        007B5E
__ptext3                       text3        007BF6
__ptext4                       text4        007B62
__ptext5                       text5        007C26
__ptext6                       text6        007B68
__ptext7                       text7        007C7C
__ptext8                       text8        007B7C
__ramtop                       ramtop       000800
__size_of_ADCConfig            (abs)        000000
__size_of_CCPConfig            (abs)        000000
__size_of_PORTSConfiguration   (abs)        000000
__size_of_TMR0Config           (abs)        000000
__size_of_TMR1Config           (abs)        000000
__size_of_TimerOverflow        (abs)        000000
__size_of_configuracionInicial (abs)        000000
__size_of_loop                 (abs)        000000
__size_of_main                 (abs)        000000
__size_of_setup                (abs)        000000
__smallconst                   smallconst   000000
_configuracionInicial          text3        007BF6
_freq                          bssCOMRAM    000001
_loop                          text2        007B5E
_main                          text0        007BAC
_millis                        bssCOMRAM    000005
_setup                         text1        007B60
btemp                          temp         000013
end_of_initialization          cinit        007B9E
int$flags                      temp         000013
int_func                       intcode_body 007BC8
intlevel0                      text         000000
intlevel1                      text         000000
intlevel2                      text         000000
intlevel3                      text         000000
stackhi                        (abs)        0007FF
stacklo                        (abs)        000060
start                          init         00000E
start_initialization           cinit        007B92
ttemp5                         temp         000014
ttemp6                         temp         000017
ttemp7                         temp         00001B
wtemp8                         temp         000014


FUNCTION INFORMATION:

 *************** function _main *****************
 Defined at:
		line 10 in file "main.c"
 Parameters:    Size  Location     Type
		None
 Auto vars:     Size  Location     Type
		None
 Return value:  Size  Location     Type
                  2  152[None  ] int 
 Registers used:
		wreg, status,2, status,0, cstack
 Tracked objects:
		On entry : 
		On exit  : 
		Unchanged: 
 Data sizes:     COMRAM   BANK0   BANK1   BANK2   BANK3   BANK4   BANK5   BANK6   BANK7
      Params:         0       0       0       0       0       0       0       0       0
      Locals:         0       0       0       0       0       0       0       0       0
      Temps:          0       0       0       0       0       0       0       0       0
      Totals:         0       0       0       0       0       0       0       0       0
Total ram usage:        0 bytes
 Hardware stack levels required when called:    3
 This function calls:
		_configuracionInicial
		_loop
		_setup
 This function is called by:
		Startup code after reset
 This function uses a non-reentrant model


 *************** function _setup *****************
 Defined at:
		line 4 in file "application.c"
 Parameters:    Size  Location     Type
		None
 Auto vars:     Size  Location     Type
		None
 Return value:  Size  Location     Type
                  1    wreg      void 
 Registers used:
		None
 Tracked objects:
		On entry : 
		On exit  : 
		Unchanged: 
 Data sizes:     COMRAM   BANK0   BANK1   BANK2   BANK3   BANK4   BANK5   BANK6   BANK7
      Params:         0       0       0       0       0       0       0       0       0
      Locals:         0       0       0       0       0       0       0       0       0
      Temps:          0       0       0       0       0       0       0       0       0
      Totals:         0       0       0       0       0       0       0       0       0
Total ram usage:        0 bytes
 Hardware stack levels used:    1
 Hardware stack levels required when called:    1
 This function calls:
		Nothing
 This function is called by:
		_main
 This function uses a non-reentrant model


 *************** function _loop *****************
 Defined at:
		line 9 in file "application.c"
 Parameters:    Size  Location     Type
		None
 Auto vars:     Size  Location     Type
		None
 Return value:  Size  Location     Type
                  1    wreg      void 
 Registers used:
		None
 Tracked objects:
		On entry : 
		On exit  : 
		Unchanged: 
 Data sizes:     COMRAM   BANK0   BANK1   BANK2   BANK3   BANK4   BANK5   BANK6   BANK7
      Params:         0       0       0       0       0       0       0       0       0
      Locals:         0       0       0       0       0       0       0       0       0
      Temps:          0       0       0       0       0       0       0       0       0
      Totals:         0       0       0       0       0       0       0       0       0
Total ram usage:        0 bytes
 Hardware stack levels used:    1
 Hardware stack levels required when called:    1
 This function calls:
		Nothing
 This function is called by:
		_main
 This function uses a non-reentrant model


 *************** function _configuracionInicial *****************
 Defined at:
		line 21 in file "main.c"
 Parameters:    Size  Location     Type
		None
 Auto vars:     Size  Location     Type
		None
 Return value:  Size  Location     Type
                  1    wreg      void 
 Registers used:
		wreg, status,2, status,0, cstack
 Tracked objects:
		On entry : 
		On exit  : 
		Unchanged: 
 Data sizes:     COMRAM   BANK0   BANK1   BANK2   BANK3   BANK4   BANK5   BANK6   BANK7
      Params:         0       0       0       0       0       0       0       0       0
      Locals:         0       0       0       0       0       0       0       0       0
      Temps:          0       0       0       0       0       0       0       0       0
      Totals:         0       0       0       0       0       0       0       0       0
Total ram usage:        0 bytes
 Hardware stack levels used:    1
 Hardware stack levels required when called:    2
 This function calls:
		_ADCConfig
		_CCPConfig
		_PORTSConfiguration
		_TMR0Config
		_TMR1Config
 This function is called by:
		_main
 This function uses a non-reentrant model


 *************** function _TMR1Config *****************
 Defined at:
		line 443 in file "main.c"
 Parameters:    Size  Location     Type
		None
 Auto vars:     Size  Location     Type
		None
 Return value:  Size  Location     Type
                  1    wreg      void 
 Registers used:
		wreg, status,2
 Tracked objects:
		On entry : 
		On exit  : 
		Unchanged: 
 Data sizes:     COMRAM   BANK0   BANK1   BANK2   BANK3   BANK4   BANK5   BANK6   BANK7
      Params:         0       0       0       0       0       0       0       0       0
      Locals:         0       0       0       0       0       0       0       0       0
      Temps:          0       0       0       0       0       0       0       0       0
      Totals:         0       0       0       0       0       0       0       0       0
Total ram usage:        0 bytes
 Hardware stack levels used:    1
 Hardware stack levels required when called:    1
 This function calls:
		Nothing
 This function is called by:
		_configuracionInicial
 This function uses a non-reentrant model


 *************** function _TMR0Config *****************
 Defined at:
		line 404 in file "main.c"
 Parameters:    Size  Location     Type
  mode            1    wreg     unsigned char 
 Auto vars:     Size  Location     Type
  mode            1    2[COMRAM] unsigned char 
 Return value:  Size  Location     Type
                  1    wreg      void 
 Registers used:
		wreg, status,2, status,0
 Tracked objects:
		On entry : 
		On exit  : 
		Unchanged: 
 Data sizes:     COMRAM   BANK0   BANK1   BANK2   BANK3   BANK4   BANK5   BANK6   BANK7
      Params:         0       0       0       0       0       0       0       0       0
      Locals:         1       0       0       0       0       0       0       0       0
      Temps:          2       0       0       0       0       0       0       0       0
      Totals:         3       0       0       0       0       0       0       0       0
Total ram usage:        3 bytes
 Hardware stack levels used:    1
 Hardware stack levels required when called:    1
 This function calls:
		Nothing
 This function is called by:
		_configuracionInicial
 This function uses a non-reentrant model


 *************** function _PORTSConfiguration *****************
 Defined at:
		line 492 in file "main.c"
 Parameters:    Size  Location     Type
		None
 Auto vars:     Size  Location     Type
		None
 Return value:  Size  Location     Type
                  1    wreg      void 
 Registers used:
		wreg, status,2
 Tracked objects:
		On entry : 
		On exit  : 
		Unchanged: 
 Data sizes:     COMRAM   BANK0   BANK1   BANK2   BANK3   BANK4   BANK5   BANK6   BANK7
      Params:         0       0       0       0       0       0       0       0       0
      Locals:         0       0       0       0       0       0       0       0       0
      Temps:          0       0       0       0       0       0       0       0       0
      Totals:         0       0       0       0       0       0       0       0       0
Total ram usage:        0 bytes
 Hardware stack levels used:    1
 Hardware stack levels required when called:    1
 This function calls:
		Nothing
 This function is called by:
		_configuracionInicial
 This function uses a non-reentrant model


 *************** function _CCPConfig *****************
 Defined at:
		line 355 in file "main.c"
 Parameters:    Size  Location     Type
  pwm1            4    0[COMRAM] long 
  TMR2PRESCALE    2    4[COMRAM] const int 
 Auto vars:     Size  Location     Type
		None
 Return value:  Size  Location     Type
                  1    wreg      void 
 Registers used:
		wreg, status,2, status,0
 Tracked objects:
		On entry : 
		On exit  : 
		Unchanged: 
 Data sizes:     COMRAM   BANK0   BANK1   BANK2   BANK3   BANK4   BANK5   BANK6   BANK7
      Params:         6       0       0       0       0       0       0       0       0
      Locals:         0       0       0       0       0       0       0       0       0
      Temps:          2       0       0       0       0       0       0       0       0
      Totals:         8       0       0       0       0       0       0       0       0
Total ram usage:        8 bytes
 Hardware stack levels used:    1
 Hardware stack levels required when called:    1
 This function calls:
		Nothing
 This function is called by:
		_configuracionInicial
 This function uses a non-reentrant model


 *************** function _ADCConfig *****************
 Defined at:
		line 306 in file "main.c"
 Parameters:    Size  Location     Type
		None
 Auto vars:     Size  Location     Type
		None
 Return value:  Size  Location     Type
                  1    wreg      void 
 Registers used:
		wreg, status,2
 Tracked objects:
		On entry : 
		On exit  : 
		Unchanged: 
 Data sizes:     COMRAM   BANK0   BANK1   BANK2   BANK3   BANK4   BANK5   BANK6   BANK7
      Params:         0       0       0       0       0       0       0       0       0
      Locals:         0       0       0       0       0       0       0       0       0
      Temps:          0       0       0       0       0       0       0       0       0
      Totals:         0       0       0       0       0       0       0       0       0
Total ram usage:        0 bytes
 Hardware stack levels used:    1
 Hardware stack levels required when called:    1
 This function calls:
		Nothing
 This function is called by:
		_configuracionInicial
 This function uses a non-reentrant model


 *************** function _TimerOverflow *****************
 Defined at:
		line 431 in file "main.c"
 Parameters:    Size  Location     Type
		None
 Auto vars:     Size  Location     Type
		None
 Return value:  Size  Location     Type
                  1    wreg      void 
 Registers used:
		wreg, status,2, status,0
 Tracked objects:
		On entry : 
		On exit  : 
		Unchanged: 
 Data sizes:     COMRAM   BANK0   BANK1   BANK2   BANK3   BANK4   BANK5   BANK6   BANK7
      Params:         0       0       0       0       0       0       0       0       0
      Locals:         0       0       0       0       0       0       0       0       0
      Temps:          0       0       0       0       0       0       0       0       0
      Totals:         0       0       0       0       0       0       0       0       0
Total ram usage:        0 bytes
 Hardware stack levels used:    1
 This function calls:
		Nothing
 This function is called by:
		Interrupt level 2
 This function uses a non-reentrant model



MODULE INFORMATION

Module		Function		Class		Link	Load	Size
shared
		__initialization		CODE           	7B92	0000	13

shared estimated size: 13

application.c
		_loop          		CODE           	7B5E	0000	3
		_setup         		CODE           	7B60	0000	3

application.c estimated size: 6

main.c
		_main          		CODE           	7BAC	0000	29
		_CCPConfig     		CODE           	7C7C	0000	133
		_TMR0Config    		CODE           	7C26	0000	87
		_TimerOverflow 		CODE           	0008	0000	53
		_TMR1Config    		CODE           	7B62	0000	7
		_PORTSConfiguration		CODE           	7B68	0000	21
		_configuracionInicial		CODE           	7BF6	0000	49
		_ADCConfig     		CODE           	7B7C	0000	23

main.c estimated size: 402

