Microchip MPLAB XC8 Compiler V2.00 ()

Linker command line:

-W-3 --edf=C:\Program Files (x86)\Microchip\xc8\v2.00\pic\dat\en_msgs.txt \
  -cs -h+dist/default/production\Hormiga_877_Testing.X.production.sym \
  --cmf=dist/default/production\Hormiga_877_Testing.X.production.cmf -z \
  -Q16F877A -oC:\Users\c4810\AppData\Local\Temp\s928.2 \
  --defsym=__MPLAB_BUILD=1 \
  -Mdist/default/production/Hormiga_877_Testing.X.production.map -E1 \
  -ver=XC8 --acfsm=1493 -ASTACK=0110h-016fh -pstack=STACK \
  -ACODE=00h-07FFhx4 -ASTRCODE=00h-01FFFh -ASTRING=00h-0FFhx32 \
  -ACONST=00h-0FFhx32 -AENTRY=00h-0FFhx32 -ACOMMON=070h-07Fh \
  -ABANK0=020h-06Fh -ABANK1=0A0h-0EFh -ABANK2=0110h-016Fh \
  -ABANK3=0190h-01EFh -ARAM=020h-06Fh,0A0h-0EFh,0110h-016Fh,0190h-01EFh \
  -AABS1=020h-07Fh,0A0h-0EFh,0110h-016Fh,0190h-01EFh -ASFR0=00h-01Fh \
  -ASFR1=080h-09Fh -ASFR2=0100h-010Fh -ASFR3=0180h-018Fh \
  -preset_vec=00h,intentry,init,end_init -ppowerup=CODE -pcinit=CODE \
  -pfunctab=ENTRY -ACONFIG=02007h-02007h -pconfig=CONFIG -DCONFIG=2 \
  -AIDLOC=02000h-02003h -pidloc=IDLOC -DIDLOC=2 -AEEDATA=00h-0FFh/02100h \
  -peeprom_data=EEDATA -DEEDATA=2 -DCODE=2 -DSTRCODE=2 -DSTRING=2 -DCONST=2 \
  -DENTRY=2 -k C:\Users\c4810\AppData\Local\Temp\s928.o \
  dist/default/production\Hormiga_877_Testing.X.production.o 

Object code version is 3.11

Machine type is 16F877A



                Name                               Link     Load   Length Selector   Space Scale
C:\Users\c4810\AppData\Local\Temp\s928.o
                end_init                              0        0        3        0       0
                config                             2007     2007        1     400E       0
dist/default/production\Hormiga_877_Testing.X.production.o
                cinit                               7FA      7FA        6      FF4       0
                text10                              430      430        B      860       0
                text9                               424      424        5      848       0
                text8                               45D      45D       26      8BA       0
                text7                               584      584      137      B08       0
                text6                               508      508       7C      A10       0
                text5                               4BA      4BA       4E      974       0
                text4                               483      483       37      906       0
                text3                               6BB      6BB      13F      D76       0
                text2                               43B      43B        D      876       0
                text1                               429      429        7      852       0
                maintext                            448      448       15      890       0
                cstackBANK0                          20       20        A       20       1
                cstackCOMMON                         70       70        8       70       1
                bssCOMMON                            78       78        2       70       1
                nvCOMMON                             7A       7A        1       70       1

TOTAL           Name                               Link     Load   Length     Space
        CLASS   STACK          

        CLASS   CODE           
                end_init                              0        0        3         0
                cinit                               7FA      7FA        6         0
                text10                              430      430        B         0
                text9                               424      424        5         0
                text8                               45D      45D       26         0
                text7                               584      584      137         0
                text6                               508      508       7C         0
                text5                               4BA      4BA       4E         0
                text4                               483      483       37         0
                text3                               6BB      6BB      13F         0
                text2                               43B      43B        D         0
                text1                               429      429        7         0
                maintext                            448      448       15         0

        CLASS   STRCODE        

        CLASS   STRING         

        CLASS   CONST          

        CLASS   ENTRY          

        CLASS   COMMON         
                cstackCOMMON                         70       70        8         1
                bssCOMMON                            78       78        2         1
                nvCOMMON                             7A       7A        1         1

        CLASS   BANK0          
                cstackBANK0                          20       20        A         1

        CLASS   BANK1          

        CLASS   BANK2          

        CLASS   BANK3          

        CLASS   RAM            

        CLASS   ABS1           
                abs_s1                               7E       7E        2         1

        CLASS   SFR0           

        CLASS   SFR1           

        CLASS   SFR2           

        CLASS   SFR3           

        CLASS   CONFIG         
                config                             2007     2007        1         0

        CLASS   IDLOC          

        CLASS   EEDATA         



SEGMENTS        Name                           Load    Length   Top    Selector   Space  Class     Delta

                reset_vec                      000000  000003  000003         0       0  CODE        2
                cstackBANK0                    000020  00000A  00002A        20       1  BANK0       1
                cstackCOMMON                   000070  00000B  00007B        70       1  COMMON      1
                text9                          000424  000005  000429       848       0  CODE        2
                text1                          000429  000007  000430       852       0  CODE        2
                text10                         000430  00000B  00043B       860       0  CODE        2
                text2                          00043B  00000D  000448       876       0  CODE        2
                maintext                       000448  000015  00045D       890       0  CODE        2
                text8                          00045D  000026  000483       8BA       0  CODE        2
                text4                          000483  000037  0004BA       906       0  CODE        2
                text5                          0004BA  00004E  000508       974       0  CODE        2
                text6                          000508  00007C  000584       A10       0  CODE        2
                text7                          000584  000137  0006BB       B08       0  CODE        2
                text3                          0006BB  00013F  0007FA       D76       0  CODE        2
                cinit                          0007FA  000006  000800       FF4       0  CODE        2
                config                         002007  000001  002008      400E       0  CONFIG      2


UNUSED ADDRESS RANGES

        Name                Unused          Largest block    Delta
        BANK0            002A-006F             46           1
        BANK1            00A0-00EF             50           1
        BANK2            0110-016F             60           1
        BANK3            0190-01EF             60           1
        CODE             0003-0423            421           2
                         0800-1FFF            800
        COMMON           007B-007D              3           1
        CONST            0003-0423            100           2
                         0800-1FFF            100
        EEDATA           2100-21FF            100           2
        ENTRY            0003-0423            100           2
                         0800-1FFF            100
        IDLOC            2000-2003              4           2
        RAM              002A-006F             46           1
                         00A0-00EF             50
                         0110-016F             60
                         0190-01EF             60
        SFR0             0000-001F             20           1
        SFR1             0080-009F             20           1
        SFR2             0100-010F             10           1
        SFR3             0180-018F             10           1
        STACK            0110-016F             60           1
        STRCODE          0003-0423            421           2
                         0800-1FFF           1800
        STRING           0003-0423            100           2
                         0800-1FFF            100

                                  Symbol Table

ServoAttach@PinValue        cstackCOMMON 0075
ServoWrite@DegreesValue     cstackCOMMON 0074
ServoWrite@i                cstackBANK0  0028
ServoWrite@j                cstackBANK0  0022
ServoWrite@k                cstackBANK0  0024
ServoWrite@timeOff          cstackBANK0  0020
ServoWrite@timeOn           cstackBANK0  0026
_ACKDT                      (abs)        048D
_ACKEN                      (abs)        048C
_ADCON0                     (abs)        001F
_ADCON0bits                 (abs)        001F
_ADCON1                     (abs)        009F
_ADCON1bits                 (abs)        009F
_ADRESH                     (abs)        001E
_ADRESL                     (abs)        009E
_BRGH                       (abs)        04C2
_CCP1CON                    (abs)        0017
_CCP1Configuration          text10       0430
_CCP1X                      (abs)        00BD
_CCP1Y                      (abs)        00BC
_CCP2CON                    (abs)        001D
_CCP2Configuration          text9        0424
_CCP2X                      (abs)        00ED
_CCP2Y                      (abs)        00EC
_CCPR1L                     (abs)        0015
_CCPR2L                     (abs)        001B
_CREN                       (abs)        00C4
_Clocking                   bssCOMMON    0078
_FERR                       (abs)        00C2
_GIE                        (abs)        005F
_Information                bssCOMMON    0079
_Initialization             text8        045D
_OERR                       (abs)        00C1
_PEIE                       (abs)        005E
_PEN                        (abs)        048A
_PORTAbits                  (abs)        0005
_PORTBbits                  (abs)        0006
_PORTCbits                  (abs)        0007
_PORTDbits                  (abs)        0008
_PORTE                      (abs)        0009
_PORTEbits                  (abs)        0009
_PR2                        (abs)        0092
_RCEN                       (abs)        048B
_RCIF                       (abs)        0065
_RCREG                      (abs)        001A
_RSEN                       (abs)        0489
_SEN                        (abs)        0488
_SPBRG                      (abs)        0099
_SPEN                       (abs)        00C7
_SSPADD                     (abs)        0093
_SSPBUF                     (abs)        0013
_SSPCON                     (abs)        0014
_SSPCON2                    (abs)        0091
_SSPIE                      (abs)        0463
_SSPIF                      (abs)        0063
_SSPSTAT                    (abs)        0094
_SYNC                       (abs)        04C4
_ServoAttach                text2        043B
_ServoValue                 nvCOMMON     007A
_ServoWrite                 text6        0508
_T2CON                      (abs)        0012
_TRISAbits                  (abs)        0085
_TRISBbits                  (abs)        0086
_TRISC3                     (abs)        043B
_TRISC4                     (abs)        043C
_TRISC6                     (abs)        043E
_TRISC7                     (abs)        043F
_TRISCbits                  (abs)        0087
_TRISDbits                  (abs)        0088
_TRISE                      (abs)        0089
_TRMT                       (abs)        04C1
_TXEN                       (abs)        04C5
_TXIF                       (abs)        0064
_TXREG                      (abs)        0019
__CFG_BOREN$OFF             (abs)        0000
__CFG_CP$OFF                (abs)        0000
__CFG_CPD$OFF               (abs)        0000
__CFG_FOSC$HS               (abs)        0000
__CFG_LVP$ON                (abs)        0000
__CFG_PWRTE$OFF             (abs)        0000
__CFG_WDTE$OFF              (abs)        0000
__CFG_WRT$OFF               (abs)        0000
__Habs1                     abs1         0000
__Hbank0                    bank0        0000
__Hbank1                    bank1        0000
__Hbank2                    bank2        0000
__Hbank3                    bank3        0000
__HbssCOMMON                bssCOMMON    0000
__Hcinit                    cinit        0800
__Hclrtext                  clrtext      0000
__Hcode                     code         0000
__Hcommon                   common       0000
__Hconfig                   config       2008
__HcstackBANK0              cstackBANK0  0000
__HcstackCOMMON             cstackCOMMON 0000
__Heeprom_data              eeprom_data  0000
__Hend_init                 end_init     0003
__Hfunctab                  functab      0000
__Hidloc                    idloc        0000
__Hinit                     init         0000
__Hintentry                 intentry     0000
__Hmaintext                 maintext     0000
__HnvCOMMON                 nvCOMMON     0000
__Hpowerup                  powerup      0000
__Hram                      ram          0000
__Hreset_vec                reset_vec    0000
__Hsfr0                     sfr0         0000
__Hsfr1                     sfr1         0000
__Hsfr2                     sfr2         0000
__Hsfr3                     sfr3         0000
__Hspace_0                  (abs)        2008
__Hspace_1                  (abs)        007B
__Hspace_2                  (abs)        0000
__Hspace_3                  (abs)        0000
__Hstack                    stack        0000
__Hstrings                  strings      0000
__Htext                     text         0000
__Labs1                     abs1         0000
__Lbank0                    bank0        0000
__Lbank1                    bank1        0000
__Lbank2                    bank2        0000
__Lbank3                    bank3        0000
__LbssCOMMON                bssCOMMON    0000
__Lcinit                    cinit        07FA
__Lclrtext                  clrtext      0000
__Lcode                     code         0000
__Lcommon                   common       0000
__Lconfig                   config       2007
__LcstackBANK0              cstackBANK0  0000
__LcstackCOMMON             cstackCOMMON 0000
__Leeprom_data              eeprom_data  0000
__Lend_init                 end_init     0000
__Lfunctab                  functab      0000
__Lidloc                    idloc        0000
__Linit                     init         0000
__Lintentry                 intentry     0000
__Lmaintext                 maintext     0000
__LnvCOMMON                 nvCOMMON     0000
__Lpowerup                  powerup      0000
__Lram                      ram          0000
__Lreset_vec                reset_vec    0000
__Lsfr0                     sfr0         0000
__Lsfr1                     sfr1         0000
__Lsfr2                     sfr2         0000
__Lsfr3                     sfr3         0000
__Lspace_0                  (abs)        0000
__Lspace_1                  (abs)        0000
__Lspace_2                  (abs)        0000
__Lspace_3                  (abs)        0000
__Lstack                    stack        0000
__Lstrings                  strings      0000
__Ltext                     text         0000
__S0                        (abs)        2008
__S1                        (abs)        007B
__S2                        (abs)        0000
__S3                        (abs)        0000
___int_sp                   stack        0000
___latbits                  (abs)        0002
___sp                       stack        0000
__end_of_CCP1Configuration  text10       043B
__end_of_CCP2Configuration  text9        0429
__end_of_Initialization     text8        0483
__end_of_ServoAttach        text2        0448
__end_of_ServoWrite         text6        0584
__end_of__initialization    cinit        07FC
__end_of_delay              text5        0508
__end_of_digitalWrite       text7        06BB
__end_of_loop               text4        04BA
__end_of_main               maintext     045D
__end_of_pinMode            text3        07FA
__end_of_setup              text1        0430
__initialization            cinit        07FA
__pbssCOMMON                bssCOMMON    0078
__pcstackBANK0              cstackBANK0  0020
__pcstackCOMMON             cstackCOMMON 0070
__pmaintext                 maintext     0448
__pnvCOMMON                 nvCOMMON     007A
__ptext1                    text1        0429
__ptext10                   text10       0430
__ptext2                    text2        043B
__ptext3                    text3        06BB
__ptext4                    text4        0483
__ptext5                    text5        04BA
__ptext6                    text6        0508
__ptext7                    text7        0584
__ptext8                    text8        045D
__ptext9                    text9        0424
__size_of_CCP1Configuration (abs)        0000
__size_of_CCP2Configuration (abs)        0000
__size_of_Initialization    (abs)        0000
__size_of_ServoAttach       (abs)        0000
__size_of_ServoWrite        (abs)        0000
__size_of_delay             (abs)        0000
__size_of_digitalWrite      (abs)        0000
__size_of_loop              (abs)        0000
__size_of_main              (abs)        0000
__size_of_pinMode           (abs)        0000
__size_of_setup             (abs)        0000
_delay                      text5        04BA
_digitalWrite               text7        0584
_loop                       text4        0483
_main                       maintext     0448
_pinMode                    text3        06BB
_setup                      text1        0429
btemp                       (abs)        007E
delay@i                     cstackCOMMON 0075
delay@j                     cstackCOMMON 0073
delay@milis                 cstackCOMMON 0070
digitalWrite@pin            cstackCOMMON 0073
digitalWrite@value          cstackCOMMON 0070
end_of_initialization       cinit        07FC
intlevel0                   functab      0000
intlevel1                   functab      0000
intlevel2                   functab      0000
intlevel3                   functab      0000
intlevel4                   functab      0000
intlevel5                   functab      0000
pinMode@mode                cstackCOMMON 0070
pinMode@pin                 cstackCOMMON 0073
reset_vec                   reset_vec    0000
stackhi                     (abs)        0000
stacklo                     (abs)        0000
start                       init         0000
start_initialization        cinit        07FA
wtemp0                      (abs)        007E


FUNCTION INFORMATION:

 *************** function _main *****************
 Defined at:
		line 7 in file "source.c"
 Parameters:    Size  Location     Type
		None
 Auto vars:     Size  Location     Type
		None
 Return value:  Size  Location     Type
                  2  144[None  ] int 
 Registers used:
		wreg, fsr0l, fsr0h, status,2, status,0, btemp+1, pclath, cstack
 Tracked objects:
		On entry : 
		On exit  : 
		Unchanged: 
 Data sizes:     COMMON   BANK0   BANK1   BANK3   BANK2
      Params:         0       0       0       0       0
      Locals:         0       0       0       0       0
      Temps:          0       0       0       0       0
      Totals:         0       0       0       0       0
Total ram usage:        0 bytes
 Hardware stack levels required when called:    3
 This function calls:
		_Initialization
		_loop
		_setup
 This function is called by:
		Startup code after reset
 This function uses a non-reentrant model


 *************** function _setup *****************
 Defined at:
		line 4 in file "application.c"
 Parameters:    Size  Location     Type
		None
 Auto vars:     Size  Location     Type
		None
 Return value:  Size  Location     Type
                  1    wreg      void 
 Registers used:
		wreg, fsr0l, fsr0h, status,2, status,0, pclath, cstack
 Tracked objects:
		On entry : 
		On exit  : 
		Unchanged: 
 Data sizes:     COMMON   BANK0   BANK1   BANK3   BANK2
      Params:         0       0       0       0       0
      Locals:         0       0       0       0       0
      Temps:          0       0       0       0       0
      Totals:         0       0       0       0       0
Total ram usage:        0 bytes
 Hardware stack levels used:    1
 Hardware stack levels required when called:    2
 This function calls:
		_ServoAttach
 This function is called by:
		_main
 This function uses a non-reentrant model


 *************** function _ServoAttach *****************
 Defined at:
		line 5 in file "Servo.c"
 Parameters:    Size  Location     Type
  PinValue        1    wreg     unsigned char 
 Auto vars:     Size  Location     Type
  PinValue        1    5[COMMON] unsigned char 
 Return value:  Size  Location     Type
                  1    wreg      void 
 Registers used:
		wreg, fsr0l, fsr0h, status,2, status,0, pclath, cstack
 Tracked objects:
		On entry : 
		On exit  : 
		Unchanged: 
 Data sizes:     COMMON   BANK0   BANK1   BANK3   BANK2
      Params:         0       0       0       0       0
      Locals:         1       0       0       0       0
      Temps:          1       0       0       0       0
      Totals:         2       0       0       0       0
Total ram usage:        2 bytes
 Hardware stack levels used:    1
 Hardware stack levels required when called:    1
 This function calls:
		_pinMode
 This function is called by:
		_setup
 This function uses a non-reentrant model


 *************** function _pinMode *****************
 Defined at:
		line 63 in file "source.c"
 Parameters:    Size  Location     Type
  pin             1    wreg     unsigned char 
  mode            1    0[COMMON] unsigned char 
 Auto vars:     Size  Location     Type
  pin             1    3[COMMON] unsigned char 
 Return value:  Size  Location     Type
                  1    wreg      void 
 Registers used:
		wreg, fsr0l, fsr0h, status,2, status,0
 Tracked objects:
		On entry : 
		On exit  : 
		Unchanged: 
 Data sizes:     COMMON   BANK0   BANK1   BANK3   BANK2
      Params:         1       0       0       0       0
      Locals:         1       0       0       0       0
      Temps:          2       0       0       0       0
      Totals:         4       0       0       0       0
Total ram usage:        4 bytes
 Hardware stack levels used:    1
 This function calls:
		Nothing
 This function is called by:
		_ServoAttach
		_SPDTBegin
 This function uses a non-reentrant model


 *************** function _loop *****************
 Defined at:
		line 9 in file "application.c"
 Parameters:    Size  Location     Type
		None
 Auto vars:     Size  Location     Type
		None
 Return value:  Size  Location     Type
                  1    wreg      void 
 Registers used:
		wreg, fsr0l, fsr0h, status,2, status,0, btemp+1, pclath, cstack
 Tracked objects:
		On entry : 
		On exit  : 
		Unchanged: 
 Data sizes:     COMMON   BANK0   BANK1   BANK3   BANK2
      Params:         0       0       0       0       0
      Locals:         0       0       0       0       0
      Temps:          0       0       0       0       0
      Totals:         0       0       0       0       0
Total ram usage:        0 bytes
 Hardware stack levels used:    1
 Hardware stack levels required when called:    2
 This function calls:
		_ServoWrite
		_delay
 This function is called by:
		_main
 This function uses a non-reentrant model


 *************** function _delay *****************
 Defined at:
		line 613 in file "source.c"
 Parameters:    Size  Location     Type
  milis           2    0[COMMON] const int 
 Auto vars:     Size  Location     Type
  i               2    5[COMMON] int 
  j               2    3[COMMON] int 
 Return value:  Size  Location     Type
                  1    wreg      void 
 Registers used:
		wreg, status,2, btemp+1
 Tracked objects:
		On entry : 
		On exit  : 
		Unchanged: 
 Data sizes:     COMMON   BANK0   BANK1   BANK3   BANK2
      Params:         2       0       0       0       0
      Locals:         4       0       0       0       0
      Temps:          1       0       0       0       0
      Totals:         7       0       0       0       0
Total ram usage:        7 bytes
 Hardware stack levels used:    1
 This function calls:
		Nothing
 This function is called by:
		_loop
		_SPDTWrite
 This function uses a non-reentrant model


 *************** function _ServoWrite *****************
 Defined at:
		line 11 in file "Servo.c"
 Parameters:    Size  Location     Type
  DegreesValue    2    4[COMMON] unsigned int 
 Auto vars:     Size  Location     Type
  k               2    4[BANK0 ] unsigned int 
  j               2    2[BANK0 ] unsigned int 
  i               2    8[BANK0 ] unsigned int 
  timeOn          2    6[BANK0 ] unsigned int 
  timeOff         2    0[BANK0 ] unsigned int 
 Return value:  Size  Location     Type
                  1    wreg      void 
 Registers used:
		wreg, fsr0l, fsr0h, status,2, status,0, pclath, cstack
 Tracked objects:
		On entry : 
		On exit  : 
		Unchanged: 
 Data sizes:     COMMON   BANK0   BANK1   BANK3   BANK2
      Params:         2       0       0       0       0
      Locals:         0      10       0       0       0
      Temps:          2       0       0       0       0
      Totals:         4      10       0       0       0
Total ram usage:       14 bytes
 Hardware stack levels used:    1
 Hardware stack levels required when called:    1
 This function calls:
		_digitalWrite
 This function is called by:
		_loop
 This function uses a non-reentrant model


 *************** function _digitalWrite *****************
 Defined at:
		line 162 in file "source.c"
 Parameters:    Size  Location     Type
  pin             1    wreg     unsigned char 
  value           1    0[COMMON] unsigned char 
 Auto vars:     Size  Location     Type
  pin             1    3[COMMON] unsigned char 
 Return value:  Size  Location     Type
                  1    wreg      void 
 Registers used:
		wreg, fsr0l, fsr0h, status,2, status,0
 Tracked objects:
		On entry : 
		On exit  : 
		Unchanged: 
 Data sizes:     COMMON   BANK0   BANK1   BANK3   BANK2
      Params:         1       0       0       0       0
      Locals:         1       0       0       0       0
      Temps:          2       0       0       0       0
      Totals:         4       0       0       0       0
Total ram usage:        4 bytes
 Hardware stack levels used:    1
 This function calls:
		Nothing
 This function is called by:
		_ServoWrite
		_SPDTBegin
		_SPDTWrite
		_ServoWriteCero
		_ServoWriteNoventa
 This function uses a non-reentrant model


 *************** function _Initialization *****************
 Defined at:
		line 18 in file "source.c"
 Parameters:    Size  Location     Type
		None
 Auto vars:     Size  Location     Type
		None
 Return value:  Size  Location     Type
                  1    wreg      void 
 Registers used:
		wreg, status,2, status,0, pclath, cstack
 Tracked objects:
		On entry : 
		On exit  : 
		Unchanged: 
 Data sizes:     COMMON   BANK0   BANK1   BANK3   BANK2
      Params:         0       0       0       0       0
      Locals:         0       0       0       0       0
      Temps:          0       0       0       0       0
      Totals:         0       0       0       0       0
Total ram usage:        0 bytes
 Hardware stack levels used:    1
 Hardware stack levels required when called:    1
 This function calls:
		_CCP1Configuration
		_CCP2Configuration
 This function is called by:
		_main
 This function uses a non-reentrant model


 *************** function _CCP2Configuration *****************
 Defined at:
		line 55 in file "source.c"
 Parameters:    Size  Location     Type
		None
 Auto vars:     Size  Location     Type
		None
 Return value:  Size  Location     Type
                  1    wreg      void 
 Registers used:
		wreg
 Tracked objects:
		On entry : 
		On exit  : 
		Unchanged: 
 Data sizes:     COMMON   BANK0   BANK1   BANK3   BANK2
      Params:         0       0       0       0       0
      Locals:         0       0       0       0       0
      Temps:          0       0       0       0       0
      Totals:         0       0       0       0       0
Total ram usage:        0 bytes
 Hardware stack levels used:    1
 This function calls:
		Nothing
 This function is called by:
		_Initialization
 This function uses a non-reentrant model


 *************** function _CCP1Configuration *****************
 Defined at:
		line 44 in file "source.c"
 Parameters:    Size  Location     Type
		None
 Auto vars:     Size  Location     Type
		None
 Return value:  Size  Location     Type
                  1    wreg      void 
 Registers used:
		wreg
 Tracked objects:
		On entry : 
		On exit  : 
		Unchanged: 
 Data sizes:     COMMON   BANK0   BANK1   BANK3   BANK2
      Params:         0       0       0       0       0
      Locals:         0       0       0       0       0
      Temps:          0       0       0       0       0
      Totals:         0       0       0       0       0
Total ram usage:        0 bytes
 Hardware stack levels used:    1
 This function calls:
		Nothing
 This function is called by:
		_Initialization
 This function uses a non-reentrant model



MODULE INFORMATION

Module		Function		Class		Link	Load	Size
Servo.c
		_ServoAttach   		CODE           	043B	0000	14
		_ServoWrite    		CODE           	0508	0000	125

Servo.c estimated size: 139

source.c
		_delay         		CODE           	04BA	0000	79
		_main          		CODE           	0448	0000	22
		_digitalWrite  		CODE           	0584	0000	312
		_CCP1Configuration		CODE           	0430	0000	12
		_CCP2Configuration		CODE           	0424	0000	6
		_Initialization		CODE           	045D	0000	39
		_pinMode       		CODE           	06BB	0000	320

source.c estimated size: 790

shared
		__initialization		CODE           	07FA	0000	3

shared estimated size: 3

application.c
		_loop          		CODE           	0483	0000	56
		_setup         		CODE           	0429	0000	8

application.c estimated size: 64

