Microchip MPLAB XC8 Compiler V2.00 ()

Linker command line:

-W-3 --edf=C:\Program Files (x86)\Microchip\xc8\v2.00\pic\dat\en_msgs.txt \
  -cs -h+dist/default/production\Hormiga877Robot.X.production.sym \
  --cmf=dist/default/production\Hormiga877Robot.X.production.cmf -z \
  -Q16F877A -oC:\Users\c4810\AppData\Local\Temp\scsk.2 \
  --defsym=__MPLAB_BUILD=1 \
  -Mdist/default/production/Hormiga877Robot.X.production.map -E1 -ver=XC8 \
  --acfsm=1493 -ASTACK=0110h-016fh -pstack=STACK -ACODE=00h-07FFhx4 \
  -ASTRCODE=00h-01FFFh -ASTRING=00h-0FFhx32 -ACONST=00h-0FFhx32 \
  -AENTRY=00h-0FFhx32 -ACOMMON=070h-07Fh -ABANK0=020h-06Fh \
  -ABANK1=0A0h-0EFh -ABANK2=0110h-016Fh -ABANK3=0190h-01EFh \
  -ARAM=020h-06Fh,0A0h-0EFh,0110h-016Fh,0190h-01EFh \
  -AABS1=020h-07Fh,0A0h-0EFh,0110h-016Fh,0190h-01EFh -ASFR0=00h-01Fh \
  -ASFR1=080h-09Fh -ASFR2=0100h-010Fh -ASFR3=0180h-018Fh \
  -preset_vec=00h,intentry,init,end_init -ppowerup=CODE -pcinit=CODE \
  -pfunctab=ENTRY -ACONFIG=02007h-02007h -pconfig=CONFIG -DCONFIG=2 \
  -AIDLOC=02000h-02003h -pidloc=IDLOC -DIDLOC=2 -AEEDATA=00h-0FFh/02100h \
  -peeprom_data=EEDATA -DEEDATA=2 -DCODE=2 -DSTRCODE=2 -DSTRING=2 -DCONST=2 \
  -DENTRY=2 -k C:\Users\c4810\AppData\Local\Temp\scsk.o \
  dist/default/production\Hormiga877Robot.X.production.o 

Object code version is 3.11

Machine type is 16F877A



                Name                               Link     Load   Length Selector   Space Scale
C:\Users\c4810\AppData\Local\Temp\scsk.o
                end_init                              0        0        3        0       0
                config                             2007     2007        1     400E       0
dist/default/production\Hormiga877Robot.X.production.o
                cinit                               7E8      7E8       18      FD0       0
                text20                              100      100        B      200       0
                text19                               F3       F3        5      1E6       0
                text18                              161      161       26      2C2       0
                text17                              36C      36C       4C      6D8       0
                text16                              6C5      6C5      123      D8A       0
                text15                              1ED      1ED       3D      3DA       0
                text14                              22A      22A       3D      454       0
                text13                              267      267       3D      4CE       0
                text12                              1B4      1B4       39      368       0
                text11                              2A4      2A4       3D      548       0
                text10                              14A      14A       17      294       0
                text9                               116      116        C      22C       0
                text8                               187      187       2D      30E       0
                text7                               10B      10B        B      216       0
                text6                               3B8      3B8       A1      770       0
                text5                               5A4      5A4      121      B48       0
                text4                               325      325       47      64A       0
                text3                               4FE      4FE       A6      9FC       0
                text2                               459      459       A5      8B2       0
                text1                               2E1      2E1       44      5C2       0
                maintext                            135      135       15      26A       0
                cstackBANK0                          20       20       13       20       1
                cstackCOMMON                         70       70        D       70       1
                inittext                            122      122       13      244       0
                dataBANK0                            33       33        8       20       1
                bssBANK0                             3B       3B        5       20       1
                bssCOMMON                            7D       7D        1       70       1
                strings                               3        3       3D        6       0
                idataBANK0                           F8       F8        8      1F0       0

TOTAL           Name                               Link     Load   Length     Space
        CLASS   STACK          

        CLASS   CODE           
                end_init                              0        0        3         0
                cinit                               7E8      7E8       18         0
                text20                              100      100        B         0
                text19                               F3       F3        5         0
                text18                              161      161       26         0
                text17                              36C      36C       4C         0
                text16                              6C5      6C5      123         0
                text15                              1ED      1ED       3D         0
                text14                              22A      22A       3D         0
                text13                              267      267       3D         0
                text12                              1B4      1B4       39         0
                text11                              2A4      2A4       3D         0
                text10                              14A      14A       17         0
                text9                               116      116        C         0
                text8                               187      187       2D         0
                text7                               10B      10B        B         0
                text6                               3B8      3B8       A1         0
                text5                               5A4      5A4      121         0
                text4                               325      325       47         0
                text3                               4FE      4FE       A6         0
                text2                               459      459       A5         0
                text1                               2E1      2E1       44         0
                maintext                            135      135       15         0
                inittext                            122      122       13         0
                idataBANK0                           F8       F8        8         0

        CLASS   STRCODE        

        CLASS   STRING         
                strings                               3        3       3D         0

        CLASS   CONST          

        CLASS   ENTRY          

        CLASS   COMMON         
                cstackCOMMON                         70       70        D         1
                bssCOMMON                            7D       7D        1         1

        CLASS   BANK0          
                cstackBANK0                          20       20       13         1
                dataBANK0                            33       33        8         1
                bssBANK0                             3B       3B        5         1

        CLASS   BANK1          

        CLASS   BANK2          

        CLASS   BANK3          

        CLASS   RAM            

        CLASS   ABS1           
                abs_s1                               7E       7E        2         1

        CLASS   SFR0           

        CLASS   SFR1           

        CLASS   SFR2           

        CLASS   SFR3           

        CLASS   CONFIG         
                config                             2007     2007        1         0

        CLASS   IDLOC          

        CLASS   EEDATA         



SEGMENTS        Name                           Load    Length   Top    Selector   Space  Class     Delta

                reset_vec                      000000  000003  000003         0       0  CODE        2
                strings                        000003  00003D  000040         6       0  STRING      2
                cstackBANK0                    000020  000020  000040        20       1  BANK0       1
                cstackCOMMON                   000070  00000E  00007E        70       1  COMMON      1
                text19                         0000F3  000005  0000F8       1E6       0  CODE        2
                idataBANK0                     0000F8  000008  000100       1F0       0  CODE        2
                text20                         000100  00000B  00010B       200       0  CODE        2
                text7                          00010B  00000B  000116       216       0  CODE        2
                text9                          000116  00000C  000122       22C       0  CODE        2
                inittext                       000122  000013  000135       244       0  CODE        2
                maintext                       000135  000015  00014A       26A       0  CODE        2
                text10                         00014A  000017  000161       294       0  CODE        2
                text18                         000161  000026  000187       2C2       0  CODE        2
                text8                          000187  00002D  0001B4       30E       0  CODE        2
                text12                         0001B4  000039  0001ED       368       0  CODE        2
                text15                         0001ED  00003D  00022A       3DA       0  CODE        2
                text14                         00022A  00003D  000267       454       0  CODE        2
                text13                         000267  00003D  0002A4       4CE       0  CODE        2
                text11                         0002A4  00003D  0002E1       548       0  CODE        2
                text1                          0002E1  000044  000325       5C2       0  CODE        2
                text4                          000325  000047  00036C       64A       0  CODE        2
                text17                         00036C  00004C  0003B8       6D8       0  CODE        2
                text6                          0003B8  0000A1  000459       770       0  CODE        2
                text2                          000459  0000A5  0004FE       8B2       0  CODE        2
                text3                          0004FE  0000A6  0005A4       9FC       0  CODE        2
                text5                          0005A4  000121  0006C5       B48       0  CODE        2
                text16                         0006C5  000123  0007E8       D8A       0  CODE        2
                cinit                          0007E8  000018  000800       FD0       0  CODE        2
                config                         002007  000001  002008      400E       0  CONFIG      2


UNUSED ADDRESS RANGES

        Name                Unused          Largest block    Delta
        BANK0            0040-006F             30           1
        BANK1            00A0-00EF             50           1
        BANK2            0110-016F             60           1
        BANK3            0190-01EF             60           1
        CODE             0040-00F2             B3           2
                         0800-1FFF            800
        CONST            0040-00F2             B3           2
                         0800-1FFF            100
        EEDATA           2100-21FF            100           2
        ENTRY            0040-00F2             B3           2
                         0800-1FFF            100
        IDLOC            2000-2003              4           2
        RAM              0040-006F             30           1
                         00A0-00EF             50
                         0110-016F             60
                         0190-01EF             60
        SFR0             0000-001F             20           1
        SFR1             0080-009F             20           1
        SFR2             0100-010F             10           1
        SFR3             0180-018F             10           1
        STACK            0110-016F             60           1
        STRCODE          0040-00F2             B3           2
                         0800-1FFF           1800
        STRING           0040-00F2             B3           2
                         0800-1FFF            100

                                  Symbol Table

?___aldiv                   cstackCOMMON 0070
Adelante@Vel                cstackCOMMON 0076
Atras@Vel                   cstackCOMMON 0076
Derecha@Vel                 cstackCOMMON 0076
Izquierda@Vel               cstackCOMMON 0076
L298NInit@VelA              cstackCOMMON 0077
L298NInit@VelB              cstackCOMMON 0079
L298NInit@ina               cstackCOMMON 007C
L298NInit@inb               cstackCOMMON 0074
L298NInit@inc               cstackCOMMON 0075
L298NInit@ind               cstackCOMMON 0076
SerialBegin@BaudRate        cstackBANK0  0026
SerialBegin@x               cstackBANK0  002A
SerialPrintLn@dataText      cstackCOMMON 0073
SerialPrintLn@i             cstackCOMMON 0071
SerialWrite@dataWrite       cstackCOMMON 0070
_ACKDT                      (abs)        048D
_ACKEN                      (abs)        048C
_ADCON0                     (abs)        001F
_ADCON0bits                 (abs)        001F
_ADCON1                     (abs)        009F
_ADRESH                     (abs)        001E
_ADRESL                     (abs)        009E
_Adelante                   text15       01ED
_Atras                      text14       022A
_BRGH                       (abs)        04C2
_CCP1CON                    (abs)        0017
_CCP1Configuration          text20       0100
_CCP1X                      (abs)        00BD
_CCP1Y                      (abs)        00BC
_CCP2CON                    (abs)        001D
_CCP2Configuration          text19       00F3
_CCP2X                      (abs)        00ED
_CCP2Y                      (abs)        00EC
_CCPR1L                     (abs)        0015
_CCPR2L                     (abs)        001B
_CREN                       (abs)        00C4
_Derecha                    text13       0267
_Detener                    text12       01B4
_FERR                       (abs)        00C2
_GIE                        (abs)        005F
_InCuatro                   dataBANK0    0035
_InDos                      dataBANK0    0037
_InTres                     dataBANK0    0036
_InUno                      dataBANK0    0038
_Initialization             text18       0161
_Izquierda                  text11       02A4
_L298NInit                  text4        0325
_Led                        dataBANK0    0034
_OERR                       (abs)        00C1
_PEIE                       (abs)        005E
_PEN                        (abs)        048A
_PORTAbits                  (abs)        0005
_PORTBbits                  (abs)        0006
_PORTCbits                  (abs)        0007
_PORTDbits                  (abs)        0008
_PORTE                      (abs)        0009
_PORTEbits                  (abs)        0009
_PR2                        (abs)        0092
_RCEN                       (abs)        048B
_RCIF                       (abs)        0065
_RCREG                      (abs)        001A
_RSEN                       (abs)        0489
_SEN                        (abs)        0488
_SPBRG                      (abs)        0099
_SPEN                       (abs)        00C7
_SSPADD                     (abs)        0093
_SSPBUF                     (abs)        0013
_SSPCON                     (abs)        0014
_SSPCON2                    (abs)        0091
_SSPIE                      (abs)        0463
_SSPIF                      (abs)        0063
_SSPSTAT                    (abs)        0094
_SYNC                       (abs)        04C4
_SerialAvailable            text10       014A
_SerialAvailable$429        cstackCOMMON 0070
_SerialBegin                text2        0459
_SerialPrintLn              text8        0187
_SerialRead                 text7        010B
_SerialWrite                text9        0116
_T2CON                      (abs)        0012
_TRISAbits                  (abs)        0085
_TRISBbits                  (abs)        0086
_TRISC3                     (abs)        043B
_TRISC4                     (abs)        043C
_TRISC6                     (abs)        043E
_TRISC7                     (abs)        043F
_TRISCbits                  (abs)        0087
_TRISDbits                  (abs)        0088
_TRISE                      (abs)        0089
_TRMT                       (abs)        04C1
_TXEN                       (abs)        04C5
_TXIF                       (abs)        0064
_TXREG                      (abs)        0019
_VelocidadA                 dataBANK0    003A
_VelocidadB                 dataBANK0    0039
__CFG_BOREN$OFF             (abs)        0000
__CFG_CP$OFF                (abs)        0000
__CFG_CPD$OFF               (abs)        0000
__CFG_FOSC$HS               (abs)        0000
__CFG_LVP$ON                (abs)        0000
__CFG_PWRTE$OFF             (abs)        0000
__CFG_WDTE$OFF              (abs)        0000
__CFG_WRT$OFF               (abs)        0000
__Habs1                     abs1         0000
__Hbank0                    bank0        0000
__Hbank1                    bank1        0000
__Hbank2                    bank2        0000
__Hbank3                    bank3        0000
__HbssBANK0                 bssBANK0     0000
__HbssCOMMON                bssCOMMON    0000
__Hcinit                    cinit        0800
__Hclrtext                  clrtext      0000
__Hcode                     code         0000
__Hcommon                   common       0000
__Hconfig                   config       2008
__HcstackBANK0              cstackBANK0  0000
__HcstackCOMMON             cstackCOMMON 0000
__HdataBANK0                dataBANK0    0000
__Heeprom_data              eeprom_data  0000
__Hend_init                 end_init     0003
__Hfunctab                  functab      0000
__HidataBANK0               idataBANK0   0000
__Hidloc                    idloc        0000
__Hinit                     init         0000
__Hinittext                 inittext     0000
__Hintentry                 intentry     0000
__Hmaintext                 maintext     0000
__Hpowerup                  powerup      0000
__Hram                      ram          0000
__Hreset_vec                reset_vec    0000
__Hsfr0                     sfr0         0000
__Hsfr1                     sfr1         0000
__Hsfr2                     sfr2         0000
__Hsfr3                     sfr3         0000
__Hspace_0                  (abs)        2008
__Hspace_1                  (abs)        007E
__Hspace_2                  (abs)        0000
__Hspace_3                  (abs)        0000
__Hstack                    stack        0000
__Hstrings                  strings      0000
__Htext                     text         0000
__Labs1                     abs1         0000
__Lbank0                    bank0        0000
__Lbank1                    bank1        0000
__Lbank2                    bank2        0000
__Lbank3                    bank3        0000
__LbssBANK0                 bssBANK0     0000
__LbssCOMMON                bssCOMMON    0000
__Lcinit                    cinit        07E8
__Lclrtext                  clrtext      0000
__Lcode                     code         0000
__Lcommon                   common       0000
__Lconfig                   config       2007
__LcstackBANK0              cstackBANK0  0000
__LcstackCOMMON             cstackCOMMON 0000
__LdataBANK0                dataBANK0    0000
__Leeprom_data              eeprom_data  0000
__Lend_init                 end_init     0000
__Lfunctab                  functab      0000
__LidataBANK0               idataBANK0   0000
__Lidloc                    idloc        0000
__Linit                     init         0000
__Linittext                 inittext     0000
__Lintentry                 intentry     0000
__Lmaintext                 maintext     0000
__Lpowerup                  powerup      0000
__Lram                      ram          0000
__Lreset_vec                reset_vec    0000
__Lsfr0                     sfr0         0000
__Lsfr1                     sfr1         0000
__Lsfr2                     sfr2         0000
__Lsfr3                     sfr3         0000
__Lspace_0                  (abs)        0000
__Lspace_1                  (abs)        0000
__Lspace_2                  (abs)        0000
__Lspace_3                  (abs)        0000
__Lstack                    stack        0000
__Lstrings                  strings      0000
__Ltext                     text         0000
__S0                        (abs)        2008
__S1                        (abs)        007E
__S2                        (abs)        0000
__S3                        (abs)        0000
___aldiv                    text3        04FE
___aldiv@counter            cstackBANK0  0020
___aldiv@dividend           cstackCOMMON 0074
___aldiv@divisor            cstackCOMMON 0070
___aldiv@quotient           cstackBANK0  0022
___aldiv@sign               cstackBANK0  0021
___int_sp                   stack        0000
___latbits                  (abs)        0002
___sp                       stack        0000
__end_of_Adelante           text15       022A
__end_of_Atras              text14       0267
__end_of_CCP1Configuration  text20       010B
__end_of_CCP2Configuration  text19       00F8
__end_of_Derecha            text13       02A4
__end_of_Detener            text12       01ED
__end_of_Initialization     text18       0187
__end_of_Izquierda          text11       02E1
__end_of_L298NInit          text4        036C
__end_of_SerialAvailable    text10       0161
__end_of_SerialBegin        text2        04FE
__end_of_SerialPrintLn      text8        01B4
__end_of_SerialRead         text7        0116
__end_of_SerialWrite        text9        0122
__end_of___aldiv            text3        05A4
__end_of__initialization    cinit        07FC
__end_of__stringtab         strings      0009
__end_of_analogWrite        text17       03B8
__end_of_digitalWrite       text16       07E8
__end_of_loop               text6        0459
__end_of_main               maintext     014A
__end_of_pinMode            text5        06C5
__end_of_setup              text1        0325
__initialization            cinit        07E8
__pbssBANK0                 bssBANK0     003B
__pbssCOMMON                bssCOMMON    007D
__pcstackBANK0              cstackBANK0  0020
__pcstackCOMMON             cstackCOMMON 0070
__pdataBANK0                dataBANK0    0033
__pidataBANK0               idataBANK0   00F8
__pmaintext                 maintext     0135
__pstrings                  strings      0003
__ptext1                    text1        02E1
__ptext10                   text10       014A
__ptext11                   text11       02A4
__ptext12                   text12       01B4
__ptext13                   text13       0267
__ptext14                   text14       022A
__ptext15                   text15       01ED
__ptext16                   text16       06C5
__ptext17                   text17       036C
__ptext18                   text18       0161
__ptext19                   text19       00F3
__ptext2                    text2        0459
__ptext20                   text20       0100
__ptext3                    text3        04FE
__ptext4                    text4        0325
__ptext5                    text5        05A4
__ptext6                    text6        03B8
__ptext7                    text7        010B
__ptext8                    text8        0187
__ptext9                    text9        0116
__size_of_Adelante          (abs)        0000
__size_of_Atras             (abs)        0000
__size_of_CCP1Configuration (abs)        0000
__size_of_CCP2Configuration (abs)        0000
__size_of_Derecha           (abs)        0000
__size_of_Detener           (abs)        0000
__size_of_Initialization    (abs)        0000
__size_of_Izquierda         (abs)        0000
__size_of_L298NInit         (abs)        0000
__size_of_SerialAvailable   (abs)        0000
__size_of_SerialBegin       (abs)        0000
__size_of_SerialPrintLn     (abs)        0000
__size_of_SerialRead        (abs)        0000
__size_of_SerialWrite       (abs)        0000
__size_of___aldiv           (abs)        0000
__size_of_analogWrite       (abs)        0000
__size_of_digitalWrite      (abs)        0000
__size_of_loop              (abs)        0000
__size_of_main              (abs)        0000
__size_of_pinMode           (abs)        0000
__size_of_setup             (abs)        0000
__stringbase                strings      0008
__stringtab                 strings      0003
_analogWrite                text17       036C
_data                       dataBANK0    0033
_digitalWrite               text16       06C5
_in1                        bssCOMMON    007D
_in2                        bssBANK0     003F
_in3                        bssBANK0     003E
_in4                        bssBANK0     003D
_loop                       text6        03B8
_main                       maintext     0135
_pinMode                    text5        05A4
_setup                      text1        02E1
_va                         bssBANK0     003C
_vb                         bssBANK0     003B
analogWrite@MSB             cstackCOMMON 0074
analogWrite@pin             cstackCOMMON 0075
analogWrite@value           cstackCOMMON 0070
btemp                       (abs)        007E
digitalWrite@pin            cstackCOMMON 0073
digitalWrite@value          cstackCOMMON 0070
end_of_initialization       cinit        07FC
init_fetch0                 inittext     0122
init_ram0                   inittext     0126
intlevel0                   functab      0000
intlevel1                   functab      0000
intlevel2                   functab      0000
intlevel3                   functab      0000
intlevel4                   functab      0000
intlevel5                   functab      0000
pinMode@mode                cstackCOMMON 0070
pinMode@pin                 cstackCOMMON 0073
reset_vec                   reset_vec    0000
stackhi                     (abs)        0000
stacklo                     (abs)        0000
start                       init         0000
start_initialization        cinit        07E8
wtemp0                      (abs)        007E


FUNCTION INFORMATION:

 *************** function _main *****************
 Defined at:
		line 7 in file "source.c"
 Parameters:    Size  Location     Type
		None
 Auto vars:     Size  Location     Type
		None
 Return value:  Size  Location     Type
                  2  130[None  ] int 
 Registers used:
		wreg, fsr0l, fsr0h, status,2, status,0, pclath, cstack
 Tracked objects:
		On entry : 
		On exit  : 
		Unchanged: 
 Data sizes:     COMMON   BANK0   BANK1   BANK3   BANK2
      Params:         0       0       0       0       0
      Locals:         0       0       0       0       0
      Temps:          0       0       0       0       0
      Totals:         0       0       0       0       0
Total ram usage:        0 bytes
 Hardware stack levels required when called:    3
 This function calls:
		_Initialization
		_loop
		_setup
 This function is called by:
		Startup code after reset
 This function uses a non-reentrant model


 *************** function _setup *****************
 Defined at:
		line 14 in file "application.c"
 Parameters:    Size  Location     Type
		None
 Auto vars:     Size  Location     Type
		None
 Return value:  Size  Location     Type
                  1    wreg      void 
 Registers used:
		wreg, fsr0l, fsr0h, status,2, status,0, pclath, cstack
 Tracked objects:
		On entry : 
		On exit  : 
		Unchanged: 
 Data sizes:     COMMON   BANK0   BANK1   BANK3   BANK2
      Params:         0       0       0       0       0
      Locals:         0       0       0       0       0
      Temps:          0       7       0       0       0
      Totals:         0       7       0       0       0
Total ram usage:        7 bytes
 Hardware stack levels used:    1
 Hardware stack levels required when called:    2
 This function calls:
		_L298NInit
		_SerialBegin
		_digitalWrite
		_pinMode
 This function is called by:
		_main
 This function uses a non-reentrant model


 *************** function _SerialBegin *****************
 Defined at:
		line 450 in file "source.c"
 Parameters:    Size  Location     Type
  BaudRate        4    6[BANK0 ] const long 
 Auto vars:     Size  Location     Type
  x               2   10[BANK0 ] unsigned int 
 Return value:  Size  Location     Type
                  1    wreg      unsigned char 
 Registers used:
		wreg, status,2, status,0, pclath, cstack
 Tracked objects:
		On entry : 
		On exit  : 
		Unchanged: 
 Data sizes:     COMMON   BANK0   BANK1   BANK3   BANK2
      Params:         0       4       0       0       0
      Locals:         0       2       0       0       0
      Temps:          4       0       0       0       0
      Totals:         4       6       0       0       0
Total ram usage:       10 bytes
 Hardware stack levels used:    1
 Hardware stack levels required when called:    1
 This function calls:
		___aldiv
 This function is called by:
		_setup
 This function uses a non-reentrant model


 *************** function ___aldiv *****************
 Defined at:
		line 5 in file "C:\Program Files (x86)\Microchip\xc8\v2.00\pic\sources\c90\common\aldiv.c"
 Parameters:    Size  Location     Type
  divisor         4    0[COMMON] long 
  dividend        4    4[COMMON] long 
 Auto vars:     Size  Location     Type
  quotient        4    2[BANK0 ] long 
  sign            1    1[BANK0 ] unsigned char 
  counter         1    0[BANK0 ] unsigned char 
 Return value:  Size  Location     Type
                  4    0[COMMON] long 
 Registers used:
		wreg, status,2, status,0
 Tracked objects:
		On entry : 
		On exit  : 
		Unchanged: 
 Data sizes:     COMMON   BANK0   BANK1   BANK3   BANK2
      Params:         8       0       0       0       0
      Locals:         0       6       0       0       0
      Temps:          1       0       0       0       0
      Totals:         9       6       0       0       0
Total ram usage:       15 bytes
 Hardware stack levels used:    1
 This function calls:
		Nothing
 This function is called by:
		_SerialBegin
 This function uses a non-reentrant model


 *************** function _L298NInit *****************
 Defined at:
		line 9 in file "RobotMovimientos.c"
 Parameters:    Size  Location     Type
  ina             1    wreg     unsigned char 
  inb             1    4[COMMON] unsigned char 
  inc             1    5[COMMON] unsigned char 
  ind             1    6[COMMON] unsigned char 
  VelA            2    7[COMMON] int 
  VelB            2    9[COMMON] int 
 Auto vars:     Size  Location     Type
  ina             1   12[COMMON] unsigned char 
 Return value:  Size  Location     Type
                  2    4[COMMON] int 
 Registers used:
		wreg, fsr0l, fsr0h, status,2, status,0, pclath, cstack
 Tracked objects:
		On entry : 
		On exit  : 
		Unchanged: 
 Data sizes:     COMMON   BANK0   BANK1   BANK3   BANK2
      Params:         7       0       0       0       0
      Locals:         1       0       0       0       0
      Temps:          1       0       0       0       0
      Totals:         9       0       0       0       0
Total ram usage:        9 bytes
 Hardware stack levels used:    1
 Hardware stack levels required when called:    1
 This function calls:
		_pinMode
 This function is called by:
		_setup
 This function uses a non-reentrant model


 *************** function _pinMode *****************
 Defined at:
		line 63 in file "source.c"
 Parameters:    Size  Location     Type
  pin             1    wreg     unsigned char 
  mode            1    0[COMMON] unsigned char 
 Auto vars:     Size  Location     Type
  pin             1    3[COMMON] unsigned char 
 Return value:  Size  Location     Type
                  1    wreg      void 
 Registers used:
		wreg, fsr0l, fsr0h, status,2, status,0
 Tracked objects:
		On entry : 
		On exit  : 
		Unchanged: 
 Data sizes:     COMMON   BANK0   BANK1   BANK3   BANK2
      Params:         1       0       0       0       0
      Locals:         1       0       0       0       0
      Temps:          2       0       0       0       0
      Totals:         4       0       0       0       0
Total ram usage:        4 bytes
 Hardware stack levels used:    1
 This function calls:
		Nothing
 This function is called by:
		_setup
		_L298NInit
 This function uses a non-reentrant model


 *************** function _loop *****************
 Defined at:
		line 22 in file "application.c"
 Parameters:    Size  Location     Type
		None
 Auto vars:     Size  Location     Type
		None
 Return value:  Size  Location     Type
                  1    wreg      void 
 Registers used:
		wreg, fsr0l, fsr0h, status,2, status,0, pclath, cstack
 Tracked objects:
		On entry : 
		On exit  : 
		Unchanged: 
 Data sizes:     COMMON   BANK0   BANK1   BANK3   BANK2
      Params:         0       0       0       0       0
      Locals:         0       0       0       0       0
      Temps:          2       0       0       0       0
      Totals:         2       0       0       0       0
Total ram usage:        2 bytes
 Hardware stack levels used:    1
 Hardware stack levels required when called:    2
 This function calls:
		_Adelante
		_Atras
		_Derecha
		_Detener
		_Izquierda
		_SerialAvailable
		_SerialPrintLn
		_SerialRead
		_digitalWrite
 This function is called by:
		_main
 This function uses a non-reentrant model


 *************** function _SerialRead *****************
 Defined at:
		line 546 in file "source.c"
 Parameters:    Size  Location     Type
		None
 Auto vars:     Size  Location     Type
		None
 Return value:  Size  Location     Type
                  1    wreg      unsigned char 
 Registers used:
		wreg
 Tracked objects:
		On entry : 
		On exit  : 
		Unchanged: 
 Data sizes:     COMMON   BANK0   BANK1   BANK3   BANK2
      Params:         0       0       0       0       0
      Locals:         0       0       0       0       0
      Temps:          0       0       0       0       0
      Totals:         0       0       0       0       0
Total ram usage:        0 bytes
 Hardware stack levels used:    1
 This function calls:
		Nothing
 This function is called by:
		_loop
		_SerialReadText
 This function uses a non-reentrant model


 *************** function _SerialPrintLn *****************
 Defined at:
		line 532 in file "source.c"
 Parameters:    Size  Location     Type
  dataText        1    wreg     PTR unsigned char 
		 -> STR_7(7), STR_6(7), STR_5(8), STR_4(8), 
		 -> STR_3(10), STR_2(6), STR_1(9), 
 Auto vars:     Size  Location     Type
  dataText        1    3[COMMON] PTR unsigned char 
		 -> STR_7(7), STR_6(7), STR_5(8), STR_4(8), 
		 -> STR_3(10), STR_2(6), STR_1(9), 
  i               2    1[COMMON] unsigned int 
 Return value:  Size  Location     Type
                  1    wreg      void 
 Registers used:
		wreg, fsr0l, fsr0h, status,2, status,0, pclath, cstack
 Tracked objects:
		On entry : 
		On exit  : 
		Unchanged: 
 Data sizes:     COMMON   BANK0   BANK1   BANK3   BANK2
      Params:         0       0       0       0       0
      Locals:         3       0       0       0       0
      Temps:          0       0       0       0       0
      Totals:         3       0       0       0       0
Total ram usage:        3 bytes
 Hardware stack levels used:    1
 Hardware stack levels required when called:    1
 This function calls:
		_SerialWrite
 This function is called by:
		_loop
 This function uses a non-reentrant model


 *************** function _SerialWrite *****************
 Defined at:
		line 511 in file "source.c"
 Parameters:    Size  Location     Type
  dataWrite       1    wreg     unsigned char 
 Auto vars:     Size  Location     Type
  dataWrite       1    0[COMMON] unsigned char 
 Return value:  Size  Location     Type
                  1    wreg      void 
 Registers used:
		wreg
 Tracked objects:
		On entry : 
		On exit  : 
		Unchanged: 
 Data sizes:     COMMON   BANK0   BANK1   BANK3   BANK2
      Params:         0       0       0       0       0
      Locals:         1       0       0       0       0
      Temps:          0       0       0       0       0
      Totals:         1       0       0       0       0
Total ram usage:        1 bytes
 Hardware stack levels used:    1
 This function calls:
		Nothing
 This function is called by:
		_SerialPrintLn
		_SerialWriteText
		_SerialPrint
 This function uses a non-reentrant model


 *************** function _SerialAvailable *****************
 Defined at:
		line 541 in file "source.c"
 Parameters:    Size  Location     Type
		None
 Auto vars:     Size  Location     Type
		None
 Return value:  Size  Location     Type
                  1    wreg      unsigned char 
 Registers used:
		status,2
 Tracked objects:
		On entry : 
		On exit  : 
		Unchanged: 
 Data sizes:     COMMON   BANK0   BANK1   BANK3   BANK2
      Params:         0       0       0       0       0
      Locals:         1       0       0       0       0
      Temps:          0       0       0       0       0
      Totals:         1       0       0       0       0
Total ram usage:        1 bytes
 Hardware stack levels used:    1
 This function calls:
		Nothing
 This function is called by:
		_loop
 This function uses a non-reentrant model


 *************** function _Izquierda *****************
 Defined at:
		line 46 in file "RobotMovimientos.c"
 Parameters:    Size  Location     Type
  Vel             2    6[COMMON] unsigned int 
 Auto vars:     Size  Location     Type
		None
 Return value:  Size  Location     Type
                  1    wreg      void 
 Registers used:
		wreg, fsr0l, fsr0h, status,2, status,0, pclath, cstack
 Tracked objects:
		On entry : 
		On exit  : 
		Unchanged: 
 Data sizes:     COMMON   BANK0   BANK1   BANK3   BANK2
      Params:         2       0       0       0       0
      Locals:         0       0       0       0       0
      Temps:          0       0       0       0       0
      Totals:         2       0       0       0       0
Total ram usage:        2 bytes
 Hardware stack levels used:    1
 Hardware stack levels required when called:    1
 This function calls:
		_analogWrite
		_digitalWrite
 This function is called by:
		_loop
 This function uses a non-reentrant model


 *************** function _Detener *****************
 Defined at:
		line 66 in file "RobotMovimientos.c"
 Parameters:    Size  Location     Type
		None
 Auto vars:     Size  Location     Type
		None
 Return value:  Size  Location     Type
                  1    wreg      void 
 Registers used:
		wreg, fsr0l, fsr0h, status,2, status,0, pclath, cstack
 Tracked objects:
		On entry : 
		On exit  : 
		Unchanged: 
 Data sizes:     COMMON   BANK0   BANK1   BANK3   BANK2
      Params:         0       0       0       0       0
      Locals:         0       0       0       0       0
      Temps:          0       0       0       0       0
      Totals:         0       0       0       0       0
Total ram usage:        0 bytes
 Hardware stack levels used:    1
 Hardware stack levels required when called:    1
 This function calls:
		_analogWrite
		_digitalWrite
 This function is called by:
		_loop
 This function uses a non-reentrant model


 *************** function _Derecha *****************
 Defined at:
		line 56 in file "RobotMovimientos.c"
 Parameters:    Size  Location     Type
  Vel             2    6[COMMON] unsigned int 
 Auto vars:     Size  Location     Type
		None
 Return value:  Size  Location     Type
                  1    wreg      void 
 Registers used:
		wreg, fsr0l, fsr0h, status,2, status,0, pclath, cstack
 Tracked objects:
		On entry : 
		On exit  : 
		Unchanged: 
 Data sizes:     COMMON   BANK0   BANK1   BANK3   BANK2
      Params:         2       0       0       0       0
      Locals:         0       0       0       0       0
      Temps:          0       0       0       0       0
      Totals:         2       0       0       0       0
Total ram usage:        2 bytes
 Hardware stack levels used:    1
 Hardware stack levels required when called:    1
 This function calls:
		_analogWrite
		_digitalWrite
 This function is called by:
		_loop
 This function uses a non-reentrant model


 *************** function _Atras *****************
 Defined at:
		line 36 in file "RobotMovimientos.c"
 Parameters:    Size  Location     Type
  Vel             2    6[COMMON] unsigned int 
 Auto vars:     Size  Location     Type
		None
 Return value:  Size  Location     Type
                  1    wreg      void 
 Registers used:
		wreg, fsr0l, fsr0h, status,2, status,0, pclath, cstack
 Tracked objects:
		On entry : 
		On exit  : 
		Unchanged: 
 Data sizes:     COMMON   BANK0   BANK1   BANK3   BANK2
      Params:         2       0       0       0       0
      Locals:         0       0       0       0       0
      Temps:          0       0       0       0       0
      Totals:         2       0       0       0       0
Total ram usage:        2 bytes
 Hardware stack levels used:    1
 Hardware stack levels required when called:    1
 This function calls:
		_analogWrite
		_digitalWrite
 This function is called by:
		_loop
 This function uses a non-reentrant model


 *************** function _Adelante *****************
 Defined at:
		line 25 in file "RobotMovimientos.c"
 Parameters:    Size  Location     Type
  Vel             2    6[COMMON] unsigned int 
 Auto vars:     Size  Location     Type
		None
 Return value:  Size  Location     Type
                  1    wreg      void 
 Registers used:
		wreg, fsr0l, fsr0h, status,2, status,0, pclath, cstack
 Tracked objects:
		On entry : 
		On exit  : 
		Unchanged: 
 Data sizes:     COMMON   BANK0   BANK1   BANK3   BANK2
      Params:         2       0       0       0       0
      Locals:         0       0       0       0       0
      Temps:          0       0       0       0       0
      Totals:         2       0       0       0       0
Total ram usage:        2 bytes
 Hardware stack levels used:    1
 Hardware stack levels required when called:    1
 This function calls:
		_analogWrite
		_digitalWrite
 This function is called by:
		_loop
 This function uses a non-reentrant model


 *************** function _digitalWrite *****************
 Defined at:
		line 169 in file "source.c"
 Parameters:    Size  Location     Type
  pin             1    wreg     unsigned char 
  value           1    0[COMMON] unsigned char 
 Auto vars:     Size  Location     Type
  pin             1    3[COMMON] unsigned char 
 Return value:  Size  Location     Type
                  1    wreg      void 
 Registers used:
		wreg, fsr0l, fsr0h, status,2, status,0
 Tracked objects:
		On entry : 
		On exit  : 
		Unchanged: 
 Data sizes:     COMMON   BANK0   BANK1   BANK3   BANK2
      Params:         1       0       0       0       0
      Locals:         1       0       0       0       0
      Temps:          2       0       0       0       0
      Totals:         4       0       0       0       0
Total ram usage:        4 bytes
 Hardware stack levels used:    1
 This function calls:
		Nothing
 This function is called by:
		_setup
		_loop
		_Adelante
		_Atras
		_Izquierda
		_Derecha
		_Detener
 This function uses a non-reentrant model


 *************** function _analogWrite *****************
 Defined at:
		line 410 in file "source.c"
 Parameters:    Size  Location     Type
  pin             1    wreg     unsigned char 
  value           2    0[COMMON] unsigned int 
 Auto vars:     Size  Location     Type
  pin             1    5[COMMON] unsigned char 
  MSB             1    4[COMMON] unsigned char 
 Return value:  Size  Location     Type
                  1    wreg      unsigned char 
 Registers used:
		wreg, fsr0l, fsr0h, status,2, status,0
 Tracked objects:
		On entry : 
		On exit  : 
		Unchanged: 
 Data sizes:     COMMON   BANK0   BANK1   BANK3   BANK2
      Params:         2       0       0       0       0
      Locals:         2       0       0       0       0
      Temps:          2       0       0       0       0
      Totals:         6       0       0       0       0
Total ram usage:        6 bytes
 Hardware stack levels used:    1
 This function calls:
		Nothing
 This function is called by:
		_Adelante
		_Atras
		_Izquierda
		_Derecha
		_Detener
 This function uses a non-reentrant model


 *************** function _Initialization *****************
 Defined at:
		line 18 in file "source.c"
 Parameters:    Size  Location     Type
		None
 Auto vars:     Size  Location     Type
		None
 Return value:  Size  Location     Type
                  1    wreg      void 
 Registers used:
		wreg, status,2, status,0, pclath, cstack
 Tracked objects:
		On entry : 
		On exit  : 
		Unchanged: 
 Data sizes:     COMMON   BANK0   BANK1   BANK3   BANK2
      Params:         0       0       0       0       0
      Locals:         0       0       0       0       0
      Temps:          0       0       0       0       0
      Totals:         0       0       0       0       0
Total ram usage:        0 bytes
 Hardware stack levels used:    1
 Hardware stack levels required when called:    1
 This function calls:
		_CCP1Configuration
		_CCP2Configuration
 This function is called by:
		_main
 This function uses a non-reentrant model


 *************** function _CCP2Configuration *****************
 Defined at:
		line 55 in file "source.c"
 Parameters:    Size  Location     Type
		None
 Auto vars:     Size  Location     Type
		None
 Return value:  Size  Location     Type
                  1    wreg      void 
 Registers used:
		wreg
 Tracked objects:
		On entry : 
		On exit  : 
		Unchanged: 
 Data sizes:     COMMON   BANK0   BANK1   BANK3   BANK2
      Params:         0       0       0       0       0
      Locals:         0       0       0       0       0
      Temps:          0       0       0       0       0
      Totals:         0       0       0       0       0
Total ram usage:        0 bytes
 Hardware stack levels used:    1
 This function calls:
		Nothing
 This function is called by:
		_Initialization
 This function uses a non-reentrant model


 *************** function _CCP1Configuration *****************
 Defined at:
		line 44 in file "source.c"
 Parameters:    Size  Location     Type
		None
 Auto vars:     Size  Location     Type
		None
 Return value:  Size  Location     Type
                  1    wreg      void 
 Registers used:
		wreg
 Tracked objects:
		On entry : 
		On exit  : 
		Unchanged: 
 Data sizes:     COMMON   BANK0   BANK1   BANK3   BANK2
      Params:         0       0       0       0       0
      Locals:         0       0       0       0       0
      Temps:          0       0       0       0       0
      Totals:         0       0       0       0       0
Total ram usage:        0 bytes
 Hardware stack levels used:    1
 This function calls:
		Nothing
 This function is called by:
		_Initialization
 This function uses a non-reentrant model



MODULE INFORMATION

Module		Function		Class		Link	Load	Size
source.c
		_SerialPrintLn 		CODE           	0187	0000	46
		_SerialAvailable		CODE           	014A	0000	24
		_main          		CODE           	0135	0000	22
		_SerialRead    		CODE           	010B	0000	12
		_SerialBegin   		CODE           	0459	0000	166
		_analogWrite   		CODE           	036C	0000	77
		_digitalWrite  		CODE           	06C5	0000	292
		_CCP1Configuration		CODE           	0100	0000	12
		_CCP2Configuration		CODE           	00F3	0000	6
		_Initialization		CODE           	0161	0000	39
		_SerialWrite   		CODE           	0116	0000	13
		_pinMode       		CODE           	05A4	0000	290

source.c estimated size: 999

shared
		__stringtab    		STRING         	0003	0000	7
		__initialization		CODE           	07E8	0000	21

shared estimated size: 28

C:\Program Files (x86)\Microchip\xc8\v2.00\pic\sources\c90\common\aldiv.c
		___aldiv       		CODE           	04FE	0000	167

C:\Program Files (x86)\Microchip\xc8\v2.00\pic\sources\c90\common\aldiv.c estimated size: 167

application.c
		_loop          		CODE           	03B8	0000	162
		_setup         		CODE           	02E1	0000	69

application.c estimated size: 231

RobotMovimientos.c
		_Derecha       		CODE           	0267	0000	62
		_Atras         		CODE           	022A	0000	62
		_L298NInit     		CODE           	0325	0000	72
		_Izquierda     		CODE           	02A4	0000	62
		_Detener       		CODE           	01B4	0000	58
		_Adelante      		CODE           	01ED	0000	62

RobotMovimientos.c estimated size: 378

